{
	"nvbandwidth" : 
	{
		"CUDA Driver API Version" : 13030,
		"CUDA Runtime Version" : 13000,
		"Driver Version" : "610.57.04",
		"GPU Device list" : 
		[
			"0: NVIDIA B300 SXM6 AC (00000000:1a:00): (dell)",
			"1: NVIDIA B300 SXM6 AC (00000000:69:00): (dell)",
			"2: NVIDIA B300 SXM6 AC (00000000:db:00): (dell)",
			"3: NVIDIA B300 SXM6 AC (00000001:1a:00): (dell)",
			"4: NVIDIA B300 SXM6 AC (00000001:69:00): (dell)",
			"5: NVIDIA B300 SXM6 AC (00000001:b5:00): (dell)",
			"6: NVIDIA B300 SXM6 AC (00000001:db:00): (dell)"
		],
		"Version Major" : 0,
		"Version Minor" : 10,
		"Version Patch" : 0,
		"bounceBufferConfComputeEnabled" : false,
		"git_version" : "",
		"testcases" : 
		[
			{
				"average" : 55.571358098857147,
				"bandwidth_description" : "memcpy CE CPU(row) -> GPU(column) bandwidth (GB/s)",
				"bandwidth_matrix" : 
				[
					[
						"55.5799",
						"55.5749",
						"55.5803",
						"55.5641",
						"55.5598",
						"55.5731",
						"55.5674"
					]
				],
				"max" : 55.580294998000007,
				"min" : 55.559803838000001,
				"name" : "host_to_device_memcpy_ce",
				"status" : "Passed",
				"sum" : 388.99950669200001
			},
			{
				"average" : 58.135494884142858,
				"bandwidth_description" : "memcpy CE CPU(row) <- GPU(column) bandwidth (GB/s)",
				"bandwidth_matrix" : 
				[
					[
						"58.1395",
						"58.1371",
						"58.1399",
						"58.1348",
						"58.1296",
						"58.132",
						"58.1356"
					]
				],
				"max" : 58.139879198000003,
				"min" : 58.129649676000007,
				"name" : "device_to_host_memcpy_ce",
				"status" : "Passed",
				"sum" : 406.94846418899999
			},
			{
				"average" : 51.97231660242857,
				"bandwidth_description" : "memcpy CE CPU(row) <-> GPU(column) bandwidth (GB/s)",
				"bandwidth_matrix" : 
				[
					[
						"52.0359",
						"51.6999",
						"52.1658",
						"52.1019",
						"52.1905",
						"51.8559",
						"51.7563"
					]
				],
				"max" : 52.190527814000006,
				"min" : 51.699877171000004,
				"name" : "host_to_device_bidirectional_memcpy_ce",
				"status" : "Passed",
				"sum" : 363.80621621699999
			},
			{
				"average" : 49.188684495428575,
				"bandwidth_description" : "memcpy CE CPU(row) <-> GPU(column) bandwidth (GB/s)",
				"bandwidth_matrix" : 
				[
					[
						"48.8809",
						"49.1148",
						"49.4365",
						"49.3521",
						"49.4649",
						"48.8292",
						"49.2424"
					]
				],
				"max" : 49.464948674000006,
				"min" : 48.829196512000003,
				"name" : "device_to_host_bidirectional_memcpy_ce",
				"status" : "Passed",
				"sum" : 344.32079146800004
			},
			{
				"average" : 765.06410923323836,
				"bandwidth_description" : "memcpy CE GPU(row) -> GPU(column) bandwidth (GB/s)",
				"bandwidth_matrix" : 
				[
					[
						"N/A",
						"764.91",
						"766.548",
						"764.161",
						"764.093",
						"765.864",
						"764.91"
					],
					[
						"765.387",
						"N/A",
						"764.841",
						"764.978",
						"766.069",
						"764.773",
						"764.161"
					],
					[
						"765.728",
						"765.523",
						"N/A",
						"764.978",
						"764.978",
						"764.161",
						"764.161"
					],
					[
						"765.114",
						"765.114",
						"765.114",
						"N/A",
						"765.046",
						"764.433",
						"766.001"
					],
					[
						"764.91",
						"764.91",
						"766.001",
						"764.501",
						"N/A",
						"764.705",
						"765.114"
					],
					[
						"765.796",
						"765.864",
						"764.91",
						"765.182",
						"765.318",
						"N/A",
						"764.365"
					],
					[
						"764.91",
						"764.773",
						"765.114",
						"765.523",
						"764.705",
						"765.046",
						"N/A"
					]
				],
				"max" : 766.54779510900005,
				"min" : 764.09309660200006,
				"name" : "device_to_device_memcpy_read_ce",
				"status" : "Passed",
				"sum" : 32132.692587796013
			},
			{
				"average" : 774.32474766714301,
				"bandwidth_description" : "memcpy CE GPU(row) <- GPU(column) bandwidth (GB/s)",
				"bandwidth_matrix" : 
				[
					[
						"N/A",
						"774.287",
						"774.356",
						"774.426",
						"774.426",
						"774.356",
						"774.287"
					],
					[
						"774.426",
						"N/A",
						"774.496",
						"774.356",
						"774.426",
						"774.287",
						"774.426"
					],
					[
						"774.287",
						"774.356",
						"N/A",
						"774.356",
						"774.426",
						"774.287",
						"774.217"
					],
					[
						"774.287",
						"774.356",
						"774.217",
						"N/A",
						"774.356",
						"774.287",
						"774.356"
					],
					[
						"774.287",
						"774.217",
						"774.426",
						"774.426",
						"N/A",
						"774.356",
						"774.426"
					],
					[
						"774.217",
						"774.077",
						"774.287",
						"774.077",
						"774.217",
						"N/A",
						"774.217"
					],
					[
						"774.426",
						"774.287",
						"774.356",
						"774.287",
						"774.426",
						"774.287",
						"N/A"
					]
				],
				"max" : 774.49595095100005,
				"min" : 774.07719131200008,
				"name" : "device_to_device_memcpy_write_ce",
				"status" : "Passed",
				"sum" : 32521.639402020006
			},
			{
				"average" : 1520.1928413728567,
				"bandwidth_description" : "memcpy CE GPU(row) <-> GPU(column) Total bandwidth (GB/s)",
				"bandwidth_matrix" : 
				[
					[
						"N/A",
						"760.575",
						"761.519",
						"760.238",
						"759.231",
						"760.979",
						"759.835"
					],
					[
						"760.575",
						"N/A",
						"760.642",
						"760.171",
						"761.114",
						"760.238",
						"759.902"
					],
					[
						"761.519",
						"760.642",
						"N/A",
						"760.171",
						"760.912",
						"760.171",
						"759.969"
					],
					[
						"760.238",
						"760.171",
						"760.171",
						"N/A",
						"760.845",
						"760.373",
						"761.114"
					],
					[
						"759.231",
						"761.114",
						"760.912",
						"760.845",
						"N/A",
						"759.969",
						"760.575"
					],
					[
						"760.979",
						"760.238",
						"760.171",
						"760.373",
						"759.969",
						"N/A",
						"760.037"
					],
					[
						"759.835",
						"759.902",
						"759.969",
						"761.114",
						"760.575",
						"760.037",
						"N/A"
					],
					[
						"N/A",
						"760.508",
						"760.979",
						"759.432",
						"759.432",
						"760.238",
						"759.298"
					],
					[
						"760.508",
						"N/A",
						"760.508",
						"759.432",
						"759.298",
						"759.499",
						"759.432"
					],
					[
						"760.979",
						"760.508",
						"N/A",
						"759.566",
						"760.575",
						"759.566",
						"759.499"
					],
					[
						"759.432",
						"759.432",
						"759.566",
						"N/A",
						"759.163",
						"760.104",
						"760.104"
					],
					[
						"759.432",
						"759.298",
						"760.575",
						"759.163",
						"N/A",
						"760.171",
						"759.163"
					],
					[
						"760.238",
						"759.499",
						"759.566",
						"760.104",
						"760.171",
						"N/A",
						"759.499"
					],
					[
						"759.298",
						"759.432",
						"759.499",
						"760.104",
						"759.163",
						"759.499",
						"N/A"
					],
					[
						"N/A",
						"1521.08",
						"1522.5",
						"1519.67",
						"1518.66",
						"1521.22",
						"1519.13"
					],
					[
						"1521.08",
						"N/A",
						"1521.15",
						"1519.6",
						"1520.41",
						"1519.74",
						"1519.33"
					],
					[
						"1522.5",
						"1521.15",
						"N/A",
						"1519.74",
						"1521.49",
						"1519.74",
						"1519.47"
					],
					[
						"1519.67",
						"1519.6",
						"1519.74",
						"N/A",
						"1520.01",
						"1520.48",
						"1521.22"
					],
					[
						"1518.66",
						"1520.41",
						"1521.49",
						"1520.01",
						"N/A",
						"1520.14",
						"1519.74"
					],
					[
						"1521.22",
						"1519.74",
						"1519.74",
						"1520.48",
						"1520.14",
						"N/A",
						"1519.54"
					],
					[
						"1519.13",
						"1519.33",
						"1519.47",
						"1521.22",
						"1519.74",
						"1519.54",
						"N/A"
					]
				],
				"max" : 1522.4983465790001,
				"min" : 1518.6624960040001,
				"name" : "device_to_device_bidirectional_memcpy_read_ce",
				"status" : "Passed",
				"sum" : 63848.09933765998
			},
			{
				"average" : 1539.6185625799526,
				"bandwidth_description" : "memcpy CE GPU(row) <-> GPU(column) Total bandwidth (GB/s)",
				"bandwidth_matrix" : 
				[
					[
						"N/A",
						"770.26",
						"770.329",
						"769.845",
						"769.983",
						"769.707",
						"769.776"
					],
					[
						"770.26",
						"N/A",
						"770.398",
						"769.776",
						"769.914",
						"769.914",
						"769.845"
					],
					[
						"770.329",
						"770.398",
						"N/A",
						"769.845",
						"769.914",
						"769.845",
						"769.914"
					],
					[
						"769.845",
						"769.776",
						"769.845",
						"N/A",
						"769.983",
						"769.776",
						"769.845"
					],
					[
						"769.983",
						"769.914",
						"769.914",
						"769.983",
						"N/A",
						"769.638",
						"769.914"
					],
					[
						"769.707",
						"769.914",
						"769.845",
						"769.776",
						"769.638",
						"N/A",
						"769.914"
					],
					[
						"769.776",
						"769.845",
						"769.914",
						"769.845",
						"769.914",
						"769.914",
						"N/A"
					],
					[
						"N/A",
						"769.914",
						"769.707",
						"769.914",
						"769.776",
						"769.638",
						"769.845"
					],
					[
						"769.914",
						"N/A",
						"769.914",
						"769.707",
						"769.776",
						"769.569",
						"769.707"
					],
					[
						"769.707",
						"769.914",
						"N/A",
						"769.776",
						"769.845",
						"769.569",
						"769.638"
					],
					[
						"769.914",
						"769.707",
						"769.776",
						"N/A",
						"769.569",
						"769.501",
						"769.845"
					],
					[
						"769.776",
						"769.776",
						"769.845",
						"769.569",
						"N/A",
						"769.501",
						"769.569"
					],
					[
						"769.638",
						"769.569",
						"769.569",
						"769.501",
						"769.501",
						"N/A",
						"769.363"
					],
					[
						"769.845",
						"769.707",
						"769.638",
						"769.845",
						"769.569",
						"769.363",
						"N/A"
					],
					[
						"N/A",
						"1540.17",
						"1540.04",
						"1539.76",
						"1539.76",
						"1539.35",
						"1539.62"
					],
					[
						"1540.17",
						"N/A",
						"1540.31",
						"1539.48",
						"1539.69",
						"1539.48",
						"1539.55"
					],
					[
						"1540.04",
						"1540.31",
						"N/A",
						"1539.62",
						"1539.76",
						"1539.41",
						"1539.55"
					],
					[
						"1539.76",
						"1539.48",
						"1539.62",
						"N/A",
						"1539.55",
						"1539.28",
						"1539.69"
					],
					[
						"1539.76",
						"1539.69",
						"1539.76",
						"1539.55",
						"N/A",
						"1539.14",
						"1539.48"
					],
					[
						"1539.35",
						"1539.48",
						"1539.41",
						"1539.28",
						"1539.14",
						"N/A",
						"1539.28"
					],
					[
						"1539.62",
						"1539.55",
						"1539.55",
						"1539.69",
						"1539.48",
						"1539.28",
						"N/A"
					]
				],
				"max" : 1540.3120881990001,
				"min" : 1539.1389824300002,
				"name" : "device_to_device_bidirectional_memcpy_write_ce",
				"status" : "Passed",
				"sum" : 64663.979628358007
			},
			{
				"average" : 45.64132468785715,
				"bandwidth_description" : "memcpy CE CPU(row) <- GPU(column) bandwidth (GB/s)",
				"bandwidth_matrix" : 
				[
					[
						"53.8618",
						"49.5351",
						"49.4738",
						"40.8228",
						"42.8007",
						"41.2696",
						"41.7254"
					]
				],
				"max" : 53.861805431000001,
				"min" : 40.822804828000002,
				"name" : "all_to_host_memcpy_ce",
				"status" : "Passed",
				"sum" : 319.48927281500005
			},
			{
				"average" : 29.940513460142856,
				"bandwidth_description" : "memcpy CE CPU(row) <-> GPU(column) bandwidth (GB/s)",
				"bandwidth_matrix" : 
				[
					[
						"34.7733",
						"34.761",
						"34.8483",
						"26.1819",
						"26.2427",
						"26.3874",
						"26.3891"
					]
				],
				"max" : 34.848311698000003,
				"min" : 26.181880391,
				"name" : "all_to_host_bidirectional_memcpy_ce",
				"status" : "Passed",
				"sum" : 209.583594221
			},
			{
				"average" : 55.430119452857134,
				"bandwidth_description" : "memcpy CE CPU(row) -> GPU(column) bandwidth (GB/s)",
				"bandwidth_matrix" : 
				[
					[
						"55.5699",
						"55.5792",
						"55.5843",
						"55.3382",
						"55.3037",
						"55.3579",
						"55.2777"
					]
				],
				"max" : 55.584251172000002,
				"min" : 55.277707225,
				"name" : "host_to_all_memcpy_ce",
				"status" : "Passed",
				"sum" : 388.01083616999995
			},
			{
				"average" : 31.164339215857144,
				"bandwidth_description" : "memcpy CE CPU(row) <-> GPU(column) bandwidth (GB/s)",
				"bandwidth_matrix" : 
				[
					[
						"36.362",
						"36.4461",
						"36.4727",
						"27.1857",
						"27.215",
						"27.1995",
						"27.2695"
					]
				],
				"max" : 36.472673276000002,
				"min" : 27.185660141000003,
				"name" : "host_to_all_bidirectional_memcpy_ce",
				"status" : "Passed",
				"sum" : 218.150374511
			},
			{
				"average" : 795.50487640726465,
				"bandwidth_description" : "memcpy CE GPU(row) <- GPU(column) bandwidth (GB/s)",
				"bandwidth_matrix" : 
				[
					[
						"795.369",
						"795.228",
						"794.982",
						"795.488",
						"795.591",
						"795.907",
						"795.969"
					]
				],
				"max" : 795.96921001466183,
				"min" : 794.98192373964503,
				"name" : "all_to_one_write_ce",
				"status" : "Passed",
				"sum" : 5568.5341348508528
			},
			{
				"average" : 704.7770537540971,
				"bandwidth_description" : "memcpy CE GPU(row) -> GPU(column) bandwidth (GB/s)",
				"bandwidth_matrix" : 
				[
					[
						"696.788",
						"703.116",
						"703.377",
						"716.012",
						"702.626",
						"695.509",
						"716.011"
					]
				],
				"max" : 716.01179479454106,
				"min" : 695.50941029393391,
				"name" : "all_to_one_read_ce",
				"status" : "Passed",
				"sum" : 4933.4393762786794
			},
			{
				"average" : 774.26059276571675,
				"bandwidth_description" : "memcpy CE GPU(row) -> GPU(column) bandwidth (GB/s)",
				"bandwidth_matrix" : 
				[
					[
						"774.297",
						"774.325",
						"774.419",
						"774.195",
						"774.297",
						"774.073",
						"774.219"
					]
				],
				"max" : 774.41944514216016,
				"min" : 774.07257049037946,
				"name" : "one_to_all_write_ce",
				"status" : "Passed",
				"sum" : 5419.8241493600171
			},
			{
				"average" : 795.48896809469807,
				"bandwidth_description" : "memcpy CE GPU(row) <- GPU(column) bandwidth (GB/s)",
				"bandwidth_matrix" : 
				[
					[
						"795.334",
						"795.22",
						"795",
						"795.531",
						"795.645",
						"795.895",
						"795.797"
					]
				],
				"max" : 795.89531291395383,
				"min" : 794.99960588424324,
				"name" : "one_to_all_read_ce",
				"status" : "Passed",
				"sum" : 5568.4227766628865
			},
			{
				"average" : 51.67888620557143,
				"bandwidth_description" : "memcpy SM CPU(row) -> GPU(column) bandwidth (GB/s)",
				"bandwidth_matrix" : 
				[
					[
						"51.6951",
						"51.6683",
						"51.6901",
						"51.6696",
						"51.664",
						"51.6724",
						"51.6926"
					]
				],
				"max" : 51.695129970000004,
				"min" : 51.663981007000004,
				"name" : "host_to_device_memcpy_sm",
				"status" : "Passed",
				"sum" : 361.75220343900003
			},
			{
				"average" : 52.740469683000015,
				"bandwidth_description" : "memcpy SM CPU(row) <- GPU(column) bandwidth (GB/s)",
				"bandwidth_matrix" : 
				[
					[
						"52.7299",
						"52.7277",
						"52.7452",
						"52.7306",
						"52.7407",
						"52.7702",
						"52.739"
					]
				],
				"max" : 52.770189633000001,
				"min" : 52.727678303000005,
				"name" : "device_to_host_memcpy_sm",
				"status" : "Passed",
				"sum" : 369.1832877810001
			},
			{
				"average" : 40.773424684428569,
				"bandwidth_description" : "memcpy SM CPU(row) <-> GPU(column) bandwidth (GB/s)",
				"bandwidth_matrix" : 
				[
					[
						"40.8159",
						"40.7186",
						"40.8891",
						"40.8334",
						"40.5968",
						"40.6588",
						"40.9012"
					]
				],
				"max" : 40.901226682000001,
				"min" : 40.596797180999999,
				"name" : "host_to_device_bidirectional_memcpy_sm",
				"status" : "Passed",
				"sum" : 285.41397279099999
			},
			{
				"average" : 40.741016246285717,
				"bandwidth_description" : "memcpy SM CPU(row) <-> GPU(column) bandwidth (GB/s)",
				"bandwidth_matrix" : 
				[
					[
						"40.8272",
						"40.6168",
						"40.7655",
						"40.6924",
						"40.7543",
						"40.7767",
						"40.7543"
					]
				],
				"max" : 40.827219167999999,
				"min" : 40.616797498000004,
				"name" : "device_to_host_bidirectional_memcpy_sm",
				"status" : "Passed",
				"sum" : 285.18711372400003
			},
			{
				"average" : 781.90363797199996,
				"bandwidth_description" : "memcpy SM GPU(row) -> GPU(column) bandwidth (GB/s)",
				"bandwidth_matrix" : 
				[
					[
						"N/A",
						"784.681",
						"781.462",
						"782.104",
						"782.247",
						"782.532",
						"781.961"
					],
					[
						"781.462",
						"N/A",
						"781.462",
						"781.462",
						"781.32",
						"782.389",
						"781.747"
					],
					[
						"781.462",
						"784.824",
						"N/A",
						"780.893",
						"781.676",
						"780.751",
						"782.532"
					],
					[
						"781.462",
						"783.39",
						"781.89",
						"N/A",
						"782.389",
						"783.39",
						"781.819"
					],
					[
						"779.899",
						"783.677",
						"780.751",
						"781.462",
						"N/A",
						"779.19",
						"780.751"
					],
					[
						"780.609",
						"783.82",
						"782.532",
						"781.178",
						"781.178",
						"N/A",
						"780.609"
					],
					[
						"781.035",
						"783.82",
						"782.247",
						"781.89",
						"782.532",
						"781.462",
						"N/A"
					]
				],
				"max" : 784.82434343200009,
				"min" : 779.1899265720001,
				"name" : "device_to_device_memcpy_read_sm",
				"status" : "Passed",
				"sum" : 32839.952794823999
			},
			{
				"average" : 717.12672060719035,
				"bandwidth_description" : "memcpy SM GPU(row) <- GPU(column) bandwidth (GB/s)",
				"bandwidth_matrix" : 
				[
					[
						"N/A",
						"717.267",
						"717.147",
						"717.147",
						"717.267",
						"717.147",
						"717.147"
					],
					[
						"717.147",
						"N/A",
						"717.147",
						"717.267",
						"717.207",
						"717.327",
						"717.147"
					],
					[
						"717.147",
						"717.147",
						"N/A",
						"717.267",
						"717.147",
						"717.027",
						"717.267"
					],
					[
						"716.787",
						"717.147",
						"717.027",
						"N/A",
						"717.147",
						"717.147",
						"716.907"
					],
					[
						"717.147",
						"717.147",
						"717.147",
						"717.027",
						"N/A",
						"717.027",
						"717.027"
					],
					[
						"717.147",
						"717.147",
						"717.147",
						"717.147",
						"717.027",
						"N/A",
						"717.147"
					],
					[
						"717.147",
						"717.147",
						"717.027",
						"717.027",
						"717.027",
						"717.147",
						"N/A"
					]
				],
				"max" : 717.32669221100002,
				"min" : 716.78698812900006,
				"name" : "device_to_device_memcpy_write_sm",
				"status" : "Passed",
				"sum" : 30119.322265501993
			},
			{
				"average" : 1342.9244076070947,
				"bandwidth_description" : "memcpy SM GPU(row) <-> GPU(column) Total bandwidth (GB/s)",
				"bandwidth_matrix" : 
				[
					[
						"N/A",
						"673.12",
						"670.331",
						"671.907",
						"671.486",
						"670.541",
						"671.907"
					],
					[
						"673.12",
						"N/A",
						"670.961",
						"670.751",
						"671.171",
						"671.066",
						"671.066"
					],
					[
						"670.331",
						"670.961",
						"N/A",
						"670.856",
						"671.854",
						"672.276",
						"671.171"
					],
					[
						"671.907",
						"670.751",
						"670.856",
						"N/A",
						"670.436",
						"671.276",
						"671.802"
					],
					[
						"671.486",
						"671.171",
						"671.854",
						"670.436",
						"N/A",
						"669.337",
						"672.118"
					],
					[
						"670.541",
						"671.066",
						"672.276",
						"671.276",
						"669.337",
						"N/A",
						"670.646"
					],
					[
						"671.907",
						"671.066",
						"671.171",
						"671.802",
						"672.118",
						"670.646",
						"N/A"
					],
					[
						"N/A",
						"670.803",
						"670.593",
						"670.174",
						"672.329",
						"671.434",
						"671.434"
					],
					[
						"670.803",
						"N/A",
						"672.539",
						"671.96",
						"674.285",
						"672.012",
						"672.909"
					],
					[
						"670.593",
						"672.539",
						"N/A",
						"670.908",
						"672.012",
						"671.802",
						"671.591"
					],
					[
						"670.174",
						"671.96",
						"670.908",
						"N/A",
						"672.434",
						"670.803",
						"671.013"
					],
					[
						"672.329",
						"674.285",
						"672.012",
						"672.434",
						"N/A",
						"671.066",
						"671.539"
					],
					[
						"671.434",
						"672.012",
						"671.802",
						"670.803",
						"671.066",
						"N/A",
						"671.697"
					],
					[
						"671.434",
						"672.909",
						"671.591",
						"671.013",
						"671.539",
						"671.697",
						"N/A"
					],
					[
						"N/A",
						"1343.92",
						"1340.92",
						"1342.08",
						"1343.81",
						"1341.97",
						"1343.34"
					],
					[
						"1343.92",
						"N/A",
						"1343.5",
						"1342.71",
						"1345.46",
						"1343.08",
						"1343.97"
					],
					[
						"1340.92",
						"1343.5",
						"N/A",
						"1341.76",
						"1343.87",
						"1344.08",
						"1342.76"
					],
					[
						"1342.08",
						"1342.71",
						"1341.76",
						"N/A",
						"1342.87",
						"1342.08",
						"1342.81"
					],
					[
						"1343.81",
						"1345.46",
						"1343.87",
						"1342.87",
						"N/A",
						"1340.4",
						"1343.66"
					],
					[
						"1341.97",
						"1343.08",
						"1344.08",
						"1342.08",
						"1340.4",
						"N/A",
						"1342.34"
					],
					[
						"1343.34",
						"1343.97",
						"1342.76",
						"1342.81",
						"1343.66",
						"1342.34",
						"N/A"
					]
				],
				"max" : 1345.4555545370001,
				"min" : 1340.4025816390001,
				"name" : "device_to_device_bidirectional_memcpy_read_sm",
				"status" : "Passed",
				"sum" : 56402.825119497975
			},
			{
				"average" : 1411.1929691848095,
				"bandwidth_description" : "memcpy SM GPU(row) <-> GPU(column) Total bandwidth (GB/s)",
				"bandwidth_matrix" : 
				[
					[
						"N/A",
						"705.696",
						"705.696",
						"705.696",
						"705.58",
						"705.232",
						"705.58"
					],
					[
						"705.696",
						"N/A",
						"705.812",
						"705.348",
						"705.464",
						"705.29",
						"705"
					],
					[
						"705.696",
						"705.812",
						"N/A",
						"705.464",
						"705.58",
						"705.58",
						"705.928"
					],
					[
						"705.696",
						"705.348",
						"705.464",
						"N/A",
						"705.58",
						"706.045",
						"705.464"
					],
					[
						"705.58",
						"705.464",
						"705.58",
						"705.58",
						"N/A",
						"705.348",
						"705.348"
					],
					[
						"705.232",
						"705.29",
						"705.58",
						"706.045",
						"705.348",
						"N/A",
						"705.29"
					],
					[
						"705.58",
						"705",
						"705.928",
						"705.464",
						"705.348",
						"705.29",
						"N/A"
					],
					[
						"N/A",
						"705.87",
						"705.87",
						"705.87",
						"705.754",
						"705.638",
						"705.754"
					],
					[
						"705.87",
						"N/A",
						"705.87",
						"705.986",
						"705.464",
						"705.406",
						"705.696"
					],
					[
						"705.87",
						"705.87",
						"N/A",
						"705.754",
						"705.754",
						"705.464",
						"705.232"
					],
					[
						"705.87",
						"705.986",
						"705.754",
						"N/A",
						"705.464",
						"705.58",
						"705.754"
					],
					[
						"705.754",
						"705.464",
						"705.754",
						"705.464",
						"N/A",
						"705.928",
						"705.522"
					],
					[
						"705.638",
						"705.406",
						"705.464",
						"705.58",
						"705.928",
						"N/A",
						"705.406"
					],
					[
						"705.754",
						"705.696",
						"705.232",
						"705.754",
						"705.522",
						"705.406",
						"N/A"
					],
					[
						"N/A",
						"1411.57",
						"1411.57",
						"1411.57",
						"1411.33",
						"1410.87",
						"1411.33"
					],
					[
						"1411.57",
						"N/A",
						"1411.68",
						"1411.33",
						"1410.93",
						"1410.7",
						"1410.7"
					],
					[
						"1411.57",
						"1411.68",
						"N/A",
						"1411.22",
						"1411.33",
						"1411.04",
						"1411.16"
					],
					[
						"1411.57",
						"1411.33",
						"1411.22",
						"N/A",
						"1411.04",
						"1411.62",
						"1411.22"
					],
					[
						"1411.33",
						"1410.93",
						"1411.33",
						"1411.04",
						"N/A",
						"1411.28",
						"1410.87"
					],
					[
						"1410.87",
						"1410.7",
						"1411.04",
						"1411.62",
						"1411.28",
						"N/A",
						"1410.7"
					],
					[
						"1411.33",
						"1410.7",
						"1411.16",
						"1411.22",
						"1410.87",
						"1410.7",
						"N/A"
					]
				],
				"max" : 1411.6823982740002,
				"min" : 1410.6952961530001,
				"name" : "device_to_device_bidirectional_memcpy_write_sm",
				"status" : "Passed",
				"sum" : 59270.104705761994
			},
			{
				"average" : 43.032196897714293,
				"bandwidth_description" : "memcpy SM CPU(row) <- GPU(column) bandwidth (GB/s)",
				"bandwidth_matrix" : 
				[
					[
						"47.1203",
						"46.4404",
						"46.9539",
						"40.0101",
						"39.9944",
						"40.2045",
						"40.5017"
					]
				],
				"max" : 47.120342221000001,
				"min" : 39.994430356000002,
				"name" : "all_to_host_memcpy_sm",
				"status" : "Passed",
				"sum" : 301.22537828400004
			},
			{
				"average" : 40.138011149,
				"bandwidth_description" : "memcpy SM CPU(row) <-> GPU(column) bandwidth (GB/s)",
				"bandwidth_matrix" : 
				[
					[
						"40.1001",
						"39.9443",
						"40.42",
						"40.0563",
						"40.1226",
						"40.0043",
						"40.3185"
					]
				],
				"max" : 40.419963192000004,
				"min" : 39.944310154,
				"name" : "all_to_host_bidirectional_memcpy_sm",
				"status" : "Passed",
				"sum" : 280.96607804299998
			},
			{
				"average" : 51.030338915571427,
				"bandwidth_description" : "memcpy SM CPU(row) -> GPU(column) bandwidth (GB/s)",
				"bandwidth_matrix" : 
				[
					[
						"51.586",
						"51.4131",
						"51.5553",
						"50.3959",
						"50.6672",
						"50.9987",
						"50.5963"
					]
				],
				"max" : 51.585962216000006,
				"min" : 50.395892439000001,
				"name" : "host_to_all_memcpy_sm",
				"status" : "Passed",
				"sum" : 357.21237240900001
			},
			{
				"average" : 40.076935730571435,
				"bandwidth_description" : "memcpy SM CPU(row) <-> GPU(column) bandwidth (GB/s)",
				"bandwidth_matrix" : 
				[
					[
						"40.32",
						"40.3887",
						"39.7554",
						"40.1847",
						"40.2231",
						"39.9101",
						"39.7565"
					]
				],
				"max" : 40.388737927000001,
				"min" : 39.755399130000001,
				"name" : "host_to_all_bidirectional_memcpy_sm",
				"status" : "Passed",
				"sum" : 280.53855011400003
			},
			{
				"average" : 718.69936497212143,
				"bandwidth_description" : "memcpy SM GPU(row) <- GPU(column) bandwidth (GB/s)",
				"bandwidth_matrix" : 
				[
					[
						"718.596",
						"718.499",
						"718.239",
						"718.7",
						"718.783",
						"718.999",
						"719.079"
					]
				],
				"max" : 719.07896186096593,
				"min" : 718.23858124951494,
				"name" : "all_to_one_write_sm",
				"status" : "Passed",
				"sum" : 5030.8955548048498
			},
			{
				"average" : 787.2603693604824,
				"bandwidth_description" : "memcpy SM GPU(row) -> GPU(column) bandwidth (GB/s)",
				"bandwidth_matrix" : 
				[
					[
						"786.771",
						"788.993",
						"786.909",
						"786.926",
						"786.942",
						"787.342",
						"786.939"
					]
				],
				"max" : 788.99280189058652,
				"min" : 786.77141681854584,
				"name" : "all_to_one_read_sm",
				"status" : "Passed",
				"sum" : 5510.8225855233768
			},
			{
				"average" : 735.46392595580915,
				"bandwidth_description" : "memcpy SM GPU(row) -> GPU(column) bandwidth (GB/s)",
				"bandwidth_matrix" : 
				[
					[
						"735.218",
						"734.21",
						"735.915",
						"736.029",
						"735.788",
						"735.499",
						"735.587"
					]
				],
				"max" : 736.02890211311944,
				"min" : 734.2098010836728,
				"name" : "one_to_all_write_sm",
				"status" : "Passed",
				"sum" : 5148.2474816906642
			},
			{
				"average" : 788.24785580965931,
				"bandwidth_description" : "memcpy SM GPU(row) <- GPU(column) bandwidth (GB/s)",
				"bandwidth_matrix" : 
				[
					[
						"787.978",
						"789.079",
						"787.803",
						"788.395",
						"788.801",
						"787.786",
						"787.892"
					]
				],
				"max" : 789.07887003010046,
				"min" : 787.78646857446131,
				"name" : "one_to_all_read_sm",
				"status" : "Passed",
				"sum" : 5517.7349906676154
			},
			{
				"average" : 1158.2595795792129,
				"bandwidth_description" : "memory latency SM CPU(row) <-> GPU(column) (ns)",
				"bandwidth_matrix" : 
				[
					[
						"1155.92",
						"1159.18",
						"1163.8",
						"1151.51",
						"1158.02",
						"1160.07",
						"1159.3"
					]
				],
				"max" : 1163.8039359822869,
				"min" : 1151.5127657912672,
				"name" : "host_device_latency_sm",
				"status" : "Passed",
				"sum" : 8107.8170570544899
			},
			{
				"average" : 1605.8547662881513,
				"bandwidth_description" : "Device to Device Latency SM GPU(row) <-> GPU(column) (ns)",
				"bandwidth_matrix" : 
				[
					[
						"N/A",
						"1597.98",
						"1613.2",
						"1612.89",
						"1614.77",
						"1600.98",
						"1600.89"
					],
					[
						"1594.22",
						"N/A",
						"1608.77",
						"1606.78",
						"1610.49",
						"1593.51",
						"1590.95"
					],
					[
						"1613.71",
						"1612.87",
						"N/A",
						"1596.86",
						"1599.37",
						"1611.46",
						"1615.35"
					],
					[
						"1612.61",
						"1610.43",
						"1596.35",
						"N/A",
						"1598.3",
						"1610.65",
						"1612.46"
					],
					[
						"1610.93",
						"1610.29",
						"1595.21",
						"1594.46",
						"N/A",
						"1609.05",
						"1612.79"
					],
					[
						"1601.95",
						"1598.1",
						"1612.09",
						"1611.75",
						"1613.66",
						"N/A",
						"1599.59"
					],
					[
						"1601.22",
						"1595.06",
						"1615.2",
						"1612.94",
						"1616.87",
						"1598.9",
						"N/A"
					]
				],
				"max" : 1616.874048486352,
				"min" : 1590.945084579289,
				"name" : "device_to_device_latency_sm",
				"status" : "Passed",
				"sum" : 67445.900184102356
			},
			{
				"average" : 783.63797734180969,
				"bandwidth_description" : "memcpy TMA GPU(row) -> GPU(column) bandwidth (GB/s)",
				"bandwidth_matrix" : 
				[
					[
						"N/A",
						"784.254",
						"783.324",
						"783.039",
						"783.039",
						"782.896",
						"783.396"
					],
					[
						"783.539",
						"N/A",
						"783.825",
						"784.397",
						"783.825",
						"783.539",
						"783.539"
					],
					[
						"783.039",
						"784.971",
						"N/A",
						"783.039",
						"784.397",
						"784.111",
						"784.111"
					],
					[
						"783.539",
						"784.827",
						"783.039",
						"N/A",
						"782.896",
						"783.181",
						"783.181"
					],
					[
						"781.898",
						"784.254",
						"784.111",
						"783.396",
						"N/A",
						"784.111",
						"783.682"
					],
					[
						"784.111",
						"784.971",
						"783.825",
						"783.11",
						"784.541",
						"N/A",
						"783.61"
					],
					[
						"782.753",
						"784.827",
						"783.324",
						"783.11",
						"783.467",
						"782.753",
						"N/A"
					]
				],
				"max" : 784.97072027700005,
				"min" : 781.89828800200007,
				"name" : "device_to_device_memcpy_read_tma",
				"status" : "Passed",
				"sum" : 32912.795048356005
			},
			{
				"average" : 715.29182205733287,
				"bandwidth_description" : "memcpy TMA GPU(row) <- GPU(column) bandwidth (GB/s)",
				"bandwidth_matrix" : 
				[
					[
						"N/A",
						"715.291",
						"715.53",
						"715.291",
						"715.411",
						"715.411",
						"715.411"
					],
					[
						"712.858",
						"N/A",
						"712.739",
						"712.858",
						"712.976",
						"712.739",
						"712.858"
					],
					[
						"715.053",
						"715.053",
						"N/A",
						"715.172",
						"715.053",
						"715.172",
						"715.053"
					],
					[
						"716.903",
						"716.903",
						"716.784",
						"N/A",
						"716.784",
						"716.784",
						"716.784"
					],
					[
						"716.246",
						"716.126",
						"716.186",
						"716.126",
						"N/A",
						"715.888",
						"716.007"
					],
					[
						"715.411",
						"715.291",
						"715.291",
						"715.411",
						"715.411",
						"N/A",
						"715.411"
					],
					[
						"715.411",
						"715.411",
						"715.53",
						"715.411",
						"715.411",
						"715.411",
						"N/A"
					]
				],
				"max" : 716.90323752200004,
				"min" : 712.73934550199999,
				"name" : "device_to_device_memcpy_write_tma",
				"status" : "Passed",
				"sum" : 30042.256526407982
			},
			{
				"average" : 1344.8424376027622,
				"bandwidth_description" : "memcpy TMA GPU(row) <-> GPU(column) Total bandwidth (GB/s)",
				"bandwidth_matrix" : 
				[
					[
						"N/A",
						"671.981",
						"672.297",
						"672.086",
						"672.297",
						"671.666",
						"672.297"
					],
					[
						"671.981",
						"N/A",
						"671.456",
						"672.297",
						"672.929",
						"672.086",
						"671.876"
					],
					[
						"672.297",
						"671.456",
						"N/A",
						"673.245",
						"671.981",
						"672.507",
						"672.507"
					],
					[
						"672.086",
						"672.297",
						"673.245",
						"N/A",
						"671.561",
						"672.823",
						"672.297"
					],
					[
						"672.297",
						"672.929",
						"671.981",
						"671.561",
						"N/A",
						"672.402",
						"673.087"
					],
					[
						"671.666",
						"672.086",
						"672.507",
						"672.823",
						"672.402",
						"N/A",
						"671.351"
					],
					[
						"672.297",
						"671.876",
						"672.507",
						"672.297",
						"673.087",
						"671.351",
						"N/A"
					],
					[
						"N/A",
						"672.349",
						"672.191",
						"671.823",
						"671.876",
						"672.191",
						"672.665"
					],
					[
						"672.349",
						"N/A",
						"673.826",
						"673.034",
						"673.668",
						"673.456",
						"672.823"
					],
					[
						"672.191",
						"673.826",
						"N/A",
						"671.666",
						"672.771",
						"672.981",
						"672.613"
					],
					[
						"671.823",
						"673.034",
						"671.666",
						"N/A",
						"671.613",
						"672.297",
						"672.823"
					],
					[
						"671.876",
						"673.668",
						"672.771",
						"671.613",
						"N/A",
						"672.507",
						"672.665"
					],
					[
						"672.191",
						"673.456",
						"672.981",
						"672.297",
						"672.507",
						"N/A",
						"672.823"
					],
					[
						"672.665",
						"672.823",
						"672.613",
						"672.823",
						"672.665",
						"672.823",
						"N/A"
					],
					[
						"N/A",
						"1344.33",
						"1344.49",
						"1343.91",
						"1344.17",
						"1343.86",
						"1344.96"
					],
					[
						"1344.33",
						"N/A",
						"1345.28",
						"1345.33",
						"1346.6",
						"1345.54",
						"1344.7"
					],
					[
						"1344.49",
						"1345.28",
						"N/A",
						"1344.91",
						"1344.75",
						"1345.49",
						"1345.12"
					],
					[
						"1343.91",
						"1345.33",
						"1344.91",
						"N/A",
						"1343.17",
						"1345.12",
						"1345.12"
					],
					[
						"1344.17",
						"1346.6",
						"1344.75",
						"1343.17",
						"N/A",
						"1344.91",
						"1345.75"
					],
					[
						"1343.86",
						"1345.54",
						"1345.49",
						"1345.12",
						"1344.91",
						"N/A",
						"1344.17"
					],
					[
						"1344.96",
						"1344.7",
						"1345.12",
						"1345.12",
						"1345.75",
						"1344.17",
						"N/A"
					]
				],
				"max" : 1346.5962028450001,
				"min" : 1343.1741691290001,
				"name" : "device_to_device_bidirectional_memcpy_read_tma",
				"status" : "Passed",
				"sum" : 56483.382379316012
			},
			{
				"average" : 1420.0157555488574,
				"bandwidth_description" : "memcpy TMA GPU(row) <-> GPU(column) Total bandwidth (GB/s)",
				"bandwidth_matrix" : 
				[
					[
						"N/A",
						"699.791",
						"713.094",
						"712.621",
						"706.525",
						"712.739",
						"712.739"
					],
					[
						"699.791",
						"N/A",
						"713.687",
						"713.331",
						"706.874",
						"713.094",
						"713.213"
					],
					[
						"713.094",
						"713.687",
						"N/A",
						"712.385",
						"706.351",
						"712.621",
						"713.568"
					],
					[
						"712.621",
						"713.331",
						"712.385",
						"N/A",
						"706.467",
						"712.503",
						"713.094"
					],
					[
						"706.525",
						"706.874",
						"706.351",
						"706.467",
						"N/A",
						"713.39",
						"713.983"
					],
					[
						"712.739",
						"713.094",
						"712.621",
						"712.503",
						"713.39",
						"N/A",
						"712.148"
					],
					[
						"712.739",
						"713.213",
						"713.568",
						"713.094",
						"713.983",
						"712.148",
						"N/A"
					],
					[
						"N/A",
						"712.089",
						"711.676",
						"711.441",
						"711.676",
						"711.853",
						"711.205"
					],
					[
						"712.089",
						"N/A",
						"701.391",
						"701.162",
						"700.19",
						"701.276",
						"701.391"
					],
					[
						"711.676",
						"701.391",
						"N/A",
						"711.735",
						"713.035",
						"712.621",
						"711.735"
					],
					[
						"711.441",
						"701.162",
						"711.735",
						"N/A",
						"712.148",
						"711.971",
						"712.207"
					],
					[
						"711.676",
						"700.19",
						"713.035",
						"712.148",
						"N/A",
						"707.049",
						"706.991"
					],
					[
						"711.853",
						"701.276",
						"712.621",
						"711.971",
						"707.049",
						"N/A",
						"711.264"
					],
					[
						"711.205",
						"701.391",
						"711.735",
						"712.207",
						"706.991",
						"711.264",
						"N/A"
					],
					[
						"N/A",
						"1411.88",
						"1424.77",
						"1424.06",
						"1418.2",
						"1424.59",
						"1423.94"
					],
					[
						"1411.88",
						"N/A",
						"1415.08",
						"1414.49",
						"1407.06",
						"1414.37",
						"1414.6"
					],
					[
						"1424.77",
						"1415.08",
						"N/A",
						"1424.12",
						"1419.39",
						"1425.24",
						"1425.3"
					],
					[
						"1424.06",
						"1414.49",
						"1424.12",
						"N/A",
						"1418.62",
						"1424.47",
						"1425.3"
					],
					[
						"1418.2",
						"1407.06",
						"1419.39",
						"1418.62",
						"N/A",
						"1420.44",
						"1420.97"
					],
					[
						"1424.59",
						"1414.37",
						"1425.24",
						"1424.47",
						"1420.44",
						"N/A",
						"1423.41"
					],
					[
						"1423.94",
						"1414.6",
						"1425.3",
						"1425.3",
						"1420.97",
						"1423.41",
						"N/A"
					]
				],
				"max" : 1425.3036539680002,
				"min" : 1407.0644428300002,
				"name" : "device_to_device_bidirectional_memcpy_write_tma",
				"status" : "Passed",
				"sum" : 59640.661733052009
			},
			{
				"average" : 3238.5176093345717,
				"bandwidth_description" : "memcpy CE local GPU(column) bandwidth (GB/s)",
				"bandwidth_matrix" : 
				[
					[
						"3237.82",
						"3241.48",
						"3236.6",
						"3237.82",
						"3240.26",
						"3237.82",
						"3237.82"
					]
				],
				"max" : 3241.4847516980003,
				"min" : 3236.5993187640001,
				"name" : "device_local_copy",
				"status" : "Passed",
				"sum" : 22669.623265342001
			},
			{
				"average" : 3163.3022672215716,
				"bandwidth_description" : "memcpy SM local GPU(column) bandwidth (GB/s)",
				"bandwidth_matrix" : 
				[
					[
						"3133.85",
						"3161.58",
						"3173.28",
						"3175.63",
						"3170.93",
						"3159.25",
						"3168.59"
					]
				],
				"max" : 3175.6318340740004,
				"min" : 3133.8472046780003,
				"name" : "device_local_copy_sm",
				"status" : "Passed",
				"sum" : 22143.115870551002
			},
			{
				"average" : 7395.2043008248565,
				"bandwidth_description" : "memcpy SM local GPU(column) read-only bandwidth (GB/s)",
				"bandwidth_matrix" : 
				[
					[
						"7404.32",
						"7397.93",
						"7397.93",
						"7391.56",
						"7385.19",
						"7397.93",
						"7391.56"
					]
				],
				"max" : 7404.3229291880007,
				"min" : 7385.1903118,
				"name" : "device_local_read_sm",
				"status" : "Passed",
				"sum" : 51766.430105773994
			},
			{
				"average" : 6344.6817643470013,
				"bandwidth_description" : "memcpy SM local GPU(column) write-only bandwidth (GB/s)",
				"bandwidth_matrix" : 
				[
					[
						"6332.5",
						"6323.16",
						"6346.56",
						"6413.02",
						"6341.87",
						"6323.16",
						"6332.5"
					]
				],
				"max" : 6413.0186626770001,
				"min" : 6323.1607315630008,
				"name" : "device_local_write_sm",
				"status" : "Passed",
				"sum" : 44412.772350429012
			},
			{
				"average" : 1638.9894606767311,
				"bandwidth_description" : "Device to Device Latency TMA GPU(row) <-> GPU(column) (ns)",
				"bandwidth_matrix" : 
				[
					[
						"N/A",
						"1631.44",
						"1646.24",
						"1645.83",
						"1648.05",
						"1635.11",
						"1633.83"
					],
					[
						"1627.41",
						"N/A",
						"1642.11",
						"1639.88",
						"1643.63",
						"1627.69",
						"1624.26"
					],
					[
						"1646.59",
						"1646.2",
						"N/A",
						"1629.64",
						"1632.07",
						"1645.31",
						"1648.39"
					],
					[
						"1645.76",
						"1643.93",
						"1629.3",
						"N/A",
						"1631.34",
						"1644.68",
						"1645.51"
					],
					[
						"1643.68",
						"1643.5",
						"1627.8",
						"1627.07",
						"N/A",
						"1642.41",
						"1645.75"
					],
					[
						"1634.96",
						"1631.42",
						"1644.91",
						"1644.52",
						"1646.63",
						"N/A",
						"1632.37"
					],
					[
						"1634.02",
						"1628.14",
						"1648.15",
						"1645.6",
						"1649.64",
						"1632.77",
						"N/A"
					]
				],
				"max" : 1649.6419170871377,
				"min" : 1624.2561312392354,
				"name" : "device_to_device_latency_tma",
				"status" : "Passed",
				"sum" : 68837.557348422706
			},
			{
				"average" : 2431.7396855012857,
				"bandwidth_description" : "memcpy TMA local GPU(column) bandwidth (GB/s)",
				"bandwidth_matrix" : 
				[
					[
						"2433.41",
						"2425.85",
						"2433.41",
						"2433.41",
						"2432.03",
						"2429.28",
						"2434.79"
					]
				],
				"max" : 2434.7887165530001,
				"min" : 2425.8499271390001,
				"name" : "device_local_copy_tma",
				"status" : "Passed",
				"sum" : 17022.177798509001
			}
		],
		"version" : "v0.10.0"
	}
}

