=========================================
===== GPU 0 Stream Benchmark =====
=========================================
BabelStream
Version: 5.0
Implementation: CUDA
Running  Classic kernels 100 times in  Classic order 
Number of elements: 536870912
Precision: double
Array size: 4295.0 MB
Total size: 12884.9 MB
CUDA Driver: 13030
CUDA Device 0: "NVIDIA B300 SXM6 AC" 148 SMs(10,3) Memory: 3996 MHz x 7680-bit = 7672.320000 GB/s PEAK, ECC is ON
Memory Allocation: DEFAULT
Parallel for kernel config: thread blocks of size 256
Reduction kernel config: 592 groups of (fixed) size 1024
Function    MB/s        Min (sec)   Max         Average     
Copy        5856544.648 0.00147     0.00148     0.00147     
Mul         5699217.424 0.00151     0.00151     0.00151     
Add         6548623.781 0.00197     0.00197     0.00197     
Triad       6575355.313 0.00196     0.00221     0.00196     
Dot         6573626.008 0.00131     0.00135     0.00131     



=========================================
===== GPU 1 Stream Benchmark =====
=========================================
BabelStream
Version: 5.0
Implementation: CUDA
Running  Classic kernels 100 times in  Classic order 
Number of elements: 536870912
Precision: double
Array size: 4295.0 MB
Total size: 12884.9 MB
CUDA Driver: 13030
CUDA Device 0: "NVIDIA B300 SXM6 AC" 148 SMs(10,3) Memory: 3996 MHz x 7680-bit = 7672.320000 GB/s PEAK, ECC is ON
Memory Allocation: DEFAULT
Parallel for kernel config: thread blocks of size 256
Reduction kernel config: 592 groups of (fixed) size 1024
Function    MB/s        Min (sec)   Max         Average     
Copy        5898258.450 0.00146     0.00147     0.00146     
Mul         5734035.258 0.00150     0.00153     0.00150     
Add         6544406.249 0.00197     0.00197     0.00197     
Triad       6585985.921 0.00196     0.00196     0.00196     
Dot         6576545.054 0.00131     0.00132     0.00131     



=========================================
===== GPU 2 Stream Benchmark =====
=========================================
BabelStream
Version: 5.0
Implementation: CUDA
Running  Classic kernels 100 times in  Classic order 
Number of elements: 536870912
Precision: double
Array size: 4295.0 MB
Total size: 12884.9 MB
CUDA Driver: 13030
CUDA Device 0: "NVIDIA B300 SXM6 AC" 148 SMs(10,3) Memory: 3996 MHz x 7680-bit = 7672.320000 GB/s PEAK, ECC is ON
Memory Allocation: DEFAULT
Parallel for kernel config: thread blocks of size 256
Reduction kernel config: 592 groups of (fixed) size 1024
Function    MB/s        Min (sec)   Max         Average     
Copy        5855734.193 0.00147     0.00147     0.00147     
Mul         5698741.021 0.00151     0.00151     0.00151     
Add         6543535.480 0.00197     0.00208     0.00197     
Triad       6578652.067 0.00196     0.00199     0.00196     
Dot         6567745.466 0.00131     0.00132     0.00131     



=========================================
===== GPU 3 Stream Benchmark =====
=========================================
BabelStream
Version: 5.0
Implementation: CUDA
Running  Classic kernels 100 times in  Classic order 
Number of elements: 536870912
Precision: double
Array size: 4295.0 MB
Total size: 12884.9 MB
CUDA Driver: 13030
CUDA Device 0: "NVIDIA B300 SXM6 AC" 148 SMs(10,3) Memory: 3996 MHz x 7680-bit = 7672.320000 GB/s PEAK, ECC is ON
Memory Allocation: DEFAULT
Parallel for kernel config: thread blocks of size 256
Reduction kernel config: 592 groups of (fixed) size 1024
Function    MB/s        Min (sec)   Max         Average     
Copy        5845330.023 0.00147     0.00148     0.00147     
Mul         5692649.330 0.00151     0.00151     0.00151     
Add         6554813.558 0.00197     0.00249     0.00197     
Triad       6556841.603 0.00197     0.00200     0.00197     
Dot         6563078.690 0.00131     0.00132     0.00131     



=========================================
===== GPU 4 Stream Benchmark =====
=========================================
BabelStream
Version: 5.0
Implementation: CUDA
Running  Classic kernels 100 times in  Classic order 
Number of elements: 536870912
Precision: double
Array size: 4295.0 MB
Total size: 12884.9 MB
CUDA Driver: 13030
CUDA Device 0: "NVIDIA B300 SXM6 AC" 148 SMs(10,3) Memory: 3996 MHz x 7680-bit = 7672.320000 GB/s PEAK, ECC is ON
Memory Allocation: DEFAULT
Parallel for kernel config: thread blocks of size 256
Reduction kernel config: 592 groups of (fixed) size 1024
Function    MB/s        Min (sec)   Max         Average     
Copy        5889951.414 0.00146     0.00149     0.00146     
Mul         5725138.342 0.00150     0.00151     0.00150     
Add         6561459.414 0.00196     0.00197     0.00197     
Triad       6563277.603 0.00196     0.00197     0.00196     
Dot         6571111.668 0.00131     0.00202     0.00132     



=========================================
===== GPU 5 Stream Benchmark =====
=========================================
BabelStream
Version: 5.0
Implementation: CUDA
Running  Classic kernels 100 times in  Classic order 
Number of elements: 536870912
Precision: double
Array size: 4295.0 MB
Total size: 12884.9 MB
CUDA Driver: 13030
CUDA Device 0: "NVIDIA B300 SXM6 AC" 148 SMs(10,3) Memory: 3996 MHz x 7680-bit = 7672.320000 GB/s PEAK, ECC is ON
Memory Allocation: DEFAULT
Parallel for kernel config: thread blocks of size 256
Reduction kernel config: 592 groups of (fixed) size 1024
Function    MB/s        Min (sec)   Max         Average     
Copy        5847793.236 0.00147     0.00147     0.00147     
Mul         5694917.557 0.00151     0.00151     0.00151     
Add         6556137.649 0.00197     0.00228     0.00197     
Triad       6557318.776 0.00196     0.00199     0.00197     
Dot         6568056.821 0.00131     0.00132     0.00131     



=========================================
===== GPU 6 Stream Benchmark =====
=========================================
BabelStream
Version: 5.0
Implementation: CUDA
Running  Classic kernels 100 times in  Classic order 
Number of elements: 536870912
Precision: double
Array size: 4295.0 MB
Total size: 12884.9 MB
CUDA Driver: 13030
CUDA Device 0: "NVIDIA B300 SXM6 AC" 148 SMs(10,3) Memory: 3996 MHz x 7680-bit = 7672.320000 GB/s PEAK, ECC is ON
Memory Allocation: DEFAULT
Parallel for kernel config: thread blocks of size 256
Reduction kernel config: 592 groups of (fixed) size 1024
Function    MB/s        Min (sec)   Max         Average     
Copy        5850334.229 0.00147     0.00149     0.00147     
Mul         5695449.965 0.00151     0.00152     0.00151     
Add         6545357.048 0.00197     0.00197     0.00197     
Triad       6567184.768 0.00196     0.00197     0.00196     
Dot         6561559.656 0.00131     0.00133     0.00131     



