BabelStream
Version: 5.0
Implementation: CUDA
Running  Classic kernels 100 times in  Classic order 
Number of elements: 268435456
Precision: double
Array size: 2147.5 MB
Total size: 6442.5 MB
CUDA Driver: 13030
CUDA Device 0: "NVIDIA B300 SXM6 AC" 148 SMs(10,3) Memory: 3996 MHz x 7680-bit = 7672.320000 GB/s PEAK, ECC is ON
Memory Allocation: DEFAULT
Parallel for kernel config: thread blocks of size 256
Reduction kernel config: 592 groups of (fixed) size 1024
Function    MB/s        Min (sec)   Max         Average     
Copy        5891280.422 0.00073     0.00312     0.00176     
Mul         5706301.021 0.00075     0.00314     0.00178     
Add         6523148.818 0.00099     0.00531     0.00205     
Triad       6520441.950 0.00099     0.00339     0.00202     
Dot         6434880.307 0.00067     0.00307     0.00173     
BabelStream
Version: 5.0
Implementation: CUDA
Running  Classic kernels 100 times in  Classic order 
Number of elements: 268435456
Precision: double
Array size: 2147.5 MB
Total size: 6442.5 MB
CUDA Driver: 13030
CUDA Device 0: "NVIDIA B300 SXM6 AC" 148 SMs(10,3) Memory: 3996 MHz x 7680-bit = 7672.320000 GB/s PEAK, ECC is ON
Memory Allocation: DEFAULT
Parallel for kernel config: thread blocks of size 256
Reduction kernel config: 592 groups of (fixed) size 1024
Function    MB/s        Min (sec)   Max         Average     
Copy        5898764.747 0.00073     0.00309     0.00201     
Mul         5710974.990 0.00075     0.00311     0.00203     
Add         6506310.380 0.00099     0.00335     0.00226     
Triad       6544512.618 0.00098     0.00335     0.00225     
Dot         6416441.897 0.00067     0.00304     0.00198     
BabelStream
Version: 5.0
Implementation: CUDA
Running  Classic kernels 100 times in  Classic order 
Number of elements: 268435456
Precision: double
Array size: 2147.5 MB
Total size: 6442.5 MB
CUDA Driver: 13030
CUDA Device 0: "NVIDIA B300 SXM6 AC" 148 SMs(10,3) Memory: 3996 MHz x 7680-bit = 7672.320000 GB/s PEAK, ECC is ON
Memory Allocation: DEFAULT
Parallel for kernel config: thread blocks of size 256
Reduction kernel config: 592 groups of (fixed) size 1024
Function    MB/s        Min (sec)   Max         Average     
Copy        5891854.221 0.00073     0.00312     0.00154     
Mul         5708341.147 0.00075     0.00314     0.00156     
Add         6515924.509 0.00099     0.00338     0.00180     
Triad       6540884.718 0.00098     0.00337     0.00180     
Dot         6381074.578 0.00067     0.00307     0.00150     
BabelStream
Version: 5.0
Implementation: CUDA
Running  Classic kernels 100 times in  Classic order 
Number of elements: 268435456
Precision: double
Array size: 2147.5 MB
Total size: 6442.5 MB
CUDA Driver: 13030
CUDA Device 0: "NVIDIA B300 SXM6 AC" 148 SMs(10,3) Memory: 3996 MHz x 7680-bit = 7672.320000 GB/s PEAK, ECC is ON
Memory Allocation: DEFAULT
Parallel for kernel config: thread blocks of size 256
Reduction kernel config: 592 groups of (fixed) size 1024
Function    MB/s        Min (sec)   Max         Average     
Copy        5883895.670 0.00073     0.00309     0.00219     
Mul         5702247.853 0.00075     0.00311     0.00221     
Add         6504543.314 0.00099     0.00335     0.00245     
Triad       6530620.856 0.00099     0.00336     0.00244     
Dot         6375173.736 0.00067     0.00304     0.00215     
BabelStream
Version: 5.0
Implementation: CUDA
Running  Classic kernels 100 times in  Classic order 
Number of elements: 268435456
Precision: double
Array size: 2147.5 MB
Total size: 6442.5 MB
CUDA Driver: 13030
CUDA Device 0: "NVIDIA B300 SXM6 AC" 148 SMs(10,3) Memory: 3996 MHz x 7680-bit = 7672.320000 GB/s PEAK, ECC is ON
Memory Allocation: DEFAULT
Parallel for kernel config: thread blocks of size 256
Reduction kernel config: 592 groups of (fixed) size 1024
Function    MB/s        Min (sec)   Max         Average     
Copy        5895048.528 0.00073     0.00313     0.00173     
Mul         5709464.218 0.00075     0.00315     0.00175     
Add         6502711.572 0.00099     0.00338     0.00201     
Triad       6543349.392 0.00098     0.00338     0.00200     
Dot         6395812.678 0.00067     0.00307     0.00169     
BabelStream
Version: 5.0
Implementation: CUDA
Running  Classic kernels 100 times in  Classic order 
Number of elements: 268435456
Precision: double
Array size: 2147.5 MB
Total size: 6442.5 MB
CUDA Driver: 13030
CUDA Device 0: "NVIDIA B300 SXM6 AC" 148 SMs(10,3) Memory: 3996 MHz x 7680-bit = 7672.320000 GB/s PEAK, ECC is ON
Memory Allocation: DEFAULT
Parallel for kernel config: thread blocks of size 256
Reduction kernel config: 592 groups of (fixed) size 1024
Function    MB/s        Min (sec)   Max         Average     
Copy        5900507.071 0.00073     0.00319     0.00208     
Mul         5711240.786 0.00075     0.00314     0.00209     
Add         6507841.738 0.00099     0.00338     0.00233     
Triad       6546654.036 0.00098     0.00338     0.00234     
Dot         6405246.072 0.00067     0.00307     0.00205     
BabelStream
Version: 5.0
Implementation: CUDA
Running  Classic kernels 100 times in  Classic order 
Number of elements: 268435456
Precision: double
Array size: 2147.5 MB
Total size: 6442.5 MB
CUDA Driver: 13030
CUDA Device 0: "NVIDIA B300 SXM6 AC" 148 SMs(10,3) Memory: 3996 MHz x 7680-bit = 7672.320000 GB/s PEAK, ECC is ON
Memory Allocation: DEFAULT
Parallel for kernel config: thread blocks of size 256
Reduction kernel config: 592 groups of (fixed) size 1024
Function    MB/s        Min (sec)   Max         Average     
Copy        5886298.725 0.00073     0.00310     0.00168     
Mul         5706414.745 0.00075     0.00312     0.00171     
Add         6495054.390 0.00099     0.00335     0.00195     
Triad       6512170.239 0.00099     0.00336     0.00196     
Dot         6394393.877 0.00067     0.00305     0.00165     
BabelStream
Version: 5.0
Implementation: CUDA
Running  Classic kernels 100 times in  Classic order 
Number of elements: 268435456
Precision: double
Array size: 2147.5 MB
Total size: 6442.5 MB
CUDA Driver: 13030
CUDA Device 0: "NVIDIA B300 SXM6 AC" 148 SMs(10,3) Memory: 3996 MHz x 7680-bit = 7672.320000 GB/s PEAK, ECC is ON
Memory Allocation: DEFAULT
Parallel for kernel config: thread blocks of size 256
Reduction kernel config: 592 groups of (fixed) size 1024
Function    MB/s        Min (sec)   Max         Average     
Copy        5882783.511 0.00073     0.00310     0.00204     
Mul         5702565.837 0.00075     0.00312     0.00207     
Add         6495637.222 0.00099     0.00336     0.00231     
Triad       6538667.435 0.00099     0.00335     0.00234     
Dot         6379984.516 0.00067     0.00304     0.00201     
BabelStream
Version: 5.0
Implementation: CUDA
Running  Classic kernels 100 times in  Classic order 
Number of elements: 268435456
Precision: double
Array size: 2147.5 MB
Total size: 6442.5 MB
CUDA Driver: 13030
CUDA Device 0: "NVIDIA B300 SXM6 AC" 148 SMs(10,3) Memory: 3996 MHz x 7680-bit = 7672.320000 GB/s PEAK, ECC is ON
Memory Allocation: DEFAULT
Parallel for kernel config: thread blocks of size 256
Reduction kernel config: 592 groups of (fixed) size 1024
Function    MB/s        Min (sec)   Max         Average     
Copy        5880681.228 0.00073     0.00309     0.00201     
Mul         5698646.506 0.00075     0.00311     0.00202     
Add         6501727.191 0.00099     0.00335     0.00227     
Triad       6531733.205 0.00099     0.00335     0.00228     
Dot         6369179.898 0.00067     0.00304     0.00195     
BabelStream
Version: 5.0
Implementation: CUDA
Running  Classic kernels 100 times in  Classic order 
Number of elements: 268435456
Precision: double
Array size: 2147.5 MB
Total size: 6442.5 MB
CUDA Driver: 13030
CUDA Device 0: "NVIDIA B300 SXM6 AC" 148 SMs(10,3) Memory: 3996 MHz x 7680-bit = 7672.320000 GB/s PEAK, ECC is ON
Memory Allocation: DEFAULT
Parallel for kernel config: thread blocks of size 256
Reduction kernel config: 592 groups of (fixed) size 1024
Function    MB/s        Min (sec)   Max         Average     
Copy        5888897.521 0.00073     0.00309     0.00184     
Mul         5705073.099 0.00075     0.00312     0.00187     
Add         6499680.632 0.00099     0.00336     0.00211     
Triad       6512295.311 0.00099     0.00336     0.00213     
Dot         6389209.660 0.00067     0.00304     0.00182     
BabelStream
Version: 5.0
Implementation: CUDA
Running  Classic kernels 100 times in  Classic order 
Number of elements: 268435456
Precision: double
Array size: 2147.5 MB
Total size: 6442.5 MB
CUDA Driver: 13030
CUDA Device 0: "NVIDIA B300 SXM6 AC" 148 SMs(10,3) Memory: 3996 MHz x 7680-bit = 7672.320000 GB/s PEAK, ECC is ON
Memory Allocation: DEFAULT
Parallel for kernel config: thread blocks of size 256
Reduction kernel config: 592 groups of (fixed) size 1024
Function    MB/s        Min (sec)   Max         Average     
Copy        5883250.889 0.00073     0.00309     0.00175     
Mul         5698397.002 0.00075     0.00312     0.00178     
Add         6506960.955 0.00099     0.00336     0.00205     
Triad       6505896.446 0.00099     0.00338     0.00207     
Dot         6368518.809 0.00067     0.00305     0.00173     
BabelStream
Version: 5.0
Implementation: CUDA
Running  Classic kernels 100 times in  Classic order 
Number of elements: 268435456
Precision: double
Array size: 2147.5 MB
Total size: 6442.5 MB
CUDA Driver: 13030
CUDA Device 0: "NVIDIA B300 SXM6 AC" 148 SMs(10,3) Memory: 3996 MHz x 7680-bit = 7672.320000 GB/s PEAK, ECC is ON
Memory Allocation: DEFAULT
Parallel for kernel config: thread blocks of size 256
Reduction kernel config: 592 groups of (fixed) size 1024
Function    MB/s        Min (sec)   Max         Average     
Copy        1396000.062 0.00308     0.00458     0.00313     
Mul         2592156.417 0.00166     0.00315     0.00312     
Add         1930556.650 0.00334     0.00339     0.00337     
Triad       1930998.157 0.00334     0.00339     0.00337     
Dot         1421127.579 0.00302     0.00308     0.00306     
BabelStream
Version: 5.0
Implementation: CUDA
Running  Classic kernels 100 times in  Classic order 
Number of elements: 268435456
Precision: double
Array size: 2147.5 MB
Total size: 6442.5 MB
CUDA Driver: 13030
CUDA Device 0: "NVIDIA B300 SXM6 AC" 148 SMs(10,3) Memory: 3996 MHz x 7680-bit = 7672.320000 GB/s PEAK, ECC is ON
Memory Allocation: DEFAULT
Parallel for kernel config: thread blocks of size 256
Reduction kernel config: 592 groups of (fixed) size 1024
Function    MB/s        Min (sec)   Max         Average     
Copy        5893616.727 0.00073     0.00314     0.00205     
Mul         5707104.763 0.00075     0.00315     0.00209     
Add         6501202.309 0.00099     0.00339     0.00231     
Triad       6543449.081 0.00098     0.00339     0.00231     
Dot         6395450.776 0.00067     0.00308     0.00203     
BabelStream
Version: 5.0
Implementation: CUDA
Running  Classic kernels 100 times in  Classic order 
Number of elements: 268435456
Precision: double
Array size: 2147.5 MB
Total size: 6442.5 MB
CUDA Driver: 13030
CUDA Device 0: "NVIDIA B300 SXM6 AC" 148 SMs(10,3) Memory: 3996 MHz x 7680-bit = 7672.320000 GB/s PEAK, ECC is ON
Memory Allocation: DEFAULT
Parallel for kernel config: thread blocks of size 256
Reduction kernel config: 592 groups of (fixed) size 1024
Function    MB/s        Min (sec)   Max         Average     
Copy        5883516.844 0.00073     0.00310     0.00230     
Mul         5695691.658 0.00075     0.00312     0.00233     
Add         6501025.181 0.00099     0.00335     0.00255     
Triad       6520554.142 0.00099     0.00335     0.00255     
Dot         6383957.929 0.00067     0.00304     0.00226     
BabelStream
Version: 5.0
Implementation: CUDA
Running  Classic kernels 100 times in  Classic order 
Number of elements: 268435456
Precision: double
Array size: 2147.5 MB
Total size: 6442.5 MB
CUDA Driver: 13030
CUDA Device 0: "NVIDIA B300 SXM6 AC" 148 SMs(10,3) Memory: 3996 MHz x 7680-bit = 7672.320000 GB/s PEAK, ECC is ON
Memory Allocation: DEFAULT
Parallel for kernel config: thread blocks of size 256
Reduction kernel config: 592 groups of (fixed) size 1024
Function    MB/s        Min (sec)   Max         Average     
Copy        5886177.719 0.00073     0.00313     0.00235     
Mul         5698865.786 0.00075     0.00315     0.00244     
Add         6522739.343 0.00099     0.00338     0.00263     
Triad       6515153.542 0.00099     0.00338     0.00263     
Dot         6402877.957 0.00067     0.00307     0.00234     
BabelStream
Version: 5.0
Implementation: CUDA
Running  Classic kernels 100 times in  Classic order 
Number of elements: 268435456
Precision: double
Array size: 2147.5 MB
Total size: 6442.5 MB
CUDA Driver: 13030
CUDA Device 0: "NVIDIA B300 SXM6 AC" 148 SMs(10,3) Memory: 3996 MHz x 7680-bit = 7672.320000 GB/s PEAK, ECC is ON
Memory Allocation: DEFAULT
Parallel for kernel config: thread blocks of size 256
Reduction kernel config: 592 groups of (fixed) size 1024
Function    MB/s        Min (sec)   Max         Average     
Copy        5889478.933 0.00073     0.00309     0.00141     
Mul         5701445.478 0.00075     0.00311     0.00143     
Add         6493247.620 0.00099     0.00336     0.00169     
Triad       6536491.446 0.00099     0.00335     0.00170     
Dot         6395060.349 0.00067     0.00304     0.00139     
BabelStream
Version: 5.0
Implementation: CUDA
Running  Classic kernels 100 times in  Classic order 
Number of elements: 268435456
Precision: double
Array size: 2147.5 MB
Total size: 6442.5 MB
CUDA Driver: 13030
CUDA Device 0: "NVIDIA B300 SXM6 AC" 148 SMs(10,3) Memory: 3996 MHz x 7680-bit = 7672.320000 GB/s PEAK, ECC is ON
Memory Allocation: DEFAULT
Parallel for kernel config: thread blocks of size 256
Reduction kernel config: 592 groups of (fixed) size 1024
Function    MB/s        Min (sec)   Max         Average     
Copy        5893689.513 0.00073     0.00310     0.00254     
Mul         5701127.619 0.00075     0.00311     0.00255     
Add         6525791.831 0.00099     0.00335     0.00280     
Triad       6521121.757 0.00099     0.00335     0.00280     
Dot         6420662.426 0.00067     0.00304     0.00253     
BabelStream
Version: 5.0
Implementation: CUDA
Running  Classic kernels 100 times in  Classic order 
Number of elements: 268435456
Precision: double
Array size: 2147.5 MB
Total size: 6442.5 MB
CUDA Driver: 13030
CUDA Device 0: "NVIDIA B300 SXM6 AC" 148 SMs(10,3) Memory: 3996 MHz x 7680-bit = 7672.320000 GB/s PEAK, ECC is ON
Memory Allocation: DEFAULT
Parallel for kernel config: thread blocks of size 256
Reduction kernel config: 592 groups of (fixed) size 1024
Function    MB/s        Min (sec)   Max         Average     
Copy        5887848.042 0.00073     0.00312     0.00173     
Mul         5704080.535 0.00075     0.00314     0.00176     
Add         6495794.408 0.00099     0.00338     0.00200     
Triad       6540506.213 0.00099     0.00338     0.00200     
Dot         6397822.930 0.00067     0.00307     0.00169     
BabelStream
Version: 5.0
Implementation: CUDA
Running  Classic kernels 100 times in  Classic order 
Number of elements: 268435456
Precision: double
Array size: 2147.5 MB
Total size: 6442.5 MB
CUDA Driver: 13030
CUDA Device 0: "NVIDIA B300 SXM6 AC" 148 SMs(10,3) Memory: 3996 MHz x 7680-bit = 7672.320000 GB/s PEAK, ECC is ON
Memory Allocation: DEFAULT
Parallel for kernel config: thread blocks of size 256
Reduction kernel config: 592 groups of (fixed) size 1024
Function    MB/s        Min (sec)   Max         Average     
Copy        5893956.413 0.00073     0.00310     0.00240     
Mul         5704216.897 0.00075     0.00313     0.00240     
Add         6504543.314 0.00099     0.00338     0.00265     
Triad       6523016.724 0.00099     0.00338     0.00265     
Dot         6403727.603 0.00067     0.00306     0.00234     
BabelStream
Version: 5.0
Implementation: CUDA
Running  Classic kernels 100 times in  Classic order 
Number of elements: 268435456
Precision: double
Array size: 2147.5 MB
Total size: 6442.5 MB
CUDA Driver: 13030
CUDA Device 0: "NVIDIA B300 SXM6 AC" 148 SMs(10,3) Memory: 3996 MHz x 7680-bit = 7672.320000 GB/s PEAK, ECC is ON
Memory Allocation: DEFAULT
Parallel for kernel config: thread blocks of size 256
Reduction kernel config: 592 groups of (fixed) size 1024
Function    MB/s        Min (sec)   Max         Average     
Copy        5889301.267 0.00073     0.00313     0.00184     
Mul         5705906.816 0.00075     0.00315     0.00187     
Add         6496501.839 0.00099     0.00339     0.00213     
Triad       6534509.108 0.00099     0.00339     0.00213     
Dot         6404071.344 0.00067     0.00308     0.00181     
BabelStream
Version: 5.0
Implementation: CUDA
Running  Classic kernels 100 times in  Classic order 
Number of elements: 268435456
Precision: double
Array size: 2147.5 MB
Total size: 6442.5 MB
CUDA Driver: 13030
CUDA Device 0: "NVIDIA B300 SXM6 AC" 148 SMs(10,3) Memory: 3996 MHz x 7680-bit = 7672.320000 GB/s PEAK, ECC is ON
Memory Allocation: DEFAULT
Parallel for kernel config: thread blocks of size 256
Reduction kernel config: 592 groups of (fixed) size 1024
Function    MB/s        Min (sec)   Max         Average     
Copy        5888461.538 0.00073     0.00310     0.00211     
Mul         5699985.131 0.00075     0.00312     0.00211     
Add         6494792.477 0.00099     0.00335     0.00235     
Triad       6538010.506 0.00099     0.00335     0.00237     
Dot         6389067.094 0.00067     0.00304     0.00208     
BabelStream
Version: 5.0
Implementation: CUDA
Running  Classic kernels 100 times in  Classic order 
Number of elements: 268435456
Precision: double
Array size: 2147.5 MB
Total size: 6442.5 MB
CUDA Driver: 13030
CUDA Device 0: "NVIDIA B300 SXM6 AC" 148 SMs(10,3) Memory: 3996 MHz x 7680-bit = 7672.320000 GB/s PEAK, ECC is ON
Memory Allocation: DEFAULT
Parallel for kernel config: thread blocks of size 256
Reduction kernel config: 592 groups of (fixed) size 1024
Function    MB/s        Min (sec)   Max         Average     
Copy        5889672.762 0.00073     0.00309     0.00109     
Mul         5710413.102 0.00075     0.00311     0.00111     
Add         6514554.028 0.00099     0.00335     0.00133     
Triad       6542990.537 0.00098     0.00334     0.00136     
Dot         6398061.195 0.00067     0.00304     0.00106     
BabelStream
Version: 5.0
Implementation: CUDA
Running  Classic kernels 100 times in  Classic order 
Number of elements: 268435456
Precision: double
Array size: 2147.5 MB
Total size: 6442.5 MB
CUDA Driver: 13030
CUDA Device 0: "NVIDIA B300 SXM6 AC" 148 SMs(10,3) Memory: 3996 MHz x 7680-bit = 7672.320000 GB/s PEAK, ECC is ON
Memory Allocation: DEFAULT
Parallel for kernel config: thread blocks of size 256
Reduction kernel config: 592 groups of (fixed) size 1024
Function    MB/s        Min (sec)   Max         Average     
Copy        5889438.553 0.00073     0.00313     0.00132     
Mul         5702929.291 0.00075     0.00315     0.00136     
Add         6496534.594 0.00099     0.00338     0.00162     
Triad       6538103.397 0.00099     0.00338     0.00161     
Dot         6382221.916 0.00067     0.00307     0.00129     
BabelStream
Version: 5.0
Implementation: CUDA
Running  Classic kernels 100 times in  Classic order 
Number of elements: 268435456
Precision: double
Array size: 2147.5 MB
Total size: 6442.5 MB
CUDA Driver: 13030
CUDA Device 0: "NVIDIA B300 SXM6 AC" 148 SMs(10,3) Memory: 3996 MHz x 7680-bit = 7672.320000 GB/s PEAK, ECC is ON
Memory Allocation: DEFAULT
Parallel for kernel config: thread blocks of size 256
Reduction kernel config: 592 groups of (fixed) size 1024
Function    MB/s        Min (sec)   Max         Average     
Copy        5888203.208 0.00073     0.00314     0.00201     
Mul         5709471.808 0.00075     0.00316     0.00205     
Add         6500159.359 0.00099     0.00340     0.00229     
Triad       6532627.332 0.00099     0.00339     0.00231     
Dot         6396841.464 0.00067     0.00308     0.00200     
BabelStream
Version: 5.0
Implementation: CUDA
Running  Classic kernels 100 times in  Classic order 
Number of elements: 268435456
Precision: double
Array size: 2147.5 MB
Total size: 6442.5 MB
CUDA Driver: 13030
CUDA Device 0: "NVIDIA B300 SXM6 AC" 148 SMs(10,3) Memory: 3996 MHz x 7680-bit = 7672.320000 GB/s PEAK, ECC is ON
Memory Allocation: DEFAULT
Parallel for kernel config: thread blocks of size 256
Reduction kernel config: 592 groups of (fixed) size 1024
Function    MB/s        Min (sec)   Max         Average     
Copy        5859852.672 0.00073     0.00311     0.00286     
Mul         5690326.366 0.00075     0.00312     0.00289     
Add         6459529.941 0.00100     0.00420     0.00315     
Triad       6468181.369 0.00100     0.00337     0.00313     
Dot         6284870.389 0.00068     0.00306     0.00283     
BabelStream
Version: 5.0
Implementation: CUDA
Running  Classic kernels 100 times in  Classic order 
Number of elements: 268435456
Precision: double
Array size: 2147.5 MB
Total size: 6442.5 MB
CUDA Driver: 13030
CUDA Device 0: "NVIDIA B300 SXM6 AC" 148 SMs(10,3) Memory: 3996 MHz x 7680-bit = 7672.320000 GB/s PEAK, ECC is ON
Memory Allocation: DEFAULT
Parallel for kernel config: thread blocks of size 256
Reduction kernel config: 592 groups of (fixed) size 1024
Function    MB/s        Min (sec)   Max         Average     
Copy        5895428.840 0.00073     0.00309     0.00135     
Mul         5712137.082 0.00075     0.00311     0.00137     
Add         6503020.073 0.00099     0.00335     0.00160     
Triad       6545217.402 0.00098     0.00335     0.00159     
Dot         6405121.894 0.00067     0.00304     0.00128     
BabelStream
Version: 5.0
Implementation: CUDA
Running  Classic kernels 100 times in  Classic order 
Number of elements: 268435456
Precision: double
Array size: 2147.5 MB
Total size: 6442.5 MB
CUDA Driver: 13030
CUDA Device 0: "NVIDIA B300 SXM6 AC" 148 SMs(10,3) Memory: 3996 MHz x 7680-bit = 7672.320000 GB/s PEAK, ECC is ON
Memory Allocation: DEFAULT
Parallel for kernel config: thread blocks of size 256
Reduction kernel config: 592 groups of (fixed) size 1024
Function    MB/s        Min (sec)   Max         Average     
Copy        5882251.757 0.00073     0.00314     0.00165     
Mul         5698276.037 0.00075     0.00314     0.00170     
Add         6490787.841 0.00099     0.00339     0.00193     
Triad       6531004.839 0.00099     0.00339     0.00196     
Dot         6385694.888 0.00067     0.00309     0.00162     
BabelStream
Version: 5.0
Implementation: CUDA
Running  Classic kernels 100 times in  Classic order 
Number of elements: 268435456
Precision: double
Array size: 2147.5 MB
Total size: 6442.5 MB
CUDA Driver: 13030
CUDA Device 0: "NVIDIA B300 SXM6 AC" 148 SMs(10,3) Memory: 3996 MHz x 7680-bit = 7672.320000 GB/s PEAK, ECC is ON
Memory Allocation: DEFAULT
Parallel for kernel config: thread blocks of size 256
Reduction kernel config: 592 groups of (fixed) size 1024
Function    MB/s        Min (sec)   Max         Average     
Copy        5884588.968 0.00073     0.00313     0.00140     
Mul         5701392.499 0.00075     0.00314     0.00143     
Add         6503249.827 0.00099     0.00338     0.00166     
Triad       6538063.586 0.00099     0.00337     0.00166     
Dot         6390806.834 0.00067     0.00306     0.00135     
BabelStream
Version: 5.0
Implementation: CUDA
Running  Classic kernels 100 times in  Classic order 
Number of elements: 268435456
Precision: double
Array size: 2147.5 MB
Total size: 6442.5 MB
CUDA Driver: 13030
CUDA Device 0: "NVIDIA B300 SXM6 AC" 148 SMs(10,3) Memory: 3996 MHz x 7680-bit = 7672.320000 GB/s PEAK, ECC is ON
Memory Allocation: DEFAULT
Parallel for kernel config: thread blocks of size 256
Reduction kernel config: 592 groups of (fixed) size 1024
Function    MB/s        Min (sec)   Max         Average     
Copy        5894457.927 0.00073     0.00314     0.00148     
Mul         5710572.545 0.00075     0.00317     0.00148     
Add         6504871.693 0.00099     0.00341     0.00172     
Triad       6545456.798 0.00098     0.00339     0.00174     
Dot         6403784.891 0.00067     0.00309     0.00145     
BabelStream
Version: 5.0
Implementation: CUDA
Running  Classic kernels 100 times in  Classic order 
Number of elements: 268435456
Precision: double
Array size: 2147.5 MB
Total size: 6442.5 MB
CUDA Driver: 13030
CUDA Device 0: "NVIDIA B300 SXM6 AC" 148 SMs(10,3) Memory: 3996 MHz x 7680-bit = 7672.320000 GB/s PEAK, ECC is ON
Memory Allocation: DEFAULT
Parallel for kernel config: thread blocks of size 256
Reduction kernel config: 592 groups of (fixed) size 1024
Function    MB/s        Min (sec)   Max         Average     
Copy        5879296.636 0.00073     0.00311     0.00234     
Mul         5695397.098 0.00075     0.00312     0.00237     
Add         6518614.435 0.00099     0.00336     0.00264     
Triad       6525104.442 0.00099     0.00336     0.00262     
Dot         6412667.311 0.00067     0.00305     0.00233     
BabelStream
Version: 5.0
Implementation: CUDA
Running  Classic kernels 100 times in  Classic order 
Number of elements: 268435456
Precision: double
Array size: 2147.5 MB
Total size: 6442.5 MB
CUDA Driver: 13030
CUDA Device 0: "NVIDIA B300 SXM6 AC" 148 SMs(10,3) Memory: 3996 MHz x 7680-bit = 7672.320000 GB/s PEAK, ECC is ON
Memory Allocation: DEFAULT
Parallel for kernel config: thread blocks of size 256
Reduction kernel config: 592 groups of (fixed) size 1024
Function    MB/s        Min (sec)   Max         Average     
Copy        5883476.546 0.00073     0.00309     0.00180     
Mul         5701642.266 0.00075     0.00313     0.00181     
Add         6498434.961 0.00099     0.00337     0.00207     
Triad       6537824.731 0.00099     0.00335     0.00208     
Dot         6398280.415 0.00067     0.00305     0.00177     
BabelStream
Version: 5.0
Implementation: CUDA
Running  Classic kernels 100 times in  Classic order 
Number of elements: 268435456
Precision: double
Array size: 2147.5 MB
Total size: 6442.5 MB
CUDA Driver: 13030
CUDA Device 0: "NVIDIA B300 SXM6 AC" 148 SMs(10,3) Memory: 3996 MHz x 7680-bit = 7672.320000 GB/s PEAK, ECC is ON
Memory Allocation: DEFAULT
Parallel for kernel config: thread blocks of size 256
Reduction kernel config: 592 groups of (fixed) size 1024
Function    MB/s        Min (sec)   Max         Average     
Copy        5884709.908 0.00073     0.00310     0.00202     
Mul         5693449.230 0.00075     0.00313     0.00205     
Add         6492665.217 0.00099     0.00337     0.00228     
Triad       6535344.328 0.00099     0.00337     0.00229     
Dot         6372241.586 0.00067     0.00305     0.00198     
BabelStream
Version: 5.0
Implementation: CUDA
Running  Classic kernels 100 times in  Classic order 
Number of elements: 268435456
Precision: double
Array size: 2147.5 MB
Total size: 6442.5 MB
CUDA Driver: 13030
CUDA Device 0: "NVIDIA B300 SXM6 AC" 148 SMs(10,3) Memory: 3996 MHz x 7680-bit = 7672.320000 GB/s PEAK, ECC is ON
Memory Allocation: DEFAULT
Parallel for kernel config: thread blocks of size 256
Reduction kernel config: 592 groups of (fixed) size 1024
Function    MB/s        Min (sec)   Max         Average     
Copy        5888154.774 0.00073     0.00309     0.00138     
Mul         5700885.464 0.00075     0.00312     0.00142     
Add         6496816.303 0.00099     0.00335     0.00165     
Triad       6538966.083 0.00099     0.00335     0.00165     
Dot         6391872.060 0.00067     0.00304     0.00137     
BabelStream
Version: 5.0
Implementation: CUDA
Running  Classic kernels 100 times in  Classic order 
Number of elements: 268435456
Precision: double
Array size: 2147.5 MB
Total size: 6442.5 MB
CUDA Driver: 13030
CUDA Device 0: "NVIDIA B300 SXM6 AC" 148 SMs(10,3) Memory: 3996 MHz x 7680-bit = 7672.320000 GB/s PEAK, ECC is ON
Memory Allocation: DEFAULT
Parallel for kernel config: thread blocks of size 256
Reduction kernel config: 592 groups of (fixed) size 1024
Function    MB/s        Min (sec)   Max         Average     
Copy        5884887.297 0.00073     0.00309     0.00199     
Mul         5703860.854 0.00075     0.00311     0.00204     
Add         6515595.014 0.00099     0.00335     0.00229     
Triad       6536544.502 0.00099     0.00335     0.00229     
Dot         6382866.882 0.00067     0.00305     0.00199     
