BabelStream
Version: 5.0
Implementation: CUDA
Running  Classic kernels 100 times in  Classic order 
Number of elements: 268435456
Precision: double
Array size: 2147.5 MB
Total size: 6442.5 MB
CUDA Driver: 13030
CUDA Device 0: "NVIDIA B300 SXM6 AC" 148 SMs(10,3) Memory: 3996 MHz x 7680-bit = 7672.320000 GB/s PEAK, ECC is ON
Memory Allocation: DEFAULT
Parallel for kernel config: thread blocks of size 256
Reduction kernel config: 592 groups of (fixed) size 1024
Function    MB/s        Min (sec)   Max         Average     
Copy        5846977.241 0.00073     0.00310     0.00172     
Mul         5664457.528 0.00076     0.00313     0.00173     
Add         6516280.401 0.00099     0.00335     0.00196     
Triad       6507447.328 0.00099     0.00335     0.00194     
Dot         6402448.446 0.00067     0.00304     0.00164     
BabelStream
Version: 5.0
Implementation: CUDA
Running  Classic kernels 100 times in  Classic order 
Number of elements: 268435456
Precision: double
Array size: 2147.5 MB
Total size: 6442.5 MB
CUDA Driver: 13030
CUDA Device 0: "NVIDIA B300 SXM6 AC" 148 SMs(10,3) Memory: 3996 MHz x 7680-bit = 7672.320000 GB/s PEAK, ECC is ON
Memory Allocation: DEFAULT
Parallel for kernel config: thread blocks of size 256
Reduction kernel config: 592 groups of (fixed) size 1024
Function    MB/s        Min (sec)   Max         Average     
Copy        5850306.338 0.00073     0.00313     0.00206     
Mul         5667237.964 0.00076     0.00315     0.00209     
Add         6495715.814 0.00099     0.00338     0.00231     
Triad       6533978.921 0.00099     0.00338     0.00231     
Dot         6378023.341 0.00067     0.00308     0.00202     
BabelStream
Version: 5.0
Implementation: CUDA
Running  Classic kernels 100 times in  Classic order 
Number of elements: 268435456
Precision: double
Array size: 2147.5 MB
Total size: 6442.5 MB
CUDA Driver: 13030
CUDA Device 0: "NVIDIA B300 SXM6 AC" 148 SMs(10,3) Memory: 3996 MHz x 7680-bit = 7672.320000 GB/s PEAK, ECC is ON
Memory Allocation: DEFAULT
Parallel for kernel config: thread blocks of size 256
Reduction kernel config: 592 groups of (fixed) size 1024
Function    MB/s        Min (sec)   Max         Average     
Copy        1393886.551 0.00308     0.00313     0.00313     
Mul         1383500.717 0.00310     0.00315     0.00315     
Add         1929510.107 0.00334     0.00339     0.00338     
Triad       1930087.589 0.00334     0.00338     0.00338     
Dot         1417633.012 0.00303     0.00308     0.00307     
BabelStream
Version: 5.0
Implementation: CUDA
Running  Classic kernels 100 times in  Classic order 
Number of elements: 268435456
Precision: double
Array size: 2147.5 MB
Total size: 6442.5 MB
CUDA Driver: 13030
CUDA Device 0: "NVIDIA B300 SXM6 AC" 148 SMs(10,3) Memory: 3996 MHz x 7680-bit = 7672.320000 GB/s PEAK, ECC is ON
Memory Allocation: DEFAULT
Parallel for kernel config: thread blocks of size 256
Reduction kernel config: 592 groups of (fixed) size 1024
Function    MB/s        Min (sec)   Max         Average     
Copy        5856927.995 0.00073     0.00310     0.00184     
Mul         5667065.976 0.00076     0.00312     0.00187     
Add         6512848.322 0.00099     0.00335     0.00209     
Triad       6539443.977 0.00099     0.00335     0.00213     
Dot         6388753.471 0.00067     0.00304     0.00182     
BabelStream
Version: 5.0
Implementation: CUDA
Running  Classic kernels 100 times in  Classic order 
Number of elements: 268435456
Precision: double
Array size: 2147.5 MB
Total size: 6442.5 MB
CUDA Driver: 13030
CUDA Device 0: "NVIDIA B300 SXM6 AC" 148 SMs(10,3) Memory: 3996 MHz x 7680-bit = 7672.320000 GB/s PEAK, ECC is ON
Memory Allocation: DEFAULT
Parallel for kernel config: thread blocks of size 256
Reduction kernel config: 592 groups of (fixed) size 1024
Function    MB/s        Min (sec)   Max         Average     
Copy        5852259.365 0.00073     0.00310     0.00202     
Mul         5668876.110 0.00076     0.00312     0.00204     
Add         6498611.948 0.00099     0.00335     0.00225     
Triad       6508683.305 0.00099     0.00336     0.00226     
Dot         6405236.520 0.00067     0.00304     0.00198     
BabelStream
Version: 5.0
Implementation: CUDA
Running  Classic kernels 100 times in  Classic order 
Number of elements: 268435456
Precision: double
Array size: 2147.5 MB
Total size: 6442.5 MB
CUDA Driver: 13030
CUDA Device 0: "NVIDIA B300 SXM6 AC" 148 SMs(10,3) Memory: 3996 MHz x 7680-bit = 7672.320000 GB/s PEAK, ECC is ON
Memory Allocation: DEFAULT
Parallel for kernel config: thread blocks of size 256
Reduction kernel config: 592 groups of (fixed) size 1024
Function    MB/s        Min (sec)   Max         Average     
Copy        5858733.598 0.00073     0.00313     0.00198     
Mul         5669676.827 0.00076     0.00315     0.00201     
Add         6500703.750 0.00099     0.00338     0.00226     
Triad       6540479.653 0.00099     0.00338     0.00225     
Dot         6408256.487 0.00067     0.00307     0.00194     
BabelStream
Version: 5.0
Implementation: CUDA
Running  Classic kernels 100 times in  Classic order 
Number of elements: 268435456
Precision: double
Array size: 2147.5 MB
Total size: 6442.5 MB
CUDA Driver: 13030
CUDA Device 0: "NVIDIA B300 SXM6 AC" 148 SMs(10,3) Memory: 3996 MHz x 7680-bit = 7672.320000 GB/s PEAK, ECC is ON
Memory Allocation: DEFAULT
Parallel for kernel config: thread blocks of size 256
Reduction kernel config: 592 groups of (fixed) size 1024
Function    MB/s        Min (sec)   Max         Average     
Copy        5848354.613 0.00073     0.00310     0.00171     
Mul         5669609.469 0.00076     0.00312     0.00171     
Add         6493293.432 0.00099     0.00335     0.00195     
Triad       6507217.278 0.00099     0.00335     0.00197     
Dot         6396631.870 0.00067     0.00304     0.00166     
BabelStream
Version: 5.0
Implementation: CUDA
Running  Classic kernels 100 times in  Classic order 
Number of elements: 268435456
Precision: double
Array size: 2147.5 MB
Total size: 6442.5 MB
CUDA Driver: 13030
CUDA Device 0: "NVIDIA B300 SXM6 AC" 148 SMs(10,3) Memory: 3996 MHz x 7680-bit = 7672.320000 GB/s PEAK, ECC is ON
Memory Allocation: DEFAULT
Parallel for kernel config: thread blocks of size 256
Reduction kernel config: 592 groups of (fixed) size 1024
Function    MB/s        Min (sec)   Max         Average     
Copy        5846794.171 0.00073     0.00313     0.00288     
Mul         5663606.005 0.00076     0.00315     0.00290     
Add         6510821.076 0.00099     0.00338     0.00313     
Triad       6510228.937 0.00099     0.00338     0.00312     
Dot         6412667.311 0.00067     0.00307     0.00284     
BabelStream
Version: 5.0
Implementation: CUDA
Running  Classic kernels 100 times in  Classic order 
Number of elements: 268435456
Precision: double
Array size: 2147.5 MB
Total size: 6442.5 MB
CUDA Driver: 13030
CUDA Device 0: "NVIDIA B300 SXM6 AC" 148 SMs(10,3) Memory: 3996 MHz x 7680-bit = 7672.320000 GB/s PEAK, ECC is ON
Memory Allocation: DEFAULT
Parallel for kernel config: thread blocks of size 256
Reduction kernel config: 592 groups of (fixed) size 1024
Function    MB/s        Min (sec)   Max         Average     
Copy        5839901.579 0.00074     0.00313     0.00296     
Mul         5663568.664 0.00076     0.00315     0.00298     
Add         6491101.752 0.00099     0.00338     0.00321     
Triad       6486664.046 0.00099     0.00339     0.00322     
Dot         6344060.903 0.00068     0.00307     0.00290     
BabelStream
Version: 5.0
Implementation: CUDA
Running  Classic kernels 100 times in  Classic order 
Number of elements: 268435456
Precision: double
Array size: 2147.5 MB
Total size: 6442.5 MB
CUDA Driver: 13030
CUDA Device 0: "NVIDIA B300 SXM6 AC" 148 SMs(10,3) Memory: 3996 MHz x 7680-bit = 7672.320000 GB/s PEAK, ECC is ON
Memory Allocation: DEFAULT
Parallel for kernel config: thread blocks of size 256
Reduction kernel config: 592 groups of (fixed) size 1024
Function    MB/s        Min (sec)   Max         Average     
Copy        5853080.824 0.00073     0.00312     0.00158     
Mul         5673563.892 0.00076     0.00315     0.00160     
Add         6497995.812 0.00099     0.00338     0.00184     
Triad       6512473.054 0.00099     0.00338     0.00184     
Dot         6389095.607 0.00067     0.00306     0.00153     
BabelStream
Version: 5.0
Implementation: CUDA
Running  Classic kernels 100 times in  Classic order 
Number of elements: 268435456
Precision: double
Array size: 2147.5 MB
Total size: 6442.5 MB
CUDA Driver: 13030
CUDA Device 0: "NVIDIA B300 SXM6 AC" 148 SMs(10,3) Memory: 3996 MHz x 7680-bit = 7672.320000 GB/s PEAK, ECC is ON
Memory Allocation: DEFAULT
Parallel for kernel config: thread blocks of size 256
Reduction kernel config: 592 groups of (fixed) size 1024
Function    MB/s        Min (sec)   Max         Average     
Copy        5853304.172 0.00073     0.00310     0.00209     
Mul         5668382.322 0.00076     0.00312     0.00214     
Add         6492926.958 0.00099     0.00336     0.00239     
Triad       6536823.058 0.00099     0.00336     0.00240     
Dot         6383938.952 0.00067     0.00304     0.00207     
BabelStream
Version: 5.0
Implementation: CUDA
Running  Classic kernels 100 times in  Classic order 
Number of elements: 268435456
Precision: double
Array size: 2147.5 MB
Total size: 6442.5 MB
CUDA Driver: 13030
CUDA Device 0: "NVIDIA B300 SXM6 AC" 148 SMs(10,3) Memory: 3996 MHz x 7680-bit = 7672.320000 GB/s PEAK, ECC is ON
Memory Allocation: DEFAULT
Parallel for kernel config: thread blocks of size 256
Reduction kernel config: 592 groups of (fixed) size 1024
Function    MB/s        Min (sec)   Max         Average     
Copy        5850346.182 0.00073     0.00315     0.00296     
Mul         5665451.295 0.00076     0.00316     0.00297     
Add         6504760.040 0.00099     0.00340     0.00321     
Triad       6486513.832 0.00099     0.00340     0.00320     
Dot         6354282.103 0.00068     0.00309     0.00288     
BabelStream
Version: 5.0
Implementation: CUDA
Running  Classic kernels 100 times in  Classic order 
Number of elements: 268435456
Precision: double
Array size: 2147.5 MB
Total size: 6442.5 MB
CUDA Driver: 13030
CUDA Device 0: "NVIDIA B300 SXM6 AC" 148 SMs(10,3) Memory: 3996 MHz x 7680-bit = 7672.320000 GB/s PEAK, ECC is ON
Memory Allocation: DEFAULT
Parallel for kernel config: thread blocks of size 256
Reduction kernel config: 592 groups of (fixed) size 1024
Function    MB/s        Min (sec)   Max         Average     
Copy        5821789.921 0.00074     0.00313     0.00299     
Mul         5638060.408 0.00076     0.00316     0.00300     
Add         6440840.734 0.00100     0.00339     0.00326     
Triad       6463911.129 0.00100     0.00339     0.00326     
Dot         6299222.375 0.00068     0.00308     0.00295     
BabelStream
Version: 5.0
Implementation: CUDA
Running  Classic kernels 100 times in  Classic order 
Number of elements: 268435456
Precision: double
Array size: 2147.5 MB
Total size: 6442.5 MB
CUDA Driver: 13030
CUDA Device 0: "NVIDIA B300 SXM6 AC" 148 SMs(10,3) Memory: 3996 MHz x 7680-bit = 7672.320000 GB/s PEAK, ECC is ON
Memory Allocation: DEFAULT
Parallel for kernel config: thread blocks of size 256
Reduction kernel config: 592 groups of (fixed) size 1024
Function    MB/s        Min (sec)   Max         Average     
Copy        5832621.231 0.00074     0.00310     0.00290     
Mul         5658494.784 0.00076     0.00312     0.00290     
Add         6509906.596 0.00099     0.00335     0.00315     
Triad       6537426.679 0.00099     0.00334     0.00314     
Dot         6397146.354 0.00067     0.00304     0.00282     
BabelStream
Version: 5.0
Implementation: CUDA
Running  Classic kernels 100 times in  Classic order 
Number of elements: 268435456
Precision: double
Array size: 2147.5 MB
Total size: 6442.5 MB
CUDA Driver: 13030
CUDA Device 0: "NVIDIA B300 SXM6 AC" 148 SMs(10,3) Memory: 3996 MHz x 7680-bit = 7672.320000 GB/s PEAK, ECC is ON
Memory Allocation: DEFAULT
Parallel for kernel config: thread blocks of size 256
Reduction kernel config: 592 groups of (fixed) size 1024
Function    MB/s        Min (sec)   Max         Average     
Copy        5849955.728 0.00073     0.00310     0.00259     
Mul         5666049.218 0.00076     0.00312     0.00261     
Add         6513072.186 0.00099     0.00335     0.00284     
Triad       6511229.057 0.00099     0.00335     0.00283     
Dot         6399338.600 0.00067     0.00304     0.00253     
BabelStream
Version: 5.0
Implementation: CUDA
Running  Classic kernels 100 times in  Classic order 
Number of elements: 268435456
Precision: double
Array size: 2147.5 MB
Total size: 6442.5 MB
CUDA Driver: 13030
CUDA Device 0: "NVIDIA B300 SXM6 AC" 148 SMs(10,3) Memory: 3996 MHz x 7680-bit = 7672.320000 GB/s PEAK, ECC is ON
Memory Allocation: DEFAULT
Parallel for kernel config: thread blocks of size 256
Reduction kernel config: 592 groups of (fixed) size 1024
Function    MB/s        Min (sec)   Max         Average     
Copy        5844152.872 0.00073     0.00313     0.00183     
Mul         5667080.931 0.00076     0.00315     0.00187     
Add         6490813.999 0.00099     0.00338     0.00210     
Triad       6503912.921 0.00099     0.00338     0.00210     
Dot         6396469.920 0.00067     0.00307     0.00179     
BabelStream
Version: 5.0
Implementation: CUDA
Running  Classic kernels 100 times in  Classic order 
Number of elements: 268435456
Precision: double
Array size: 2147.5 MB
Total size: 6442.5 MB
CUDA Driver: 13030
CUDA Device 0: "NVIDIA B300 SXM6 AC" 148 SMs(10,3) Memory: 3996 MHz x 7680-bit = 7672.320000 GB/s PEAK, ECC is ON
Memory Allocation: DEFAULT
Parallel for kernel config: thread blocks of size 256
Reduction kernel config: 592 groups of (fixed) size 1024
Function    MB/s        Min (sec)   Max         Average     
Copy        5843659.881 0.00073     0.00310     0.00214     
Mul         5662232.157 0.00076     0.00313     0.00216     
Add         6488212.305 0.00099     0.00336     0.00238     
Triad       6499857.687 0.00099     0.00335     0.00239     
Dot         6400893.145 0.00067     0.00304     0.00207     
BabelStream
Version: 5.0
Implementation: CUDA
Running  Classic kernels 100 times in  Classic order 
Number of elements: 268435456
Precision: double
Array size: 2147.5 MB
Total size: 6442.5 MB
CUDA Driver: 13030
CUDA Device 0: "NVIDIA B300 SXM6 AC" 148 SMs(10,3) Memory: 3996 MHz x 7680-bit = 7672.320000 GB/s PEAK, ECC is ON
Memory Allocation: DEFAULT
Parallel for kernel config: thread blocks of size 256
Reduction kernel config: 592 groups of (fixed) size 1024
Function    MB/s        Min (sec)   Max         Average     
Copy        5844526.646 0.00073     0.00313     0.00192     
Mul         5660918.665 0.00076     0.00315     0.00194     
Add         6489473.670 0.00099     0.00342     0.00219     
Triad       6503893.223 0.00099     0.00339     0.00217     
Dot         6388877.016 0.00067     0.00307     0.00186     
BabelStream
Version: 5.0
Implementation: CUDA
Running  Classic kernels 100 times in  Classic order 
Number of elements: 268435456
Precision: double
Array size: 2147.5 MB
Total size: 6442.5 MB
CUDA Driver: 13030
CUDA Device 0: "NVIDIA B300 SXM6 AC" 148 SMs(10,3) Memory: 3996 MHz x 7680-bit = 7672.320000 GB/s PEAK, ECC is ON
Memory Allocation: DEFAULT
Parallel for kernel config: thread blocks of size 256
Reduction kernel config: 592 groups of (fixed) size 1024
Function    MB/s        Min (sec)   Max         Average     
Copy        5844574.365 0.00073     0.00311     0.00290     
Mul         5661657.430 0.00076     0.00312     0.00291     
Add         6533256.679 0.00099     0.00335     0.00315     
Triad       6498572.617 0.00099     0.00336     0.00318     
Dot         6425138.409 0.00067     0.00304     0.00284     
BabelStream
Version: 5.0
Implementation: CUDA
Running  Classic kernels 100 times in  Classic order 
Number of elements: 268435456
Precision: double
Array size: 2147.5 MB
Total size: 6442.5 MB
CUDA Driver: 13030
CUDA Device 0: "NVIDIA B300 SXM6 AC" 148 SMs(10,3) Memory: 3996 MHz x 7680-bit = 7672.320000 GB/s PEAK, ECC is ON
Memory Allocation: DEFAULT
Parallel for kernel config: thread blocks of size 256
Reduction kernel config: 592 groups of (fixed) size 1024
Function    MB/s        Min (sec)   Max         Average     
Copy        5854269.555 0.00073     0.00310     0.00275     
Mul         5664091.491 0.00076     0.00312     0.00276     
Add         6517071.412 0.00099     0.00335     0.00298     
Triad       6511084.283 0.00099     0.00336     0.00301     
Dot         6407654.178 0.00067     0.00304     0.00268     
BabelStream
Version: 5.0
Implementation: CUDA
Running  Classic kernels 100 times in  Classic order 
Number of elements: 268435456
Precision: double
Array size: 2147.5 MB
Total size: 6442.5 MB
CUDA Driver: 13030
CUDA Device 0: "NVIDIA B300 SXM6 AC" 148 SMs(10,3) Memory: 3996 MHz x 7680-bit = 7672.320000 GB/s PEAK, ECC is ON
Memory Allocation: DEFAULT
Parallel for kernel config: thread blocks of size 256
Reduction kernel config: 592 groups of (fixed) size 1024
Function    MB/s        Min (sec)   Max         Average     
Copy        5831061.256 0.00074     0.00313     0.00262     
Mul         5658241.329 0.00076     0.00314     0.00268     
Add         6487088.601 0.00099     0.00336     0.00291     
Triad       6518957.428 0.00099     0.00335     0.00290     
Dot         6359626.350 0.00068     0.00304     0.00259     
BabelStream
Version: 5.0
Implementation: CUDA
Running  Classic kernels 100 times in  Classic order 
Number of elements: 268435456
Precision: double
Array size: 2147.5 MB
Total size: 6442.5 MB
CUDA Driver: 13030
CUDA Device 0: "NVIDIA B300 SXM6 AC" 148 SMs(10,3) Memory: 3996 MHz x 7680-bit = 7672.320000 GB/s PEAK, ECC is ON
Memory Allocation: DEFAULT
Parallel for kernel config: thread blocks of size 256
Reduction kernel config: 592 groups of (fixed) size 1024
Function    MB/s        Min (sec)   Max         Average     
Copy        5804723.684 0.00074     0.00311     0.00293     
Mul         5638993.108 0.00076     0.00312     0.00295     
Add         6438819.450 0.00100     0.00336     0.00319     
Triad       6446054.288 0.00100     0.00336     0.00321     
Dot         6261423.790 0.00069     0.00305     0.00290     
BabelStream
Version: 5.0
Implementation: CUDA
Running  Classic kernels 100 times in  Classic order 
Number of elements: 268435456
Precision: double
Array size: 2147.5 MB
Total size: 6442.5 MB
CUDA Driver: 13030
CUDA Device 0: "NVIDIA B300 SXM6 AC" 148 SMs(10,3) Memory: 3996 MHz x 7680-bit = 7672.320000 GB/s PEAK, ECC is ON
Memory Allocation: DEFAULT
Parallel for kernel config: thread blocks of size 256
Reduction kernel config: 592 groups of (fixed) size 1024
Function    MB/s        Min (sec)   Max         Average     
Copy        5850920.006 0.00073     0.00313     0.00146     
Mul         5672147.754 0.00076     0.00315     0.00149     
Add         6493286.887 0.00099     0.00338     0.00172     
Triad       6508847.699 0.00099     0.00338     0.00175     
Dot         6407176.235 0.00067     0.00307     0.00140     
BabelStream
Version: 5.0
Implementation: CUDA
Running  Classic kernels 100 times in  Classic order 
Number of elements: 268435456
Precision: double
Array size: 2147.5 MB
Total size: 6442.5 MB
CUDA Driver: 13030
CUDA Device 0: "NVIDIA B300 SXM6 AC" 148 SMs(10,3) Memory: 3996 MHz x 7680-bit = 7672.320000 GB/s PEAK, ECC is ON
Memory Allocation: DEFAULT
Parallel for kernel config: thread blocks of size 256
Reduction kernel config: 592 groups of (fixed) size 1024
Function    MB/s        Min (sec)   Max         Average     
Copy        5853990.279 0.00073     0.00314     0.00253     
Mul         5659449.173 0.00076     0.00316     0.00255     
Add         6500611.919 0.00099     0.00339     0.00279     
Triad       6516609.965 0.00099     0.00339     0.00279     
Dot         6370474.142 0.00067     0.00308     0.00249     
BabelStream
Version: 5.0
Implementation: CUDA
Running  Classic kernels 100 times in  Classic order 
Number of elements: 268435456
Precision: double
Array size: 2147.5 MB
Total size: 6442.5 MB
CUDA Driver: 13030
CUDA Device 0: "NVIDIA B300 SXM6 AC" 148 SMs(10,3) Memory: 3996 MHz x 7680-bit = 7672.320000 GB/s PEAK, ECC is ON
Memory Allocation: DEFAULT
Parallel for kernel config: thread blocks of size 256
Reduction kernel config: 592 groups of (fixed) size 1024
Function    MB/s        Min (sec)   Max         Average     
Copy        5816633.526 0.00074     0.00314     0.00301     
Mul         5633741.444 0.00076     0.00319     0.00303     
Add         6441349.473 0.00100     0.00339     0.00327     
Triad       6474857.606 0.00099     0.00339     0.00326     
Dot         6271352.762 0.00068     0.00308     0.00298     
BabelStream
Version: 5.0
Implementation: CUDA
Running  Classic kernels 100 times in  Classic order 
Number of elements: 268435456
Precision: double
Array size: 2147.5 MB
Total size: 6442.5 MB
CUDA Driver: 13030
CUDA Device 0: "NVIDIA B300 SXM6 AC" 148 SMs(10,3) Memory: 3996 MHz x 7680-bit = 7672.320000 GB/s PEAK, ECC is ON
Memory Allocation: DEFAULT
Parallel for kernel config: thread blocks of size 256
Reduction kernel config: 592 groups of (fixed) size 1024
Function    MB/s        Min (sec)   Max         Average     
Copy        5806834.806 0.00074     0.00310     0.00301     
Mul         5630558.231 0.00076     0.00312     0.00305     
Add         6444029.731 0.00100     0.00336     0.00328     
Triad       6462737.477 0.00100     0.00336     0.00328     
Dot         6279696.900 0.00068     0.00305     0.00297     
BabelStream
Version: 5.0
Implementation: CUDA
Running  Classic kernels 100 times in  Classic order 
Number of elements: 268435456
Precision: double
Array size: 2147.5 MB
Total size: 6442.5 MB
CUDA Driver: 13030
CUDA Device 0: "NVIDIA B300 SXM6 AC" 148 SMs(10,3) Memory: 3996 MHz x 7680-bit = 7672.320000 GB/s PEAK, ECC is ON
Memory Allocation: DEFAULT
Parallel for kernel config: thread blocks of size 256
Reduction kernel config: 592 groups of (fixed) size 1024
Function    MB/s        Min (sec)   Max         Average     
Copy        5821198.127 0.00074     0.00313     0.00296     
Mul         5650767.163 0.00076     0.00316     0.00298     
Add         6520712.536 0.00099     0.00338     0.00322     
Triad       6526545.483 0.00099     0.00339     0.00321     
Dot         6403479.369 0.00067     0.00307     0.00289     
BabelStream
Version: 5.0
Implementation: CUDA
Running  Classic kernels 100 times in  Classic order 
Number of elements: 268435456
Precision: double
Array size: 2147.5 MB
Total size: 6442.5 MB
CUDA Driver: 13030
CUDA Device 0: "NVIDIA B300 SXM6 AC" 148 SMs(10,3) Memory: 3996 MHz x 7680-bit = 7672.320000 GB/s PEAK, ECC is ON
Memory Allocation: DEFAULT
Parallel for kernel config: thread blocks of size 256
Reduction kernel config: 592 groups of (fixed) size 1024
Function    MB/s        Min (sec)   Max         Average     
Copy        5848744.854 0.00073     0.00313     0.00189     
Mul         5664278.239 0.00076     0.00315     0.00191     
Add         6490192.802 0.00099     0.00338     0.00217     
Triad       6532322.639 0.00099     0.00338     0.00216     
Dot         6385894.271 0.00067     0.00307     0.00187     
BabelStream
Version: 5.0
Implementation: CUDA
Running  Classic kernels 100 times in  Classic order 
Number of elements: 268435456
Precision: double
Array size: 2147.5 MB
Total size: 6442.5 MB
CUDA Driver: 13030
CUDA Device 0: "NVIDIA B300 SXM6 AC" 148 SMs(10,3) Memory: 3996 MHz x 7680-bit = 7672.320000 GB/s PEAK, ECC is ON
Memory Allocation: DEFAULT
Parallel for kernel config: thread blocks of size 256
Reduction kernel config: 592 groups of (fixed) size 1024
Function    MB/s        Min (sec)   Max         Average     
Copy        5853687.096 0.00073     0.00313     0.00190     
Mul         5678311.983 0.00076     0.00315     0.00191     
Add         6497215.977 0.00099     0.00338     0.00216     
Triad       6519848.060 0.00099     0.00338     0.00215     
Dot         6415703.875 0.00067     0.00307     0.00186     
BabelStream
Version: 5.0
Implementation: CUDA
Running  Classic kernels 100 times in  Classic order 
Number of elements: 268435456
Precision: double
Array size: 2147.5 MB
Total size: 6442.5 MB
CUDA Driver: 13030
CUDA Device 0: "NVIDIA B300 SXM6 AC" 148 SMs(10,3) Memory: 3996 MHz x 7680-bit = 7672.320000 GB/s PEAK, ECC is ON
Memory Allocation: DEFAULT
Parallel for kernel config: thread blocks of size 256
Reduction kernel config: 592 groups of (fixed) size 1024
Function    MB/s        Min (sec)   Max         Average     
Copy        5816444.475 0.00074     0.00312     0.00302     
Mul         5639052.338 0.00076     0.00314     0.00304     
Add         6451166.470 0.00100     0.00338     0.00328     
Triad       6464293.793 0.00100     0.00338     0.00328     
Dot         6246552.802 0.00069     0.00307     0.00299     
BabelStream
Version: 5.0
Implementation: CUDA
Running  Classic kernels 100 times in  Classic order 
Number of elements: 268435456
Precision: double
Array size: 2147.5 MB
Total size: 6442.5 MB
CUDA Driver: 13030
CUDA Device 0: "NVIDIA B300 SXM6 AC" 148 SMs(10,3) Memory: 3996 MHz x 7680-bit = 7672.320000 GB/s PEAK, ECC is ON
Memory Allocation: DEFAULT
Parallel for kernel config: thread blocks of size 256
Reduction kernel config: 592 groups of (fixed) size 1024
Function    MB/s        Min (sec)   Max         Average     
Copy        5846467.857 0.00073     0.00310     0.00251     
Mul         5662612.885 0.00076     0.00312     0.00252     
Add         6512868.074 0.00099     0.00335     0.00274     
Triad       6510643.423 0.00099     0.00336     0.00276     
Dot         6412782.207 0.00067     0.00305     0.00246     
BabelStream
Version: 5.0
Implementation: CUDA
Running  Classic kernels 100 times in  Classic order 
Number of elements: 268435456
Precision: double
Array size: 2147.5 MB
Total size: 6442.5 MB
CUDA Driver: 13030
CUDA Device 0: "NVIDIA B300 SXM6 AC" 148 SMs(10,3) Memory: 3996 MHz x 7680-bit = 7672.320000 GB/s PEAK, ECC is ON
Memory Allocation: DEFAULT
Parallel for kernel config: thread blocks of size 256
Reduction kernel config: 592 groups of (fixed) size 1024
Function    MB/s        Min (sec)   Max         Average     
Copy        5841196.177 0.00074     0.00310     0.00230     
Mul         5661426.079 0.00076     0.00312     0.00233     
Add         6489578.261 0.00099     0.00335     0.00256     
Triad       6505843.887 0.00099     0.00335     0.00257     
Dot         6345288.711 0.00068     0.00304     0.00227     
BabelStream
Version: 5.0
Implementation: CUDA
Running  Classic kernels 100 times in  Classic order 
Number of elements: 268435456
Precision: double
Array size: 2147.5 MB
Total size: 6442.5 MB
CUDA Driver: 13030
CUDA Device 0: "NVIDIA B300 SXM6 AC" 148 SMs(10,3) Memory: 3996 MHz x 7680-bit = 7672.320000 GB/s PEAK, ECC is ON
Memory Allocation: DEFAULT
Parallel for kernel config: thread blocks of size 256
Reduction kernel config: 592 groups of (fixed) size 1024
Function    MB/s        Min (sec)   Max         Average     
Copy        5845489.134 0.00073     0.00310     0.00172     
Mul         5667148.230 0.00076     0.00312     0.00174     
Add         6502252.157 0.00099     0.00335     0.00197     
Triad       6527841.640 0.00099     0.00335     0.00199     
Dot         6367584.074 0.00067     0.00305     0.00171     
BabelStream
Version: 5.0
Implementation: CUDA
Running  Classic kernels 100 times in  Classic order 
Number of elements: 268435456
Precision: double
Array size: 2147.5 MB
Total size: 6442.5 MB
CUDA Driver: 13030
CUDA Device 0: "NVIDIA B300 SXM6 AC" 148 SMs(10,3) Memory: 3996 MHz x 7680-bit = 7672.320000 GB/s PEAK, ECC is ON
Memory Allocation: DEFAULT
Parallel for kernel config: thread blocks of size 256
Reduction kernel config: 592 groups of (fixed) size 1024
Function    MB/s        Min (sec)   Max         Average     
Copy        5859141.211 0.00073     0.00310     0.00192     
Mul         5669774.126 0.00076     0.00312     0.00192     
Add         6497733.662 0.00099     0.00335     0.00217     
Triad       6510597.367 0.00099     0.00335     0.00218     
Dot         6405207.863 0.00067     0.00304     0.00190     
