BabelStream
Version: 5.0
Implementation: CUDA
Running  Classic kernels 100 times in  Classic order 
Number of elements: 268435456
Precision: double
Array size: 2147.5 MB
Total size: 6442.5 MB
CUDA Driver: 13030
CUDA Device 0: "NVIDIA B300 SXM6 AC" 148 SMs(10,3) Memory: 3996 MHz x 7680-bit = 7672.320000 GB/s PEAK, ECC is ON
Memory Allocation: DEFAULT
Parallel for kernel config: thread blocks of size 256
Reduction kernel config: 592 groups of (fixed) size 1024
Function    MB/s        Min (sec)   Max         Average     
Copy        5808271.875 0.00074     0.00313     0.00297     
Mul         5635929.681 0.00076     0.00315     0.00299     
Add         6437352.561 0.00100     0.00339     0.00323     
Triad       6461279.111 0.00100     0.00339     0.00323     
Dot         6273138.924 0.00068     0.00308     0.00292     
BabelStream
Version: 5.0
Implementation: CUDA
Running  Classic kernels 100 times in  Classic order 
Number of elements: 268435456
Precision: double
Array size: 2147.5 MB
Total size: 6442.5 MB
CUDA Driver: 13030
CUDA Device 0: "NVIDIA B300 SXM6 AC" 148 SMs(10,3) Memory: 3996 MHz x 7680-bit = 7672.320000 GB/s PEAK, ECC is ON
Memory Allocation: DEFAULT
Parallel for kernel config: thread blocks of size 256
Reduction kernel config: 592 groups of (fixed) size 1024
Function    MB/s        Min (sec)   Max         Average     
Copy        5850401.966 0.00073     0.00310     0.00232     
Mul         5665772.663 0.00076     0.00312     0.00233     
Add         6494615.697 0.00099     0.00335     0.00259     
Triad       6511334.350 0.00099     0.00335     0.00258     
Dot         6370436.346 0.00067     0.00304     0.00228     
BabelStream
Version: 5.0
Implementation: CUDA
Running  Classic kernels 100 times in  Classic order 
Number of elements: 268435456
Precision: double
Array size: 2147.5 MB
Total size: 6442.5 MB
CUDA Driver: 13030
CUDA Device 0: "NVIDIA B300 SXM6 AC" 148 SMs(10,3) Memory: 3996 MHz x 7680-bit = 7672.320000 GB/s PEAK, ECC is ON
Memory Allocation: DEFAULT
Parallel for kernel config: thread blocks of size 256
Reduction kernel config: 592 groups of (fixed) size 1024
Function    MB/s        Min (sec)   Max         Average     
Copy        5845735.773 0.00073     0.00311     0.00151     
Mul         5664158.719 0.00076     0.00312     0.00154     
Add         6491363.367 0.00099     0.00335     0.00178     
Triad       6507276.432 0.00099     0.00336     0.00177     
Dot         6376517.750 0.00067     0.00305     0.00147     
BabelStream
Version: 5.0
Implementation: CUDA
Running  Classic kernels 100 times in  Classic order 
Number of elements: 268435456
Precision: double
Array size: 2147.5 MB
Total size: 6442.5 MB
CUDA Driver: 13030
CUDA Device 0: "NVIDIA B300 SXM6 AC" 148 SMs(10,3) Memory: 3996 MHz x 7680-bit = 7672.320000 GB/s PEAK, ECC is ON
Memory Allocation: DEFAULT
Parallel for kernel config: thread blocks of size 256
Reduction kernel config: 592 groups of (fixed) size 1024
Function    MB/s        Min (sec)   Max         Average     
Copy        5832478.661 0.00074     0.00310     0.00297     
Mul         5651837.942 0.00076     0.00313     0.00299     
Add         6454184.652 0.00100     0.00336     0.00323     
Triad       6474044.280 0.00100     0.00336     0.00325     
Dot         6288624.891 0.00068     0.00305     0.00294     
BabelStream
Version: 5.0
Implementation: CUDA
Running  Classic kernels 100 times in  Classic order 
Number of elements: 268435456
Precision: double
Array size: 2147.5 MB
Total size: 6442.5 MB
CUDA Driver: 13030
CUDA Device 0: "NVIDIA B300 SXM6 AC" 148 SMs(10,3) Memory: 3996 MHz x 7680-bit = 7672.320000 GB/s PEAK, ECC is ON
Memory Allocation: DEFAULT
Parallel for kernel config: thread blocks of size 256
Reduction kernel config: 592 groups of (fixed) size 1024
Function    MB/s        Min (sec)   Max         Average     
Copy        5837599.724 0.00074     0.00309     0.00194     
Mul         5654457.110 0.00076     0.00313     0.00197     
Add         6488186.168 0.00099     0.00335     0.00220     
Triad       6522646.887 0.00099     0.00335     0.00222     
Dot         6361990.846 0.00068     0.00305     0.00191     
BabelStream
Version: 5.0
Implementation: CUDA
Running  Classic kernels 100 times in  Classic order 
Number of elements: 268435456
Precision: double
Array size: 2147.5 MB
Total size: 6442.5 MB
CUDA Driver: 13030
CUDA Device 0: "NVIDIA B300 SXM6 AC" 148 SMs(10,3) Memory: 3996 MHz x 7680-bit = 7672.320000 GB/s PEAK, ECC is ON
Memory Allocation: DEFAULT
Parallel for kernel config: thread blocks of size 256
Reduction kernel config: 592 groups of (fixed) size 1024
Function    MB/s        Min (sec)   Max         Average     
Copy        5844303.966 0.00073     0.00312     0.00242     
Mul         5662702.476 0.00076     0.00313     0.00247     
Add         6511972.765 0.00099     0.00337     0.00270     
Triad       6523690.461 0.00099     0.00337     0.00270     
Dot         6390331.401 0.00067     0.00306     0.00239     
BabelStream
Version: 5.0
Implementation: CUDA
Running  Classic kernels 100 times in  Classic order 
Number of elements: 268435456
Precision: double
Array size: 2147.5 MB
Total size: 6442.5 MB
CUDA Driver: 13030
CUDA Device 0: "NVIDIA B300 SXM6 AC" 148 SMs(10,3) Memory: 3996 MHz x 7680-bit = 7672.320000 GB/s PEAK, ECC is ON
Memory Allocation: DEFAULT
Parallel for kernel config: thread blocks of size 256
Reduction kernel config: 592 groups of (fixed) size 1024
Function    MB/s        Min (sec)   Max         Average     
Copy        5856720.343 0.00073     0.00314     0.00168     
Mul         5674298.464 0.00076     0.00316     0.00173     
Add         6517242.823 0.00099     0.00339     0.00196     
Triad       6512157.073 0.00099     0.00339     0.00196     
Dot         6388145.321 0.00067     0.00309     0.00163     
BabelStream
Version: 5.0
Implementation: CUDA
Running  Classic kernels 100 times in  Classic order 
Number of elements: 268435456
Precision: double
Array size: 2147.5 MB
Total size: 6442.5 MB
CUDA Driver: 13030
CUDA Device 0: "NVIDIA B300 SXM6 AC" 148 SMs(10,3) Memory: 3996 MHz x 7680-bit = 7672.320000 GB/s PEAK, ECC is ON
Memory Allocation: DEFAULT
Parallel for kernel config: thread blocks of size 256
Reduction kernel config: 592 groups of (fixed) size 1024
Function    MB/s        Min (sec)   Max         Average     
Copy        5862484.178 0.00073     0.00313     0.00174     
Mul         5671436.206 0.00076     0.00314     0.00177     
Add         6503006.945 0.00099     0.00338     0.00202     
Triad       6541276.550 0.00098     0.00337     0.00201     
Dot         6400044.251 0.00067     0.00306     0.00172     
BabelStream
Version: 5.0
Implementation: CUDA
Running  Classic kernels 100 times in  Classic order 
Number of elements: 268435456
Precision: double
Array size: 2147.5 MB
Total size: 6442.5 MB
CUDA Driver: 13030
CUDA Device 0: "NVIDIA B300 SXM6 AC" 148 SMs(10,3) Memory: 3996 MHz x 7680-bit = 7672.320000 GB/s PEAK, ECC is ON
Memory Allocation: DEFAULT
Parallel for kernel config: thread blocks of size 256
Reduction kernel config: 592 groups of (fixed) size 1024
Function    MB/s        Min (sec)   Max         Average     
Copy        5848593.530 0.00073     0.00315     0.00234     
Mul         5664696.598 0.00076     0.00316     0.00237     
Add         6497890.950 0.00099     0.00339     0.00261     
Triad       6516161.766 0.00099     0.00340     0.00263     
Dot         6376924.853 0.00067     0.00310     0.00230     
BabelStream
Version: 5.0
Implementation: CUDA
Running  Classic kernels 100 times in  Classic order 
Number of elements: 268435456
Precision: double
Array size: 2147.5 MB
Total size: 6442.5 MB
CUDA Driver: 13030
CUDA Device 0: "NVIDIA B300 SXM6 AC" 148 SMs(10,3) Memory: 3996 MHz x 7680-bit = 7672.320000 GB/s PEAK, ECC is ON
Memory Allocation: DEFAULT
Parallel for kernel config: thread blocks of size 256
Reduction kernel config: 592 groups of (fixed) size 1024
Function    MB/s        Min (sec)   Max         Average     
Copy        5847972.387 0.00073     0.00313     0.00293     
Mul         5656840.280 0.00076     0.00315     0.00293     
Add         6520501.345 0.00099     0.00338     0.00320     
Triad       6553873.345 0.00098     0.00338     0.00318     
Dot         6391035.067 0.00067     0.00307     0.00287     
BabelStream
Version: 5.0
Implementation: CUDA
Running  Classic kernels 100 times in  Classic order 
Number of elements: 268435456
Precision: double
Array size: 2147.5 MB
Total size: 6442.5 MB
CUDA Driver: 13030
CUDA Device 0: "NVIDIA B300 SXM6 AC" 148 SMs(10,3) Memory: 3996 MHz x 7680-bit = 7672.320000 GB/s PEAK, ECC is ON
Memory Allocation: DEFAULT
Parallel for kernel config: thread blocks of size 256
Reduction kernel config: 592 groups of (fixed) size 1024
Function    MB/s        Min (sec)   Max         Average     
Copy        5862540.193 0.00073     0.00311     0.00204     
Mul         5674440.903 0.00076     0.00313     0.00210     
Add         6501989.663 0.00099     0.00336     0.00229     
Triad       6541847.779 0.00098     0.00336     0.00230     
Dot         6402658.422 0.00067     0.00305     0.00200     
BabelStream
Version: 5.0
Implementation: CUDA
Running  Classic kernels 100 times in  Classic order 
Number of elements: 268435456
Precision: double
Array size: 2147.5 MB
Total size: 6442.5 MB
CUDA Driver: 13030
CUDA Device 0: "NVIDIA B300 SXM6 AC" 148 SMs(10,3) Memory: 3996 MHz x 7680-bit = 7672.320000 GB/s PEAK, ECC is ON
Memory Allocation: DEFAULT
Parallel for kernel config: thread blocks of size 256
Reduction kernel config: 592 groups of (fixed) size 1024
Function    MB/s        Min (sec)   Max         Average     
Copy        5793518.893 0.00074     0.00314     0.00310     
Mul         4368582.276 0.00098     0.00314     0.00312     
Add         5358773.062 0.00120     0.00338     0.00336     
Triad       1909761.049 0.00337     0.00338     0.00338     
Dot         1405015.271 0.00306     0.00307     0.00307     
BabelStream
Version: 5.0
Implementation: CUDA
Running  Classic kernels 100 times in  Classic order 
Number of elements: 268435456
Precision: double
Array size: 2147.5 MB
Total size: 6442.5 MB
CUDA Driver: 13030
CUDA Device 0: "NVIDIA B300 SXM6 AC" 148 SMs(10,3) Memory: 3996 MHz x 7680-bit = 7672.320000 GB/s PEAK, ECC is ON
Memory Allocation: DEFAULT
Parallel for kernel config: thread blocks of size 256
Reduction kernel config: 592 groups of (fixed) size 1024
Function    MB/s        Min (sec)   Max         Average     
Copy        5842515.193 0.00074     0.00313     0.00269     
Mul         5663822.596 0.00076     0.00315     0.00272     
Add         6529416.239 0.00099     0.00338     0.00294     
Triad       6494321.087 0.00099     0.00339     0.00295     
Dot         6420969.590 0.00067     0.00310     0.00268     
BabelStream
Version: 5.0
Implementation: CUDA
Running  Classic kernels 100 times in  Classic order 
Number of elements: 268435456
Precision: double
Array size: 2147.5 MB
Total size: 6442.5 MB
CUDA Driver: 13030
CUDA Device 0: "NVIDIA B300 SXM6 AC" 148 SMs(10,3) Memory: 3996 MHz x 7680-bit = 7672.320000 GB/s PEAK, ECC is ON
Memory Allocation: DEFAULT
Parallel for kernel config: thread blocks of size 256
Reduction kernel config: 592 groups of (fixed) size 1024
Function    MB/s        Min (sec)   Max         Average     
Copy        5850409.935 0.00073     0.00313     0.00192     
Mul         5670417.879 0.00076     0.00315     0.00196     
Add         6496429.779 0.00099     0.00338     0.00221     
Triad       6510788.177 0.00099     0.00338     0.00223     
Dot         6382790.997 0.00067     0.00307     0.00189     
BabelStream
Version: 5.0
Implementation: CUDA
Running  Classic kernels 100 times in  Classic order 
Number of elements: 268435456
Precision: double
Array size: 2147.5 MB
Total size: 6442.5 MB
CUDA Driver: 13030
CUDA Device 0: "NVIDIA B300 SXM6 AC" 148 SMs(10,3) Memory: 3996 MHz x 7680-bit = 7672.320000 GB/s PEAK, ECC is ON
Memory Allocation: DEFAULT
Parallel for kernel config: thread blocks of size 256
Reduction kernel config: 592 groups of (fixed) size 1024
Function    MB/s        Min (sec)   Max         Average     
Copy        5862924.326 0.00073     0.00312     0.00278     
Mul         5668412.247 0.00076     0.00315     0.00279     
Add         6516504.501 0.00099     0.00337     0.00303     
Triad       6510248.674 0.00099     0.00338     0.00302     
Dot         6395936.496 0.00067     0.00306     0.00274     
BabelStream
Version: 5.0
Implementation: CUDA
Running  Classic kernels 100 times in  Classic order 
Number of elements: 268435456
Precision: double
Array size: 2147.5 MB
Total size: 6442.5 MB
CUDA Driver: 13030
CUDA Device 0: "NVIDIA B300 SXM6 AC" 148 SMs(10,3) Memory: 3996 MHz x 7680-bit = 7672.320000 GB/s PEAK, ECC is ON
Memory Allocation: DEFAULT
Parallel for kernel config: thread blocks of size 256
Reduction kernel config: 592 groups of (fixed) size 1024
Function    MB/s        Min (sec)   Max         Average     
Copy        5843095.430 0.00074     0.00313     0.00272     
Mul         5661806.698 0.00076     0.00316     0.00274     
Add         6514000.728 0.00099     0.00339     0.00298     
Triad       6509156.783 0.00099     0.00339     0.00297     
Dot         6383701.737 0.00067     0.00307     0.00267     
BabelStream
Version: 5.0
Implementation: CUDA
Running  Classic kernels 100 times in  Classic order 
Number of elements: 268435456
Precision: double
Array size: 2147.5 MB
Total size: 6442.5 MB
CUDA Driver: 13030
CUDA Device 0: "NVIDIA B300 SXM6 AC" 148 SMs(10,3) Memory: 3996 MHz x 7680-bit = 7672.320000 GB/s PEAK, ECC is ON
Memory Allocation: DEFAULT
Parallel for kernel config: thread blocks of size 256
Reduction kernel config: 592 groups of (fixed) size 1024
Function    MB/s        Min (sec)   Max         Average     
Copy        5833350.034 0.00074     0.00314     0.00282     
Mul         5660202.472 0.00076     0.00317     0.00284     
Add         6510294.725 0.00099     0.00340     0.00307     
Triad       6539224.934 0.00099     0.00339     0.00308     
Dot         6359485.101 0.00068     0.00308     0.00279     
BabelStream
Version: 5.0
Implementation: CUDA
Running  Classic kernels 100 times in  Classic order 
Number of elements: 268435456
Precision: double
Array size: 2147.5 MB
Total size: 6442.5 MB
CUDA Driver: 13030
CUDA Device 0: "NVIDIA B300 SXM6 AC" 148 SMs(10,3) Memory: 3996 MHz x 7680-bit = 7672.320000 GB/s PEAK, ECC is ON
Memory Allocation: DEFAULT
Parallel for kernel config: thread blocks of size 256
Reduction kernel config: 592 groups of (fixed) size 1024
Function    MB/s        Min (sec)   Max         Average     
Copy        5860564.305 0.00073     0.00310     0.00178     
Mul         5676128.225 0.00076     0.00312     0.00180     
Add         6503328.603 0.00099     0.00350     0.00204     
Triad       6545124.309 0.00098     0.00335     0.00204     
Dot         6403488.916 0.00067     0.00304     0.00174     
BabelStream
Version: 5.0
Implementation: CUDA
Running  Classic kernels 100 times in  Classic order 
Number of elements: 268435456
Precision: double
Array size: 2147.5 MB
Total size: 6442.5 MB
CUDA Driver: 13030
CUDA Device 0: "NVIDIA B300 SXM6 AC" 148 SMs(10,3) Memory: 3996 MHz x 7680-bit = 7672.320000 GB/s PEAK, ECC is ON
Memory Allocation: DEFAULT
Parallel for kernel config: thread blocks of size 256
Reduction kernel config: 592 groups of (fixed) size 1024
Function    MB/s        Min (sec)   Max         Average     
Copy        5841100.850 0.00074     0.00313     0.00289     
Mul         5658800.452 0.00076     0.00315     0.00289     
Add         6518772.735 0.00099     0.00338     0.00312     
Triad       6543276.288 0.00098     0.00338     0.00311     
Dot         6379548.595 0.00067     0.00307     0.00280     
BabelStream
Version: 5.0
Implementation: CUDA
Running  Classic kernels 100 times in  Classic order 
Number of elements: 268435456
Precision: double
Array size: 2147.5 MB
Total size: 6442.5 MB
CUDA Driver: 13030
CUDA Device 0: "NVIDIA B300 SXM6 AC" 148 SMs(10,3) Memory: 3996 MHz x 7680-bit = 7672.320000 GB/s PEAK, ECC is ON
Memory Allocation: DEFAULT
Parallel for kernel config: thread blocks of size 256
Reduction kernel config: 592 groups of (fixed) size 1024
Function    MB/s        Min (sec)   Max         Average     
Copy        5832399.458 0.00074     0.00312     0.00266     
Mul         5652120.576 0.00076     0.00314     0.00268     
Add         6478262.781 0.00099     0.00337     0.00291     
Triad       6504622.122 0.00099     0.00337     0.00292     
Dot         6350843.206 0.00068     0.00306     0.00263     
BabelStream
Version: 5.0
Implementation: CUDA
Running  Classic kernels 100 times in  Classic order 
Number of elements: 268435456
Precision: double
Array size: 2147.5 MB
Total size: 6442.5 MB
CUDA Driver: 13030
CUDA Device 0: "NVIDIA B300 SXM6 AC" 148 SMs(10,3) Memory: 3996 MHz x 7680-bit = 7672.320000 GB/s PEAK, ECC is ON
Memory Allocation: DEFAULT
Parallel for kernel config: thread blocks of size 256
Reduction kernel config: 592 groups of (fixed) size 1024
Function    MB/s        Min (sec)   Max         Average     
Copy        5843667.832 0.00073     0.00314     0.00242     
Mul         5666953.816 0.00076     0.00316     0.00246     
Add         6493601.039 0.00099     0.00340     0.00272     
Triad       6526142.191 0.00099     0.00339     0.00271     
Dot         6359861.779 0.00068     0.00308     0.00240     
BabelStream
Version: 5.0
Implementation: CUDA
Running  Classic kernels 100 times in  Classic order 
Number of elements: 268435456
Precision: double
Array size: 2147.5 MB
Total size: 6442.5 MB
CUDA Driver: 13030
CUDA Device 0: "NVIDIA B300 SXM6 AC" 148 SMs(10,3) Memory: 3996 MHz x 7680-bit = 7672.320000 GB/s PEAK, ECC is ON
Memory Allocation: DEFAULT
Parallel for kernel config: thread blocks of size 256
Reduction kernel config: 592 groups of (fixed) size 1024
Function    MB/s        Min (sec)   Max         Average     
Copy        5853296.195 0.00073     0.00311     0.00168     
Mul         5666520.171 0.00076     0.00314     0.00172     
Add         6495742.011 0.00099     0.00336     0.00192     
Triad       6538640.890 0.00099     0.00337     0.00194     
Dot         6384185.673 0.00067     0.00306     0.00163     
BabelStream
Version: 5.0
Implementation: CUDA
Running  Classic kernels 100 times in  Classic order 
Number of elements: 268435456
Precision: double
Array size: 2147.5 MB
Total size: 6442.5 MB
CUDA Driver: 13030
CUDA Device 0: "NVIDIA B300 SXM6 AC" 148 SMs(10,3) Memory: 3996 MHz x 7680-bit = 7672.320000 GB/s PEAK, ECC is ON
Memory Allocation: DEFAULT
Parallel for kernel config: thread blocks of size 256
Reduction kernel config: 592 groups of (fixed) size 1024
Function    MB/s        Min (sec)   Max         Average     
Copy        5840584.547 0.00074     0.00313     0.00275     
Mul         5653444.871 0.00076     0.00315     0.00276     
Add         6509643.484 0.00099     0.00338     0.00301     
Triad       6506402.373 0.00099     0.00338     0.00301     
Dot         6375987.649 0.00067     0.00307     0.00272     
BabelStream
Version: 5.0
Implementation: CUDA
Running  Classic kernels 100 times in  Classic order 
Number of elements: 268435456
Precision: double
Array size: 2147.5 MB
Total size: 6442.5 MB
CUDA Driver: 13030
CUDA Device 0: "NVIDIA B300 SXM6 AC" 148 SMs(10,3) Memory: 3996 MHz x 7680-bit = 7672.320000 GB/s PEAK, ECC is ON
Memory Allocation: DEFAULT
Parallel for kernel config: thread blocks of size 256
Reduction kernel config: 592 groups of (fixed) size 1024
Function    MB/s        Min (sec)   Max         Average     
Copy        5855666.332 0.00073     0.00310     0.00295     
Mul         5665839.931 0.00076     0.00312     0.00297     
Add         6535350.958 0.00099     0.00335     0.00321     
Triad       6497019.410 0.00099     0.00336     0.00319     
Dot         6421756.833 0.00067     0.00304     0.00290     
BabelStream
Version: 5.0
Implementation: CUDA
Running  Classic kernels 100 times in  Classic order 
Number of elements: 268435456
Precision: double
Array size: 2147.5 MB
Total size: 6442.5 MB
CUDA Driver: 13030
CUDA Device 0: "NVIDIA B300 SXM6 AC" 148 SMs(10,3) Memory: 3996 MHz x 7680-bit = 7672.320000 GB/s PEAK, ECC is ON
Memory Allocation: DEFAULT
Parallel for kernel config: thread blocks of size 256
Reduction kernel config: 592 groups of (fixed) size 1024
Function    MB/s        Min (sec)   Max         Average     
Copy        1387118.623 0.00310     0.00311     0.00310     
Mul         1378286.668 0.00312     0.00313     0.00312     
Add         1922525.137 0.00335     0.00336     0.00336     
Triad       1921200.205 0.00335     0.00336     0.00336     
Dot         1413595.202 0.00304     0.00305     0.00304     
BabelStream
Version: 5.0
Implementation: CUDA
Running  Classic kernels 100 times in  Classic order 
Number of elements: 268435456
Precision: double
Array size: 2147.5 MB
Total size: 6442.5 MB
CUDA Driver: 13030
CUDA Device 0: "NVIDIA B300 SXM6 AC" 148 SMs(10,3) Memory: 3996 MHz x 7680-bit = 7672.320000 GB/s PEAK, ECC is ON
Memory Allocation: DEFAULT
Parallel for kernel config: thread blocks of size 256
Reduction kernel config: 592 groups of (fixed) size 1024
Function    MB/s        Min (sec)   Max         Average     
Copy        5813153.793 0.00074     0.00313     0.00303     
Mul         5624084.748 0.00076     0.00314     0.00305     
Add         6442322.098 0.00100     0.00338     0.00329     
Triad       6462089.233 0.00100     0.00338     0.00329     
Dot         6248233.964 0.00069     0.00307     0.00298     
BabelStream
Version: 5.0
Implementation: CUDA
Running  Classic kernels 100 times in  Classic order 
Number of elements: 268435456
Precision: double
Array size: 2147.5 MB
Total size: 6442.5 MB
CUDA Driver: 13030
CUDA Device 0: "NVIDIA B300 SXM6 AC" 148 SMs(10,3) Memory: 3996 MHz x 7680-bit = 7672.320000 GB/s PEAK, ECC is ON
Memory Allocation: DEFAULT
Parallel for kernel config: thread blocks of size 256
Reduction kernel config: 592 groups of (fixed) size 1024
Function    MB/s        Min (sec)   Max         Average     
Copy        5812264.846 0.00074     0.00310     0.00295     
Mul         5624777.097 0.00076     0.00312     0.00297     
Add         6442450.944 0.00100     0.00336     0.00321     
Triad       6456435.583 0.00100     0.00336     0.00323     
Dot         6270565.342 0.00068     0.00305     0.00292     
BabelStream
Version: 5.0
Implementation: CUDA
Running  Classic kernels 100 times in  Classic order 
Number of elements: 268435456
Precision: double
Array size: 2147.5 MB
Total size: 6442.5 MB
CUDA Driver: 13030
CUDA Device 0: "NVIDIA B300 SXM6 AC" 148 SMs(10,3) Memory: 3996 MHz x 7680-bit = 7672.320000 GB/s PEAK, ECC is ON
Memory Allocation: DEFAULT
Parallel for kernel config: thread blocks of size 256
Reduction kernel config: 592 groups of (fixed) size 1024
Function    MB/s        Min (sec)   Max         Average     
Copy        5855418.854 0.00073     0.00311     0.00264     
Mul         5671346.339 0.00076     0.00313     0.00266     
Add         6515002.006 0.00099     0.00335     0.00290     
Triad       6512170.239 0.00099     0.00336     0.00291     
Dot         6396003.169 0.00067     0.00304     0.00261     
BabelStream
Version: 5.0
Implementation: CUDA
Running  Classic kernels 100 times in  Classic order 
Number of elements: 268435456
Precision: double
Array size: 2147.5 MB
Total size: 6442.5 MB
CUDA Driver: 13030
CUDA Device 0: "NVIDIA B300 SXM6 AC" 148 SMs(10,3) Memory: 3996 MHz x 7680-bit = 7672.320000 GB/s PEAK, ECC is ON
Memory Allocation: DEFAULT
Parallel for kernel config: thread blocks of size 256
Reduction kernel config: 592 groups of (fixed) size 1024
Function    MB/s        Min (sec)   Max         Average     
Copy        5848466.105 0.00073     0.00313     0.00203     
Mul         5664704.069 0.00076     0.00315     0.00207     
Add         6511610.762 0.00099     0.00338     0.00229     
Triad       6535059.269 0.00099     0.00338     0.00232     
Dot         6372648.143 0.00067     0.00308     0.00199     
BabelStream
Version: 5.0
Implementation: CUDA
Running  Classic kernels 100 times in  Classic order 
Number of elements: 268435456
Precision: double
Array size: 2147.5 MB
Total size: 6442.5 MB
CUDA Driver: 13030
CUDA Device 0: "NVIDIA B300 SXM6 AC" 148 SMs(10,3) Memory: 3996 MHz x 7680-bit = 7672.320000 GB/s PEAK, ECC is ON
Memory Allocation: DEFAULT
Parallel for kernel config: thread blocks of size 256
Reduction kernel config: 592 groups of (fixed) size 1024
Function    MB/s        Min (sec)   Max         Average     
Copy        5859740.745 0.00073     0.00313     0.00227     
Mul         5671930.526 0.00076     0.00315     0.00230     
Add         6509505.359 0.00099     0.00339     0.00254     
Triad       6536445.023 0.00099     0.00338     0.00256     
Dot         6376536.684 0.00067     0.00307     0.00226     
BabelStream
Version: 5.0
Implementation: CUDA
Running  Classic kernels 100 times in  Classic order 
Number of elements: 268435456
Precision: double
Array size: 2147.5 MB
Total size: 6442.5 MB
CUDA Driver: 13030
CUDA Device 0: "NVIDIA B300 SXM6 AC" 148 SMs(10,3) Memory: 3996 MHz x 7680-bit = 7672.320000 GB/s PEAK, ECC is ON
Memory Allocation: DEFAULT
Parallel for kernel config: thread blocks of size 256
Reduction kernel config: 592 groups of (fixed) size 1024
Function    MB/s        Min (sec)   Max         Average     
Copy        5850178.838 0.00073     0.00311     0.00196     
Mul         5665570.870 0.00076     0.00313     0.00198     
Add         6508788.517 0.00099     0.00336     0.00223     
Triad       6535390.736 0.00099     0.00336     0.00220     
Dot         6364055.328 0.00067     0.00305     0.00191     
BabelStream
Version: 5.0
Implementation: CUDA
Running  Classic kernels 100 times in  Classic order 
Number of elements: 268435456
Precision: double
Array size: 2147.5 MB
Total size: 6442.5 MB
CUDA Driver: 13030
CUDA Device 0: "NVIDIA B300 SXM6 AC" 148 SMs(10,3) Memory: 3996 MHz x 7680-bit = 7672.320000 GB/s PEAK, ECC is ON
Memory Allocation: DEFAULT
Parallel for kernel config: thread blocks of size 256
Reduction kernel config: 592 groups of (fixed) size 1024
Function    MB/s        Min (sec)   Max         Average     
Copy        5825864.725 0.00074     0.00312     0.00296     
Mul         5638882.057 0.00076     0.00315     0.00298     
Add         6455465.162 0.00100     0.00339     0.00324     
Triad       6477982.679 0.00099     0.00339     0.00323     
Dot         6293084.581 0.00068     0.00308     0.00292     
BabelStream
Version: 5.0
Implementation: CUDA
Running  Classic kernels 100 times in  Classic order 
Number of elements: 268435456
Precision: double
Array size: 2147.5 MB
Total size: 6442.5 MB
CUDA Driver: 13030
CUDA Device 0: "NVIDIA B300 SXM6 AC" 148 SMs(10,3) Memory: 3996 MHz x 7680-bit = 7672.320000 GB/s PEAK, ECC is ON
Memory Allocation: DEFAULT
Parallel for kernel config: thread blocks of size 256
Reduction kernel config: 592 groups of (fixed) size 1024
Function    MB/s        Min (sec)   Max         Average     
Copy        5822973.869 0.00074     0.00311     0.00296     
Mul         5645359.986 0.00076     0.00313     0.00298     
Add         6448364.094 0.00100     0.00337     0.00322     
Triad       6473393.766 0.00100     0.00337     0.00322     
Dot         6290632.812 0.00068     0.00306     0.00291     
BabelStream
Version: 5.0
Implementation: CUDA
Running  Classic kernels 100 times in  Classic order 
Number of elements: 268435456
Precision: double
Array size: 2147.5 MB
Total size: 6442.5 MB
CUDA Driver: 13030
CUDA Device 0: "NVIDIA B300 SXM6 AC" 148 SMs(10,3) Memory: 3996 MHz x 7680-bit = 7672.320000 GB/s PEAK, ECC is ON
Memory Allocation: DEFAULT
Parallel for kernel config: thread blocks of size 256
Reduction kernel config: 592 groups of (fixed) size 1024
Function    MB/s        Min (sec)   Max         Average     
Copy        5838448.818 0.00074     0.00311     0.00293     
Mul         5655819.739 0.00076     0.00314     0.00295     
Add         6515173.308 0.00099     0.00338     0.00318     
Triad       6543615.236 0.00098     0.00336     0.00318     
Dot         6376811.238 0.00067     0.00306     0.00289     
