BabelStream
Version: 5.0
Implementation: CUDA
Running  Classic kernels 100 times in  Classic order 
Number of elements: 268435456
Precision: double
Array size: 2147.5 MB
Total size: 6442.5 MB
CUDA Driver: 13030
CUDA Device 0: "NVIDIA B300 SXM6 AC" 148 SMs(10,3) Memory: 3996 MHz x 7680-bit = 7672.320000 GB/s PEAK, ECC is ON
Memory Allocation: DEFAULT
Parallel for kernel config: thread blocks of size 256
Reduction kernel config: 592 groups of (fixed) size 1024
Function    MB/s        Min (sec)   Max         Average     
Copy        5850298.369 0.00073     0.00311     0.00203     
Mul         5669819.034 0.00076     0.00313     0.00203     
Add         6532746.567 0.00099     0.00335     0.00227     
Triad       6510603.946 0.00099     0.00336     0.00230     
Dot         6422044.896 0.00067     0.00303     0.00197     
BabelStream
Version: 5.0
Implementation: CUDA
Running  Classic kernels 100 times in  Classic order 
Number of elements: 268435456
Precision: double
Array size: 2147.5 MB
Total size: 6442.5 MB
CUDA Driver: 13030
CUDA Device 0: "NVIDIA B300 SXM6 AC" 148 SMs(10,3) Memory: 3996 MHz x 7680-bit = 7672.320000 GB/s PEAK, ECC is ON
Memory Allocation: DEFAULT
Parallel for kernel config: thread blocks of size 256
Reduction kernel config: 592 groups of (fixed) size 1024
Function    MB/s        Min (sec)   Max         Average     
Copy        5853096.776 0.00073     0.00310     0.00206     
Mul         5670260.670 0.00076     0.00312     0.00209     
Add         6527881.327 0.00099     0.00335     0.00233     
Triad       6511591.017 0.00099     0.00335     0.00235     
Dot         6425532.517 0.00067     0.00303     0.00201     
BabelStream
Version: 5.0
Implementation: CUDA
Running  Classic kernels 100 times in  Classic order 
Number of elements: 268435456
Precision: double
Array size: 2147.5 MB
Total size: 6442.5 MB
CUDA Driver: 13030
CUDA Device 0: "NVIDIA B300 SXM6 AC" 148 SMs(10,3) Memory: 3996 MHz x 7680-bit = 7672.320000 GB/s PEAK, ECC is ON
Memory Allocation: DEFAULT
Parallel for kernel config: thread blocks of size 256
Reduction kernel config: 592 groups of (fixed) size 1024
Function    MB/s        Min (sec)   Max         Average     
Copy        5851230.874 0.00073     0.00310     0.00147     
Mul         5668846.181 0.00076     0.00312     0.00148     
Add         6531892.143 0.00099     0.00335     0.00173     
Triad       6512920.746 0.00099     0.00336     0.00177     
Dot         6432191.598 0.00067     0.00305     0.00143     
BabelStream
Version: 5.0
Implementation: CUDA
Running  Classic kernels 100 times in  Classic order 
Number of elements: 268435456
Precision: double
Array size: 2147.5 MB
Total size: 6442.5 MB
CUDA Driver: 13030
CUDA Device 0: "NVIDIA B300 SXM6 AC" 148 SMs(10,3) Memory: 3996 MHz x 7680-bit = 7672.320000 GB/s PEAK, ECC is ON
Memory Allocation: DEFAULT
Parallel for kernel config: thread blocks of size 256
Reduction kernel config: 592 groups of (fixed) size 1024
Function    MB/s        Min (sec)   Max         Average     
Copy        5845290.247 0.00073     0.00313     0.00215     
Mul         5659329.856 0.00076     0.00314     0.00219     
Add         6519894.248 0.00099     0.00337     0.00244     
Triad       6504779.744 0.00099     0.00338     0.00246     
Dot         6401255.663 0.00067     0.00306     0.00215     
BabelStream
Version: 5.0
Implementation: CUDA
Running  Classic kernels 100 times in  Classic order 
Number of elements: 268435456
Precision: double
Array size: 2147.5 MB
Total size: 6442.5 MB
CUDA Driver: 13030
CUDA Device 0: "NVIDIA B300 SXM6 AC" 148 SMs(10,3) Memory: 3996 MHz x 7680-bit = 7672.320000 GB/s PEAK, ECC is ON
Memory Allocation: DEFAULT
Parallel for kernel config: thread blocks of size 256
Reduction kernel config: 592 groups of (fixed) size 1024
Function    MB/s        Min (sec)   Max         Average     
Copy        5845027.737 0.00073     0.00312     0.00198     
Mul         5660269.607 0.00076     0.00314     0.00202     
Add         6526836.412 0.00099     0.00337     0.00225     
Triad       6505390.598 0.00099     0.00337     0.00226     
Dot         6423927.549 0.00067     0.00305     0.00195     
BabelStream
Version: 5.0
Implementation: CUDA
Running  Classic kernels 100 times in  Classic order 
Number of elements: 268435456
Precision: double
Array size: 2147.5 MB
Total size: 6442.5 MB
CUDA Driver: 13030
CUDA Device 0: "NVIDIA B300 SXM6 AC" 148 SMs(10,3) Memory: 3996 MHz x 7680-bit = 7672.320000 GB/s PEAK, ECC is ON
Memory Allocation: DEFAULT
Parallel for kernel config: thread blocks of size 256
Reduction kernel config: 592 groups of (fixed) size 1024
Function    MB/s        Min (sec)   Max         Average     
Copy        5849071.422 0.00073     0.00311     0.00272     
Mul         5665727.819 0.00076     0.00313     0.00272     
Add         6527709.356 0.00099     0.00335     0.00294     
Triad       6508821.396 0.00099     0.00336     0.00296     
Dot         6418992.735 0.00067     0.00304     0.00265     
BabelStream
Version: 5.0
Implementation: CUDA
Running  Classic kernels 100 times in  Classic order 
Number of elements: 268435456
Precision: double
Array size: 2147.5 MB
Total size: 6442.5 MB
CUDA Driver: 13030
CUDA Device 0: "NVIDIA B300 SXM6 AC" 148 SMs(10,3) Memory: 3996 MHz x 7680-bit = 7672.320000 GB/s PEAK, ECC is ON
Memory Allocation: DEFAULT
Parallel for kernel config: thread blocks of size 256
Reduction kernel config: 592 groups of (fixed) size 1024
Function    MB/s        Min (sec)   Max         Average     
Copy        5811863.729 0.00074     0.00313     0.00303     
Mul         5624511.922 0.00076     0.00315     0.00305     
Add         6439475.906 0.00100     0.00338     0.00329     
Triad       6454495.032 0.00100     0.00338     0.00331     
Dot         6281074.439 0.00068     0.00307     0.00299     
BabelStream
Version: 5.0
Implementation: CUDA
Running  Classic kernels 100 times in  Classic order 
Number of elements: 268435456
Precision: double
Array size: 2147.5 MB
Total size: 6442.5 MB
CUDA Driver: 13030
CUDA Device 0: "NVIDIA B300 SXM6 AC" 148 SMs(10,3) Memory: 3996 MHz x 7680-bit = 7672.320000 GB/s PEAK, ECC is ON
Memory Allocation: DEFAULT
Parallel for kernel config: thread blocks of size 256
Reduction kernel config: 592 groups of (fixed) size 1024
Function    MB/s        Min (sec)   Max         Average     
Copy        5836005.365 0.00074     0.00308     0.00132     
Mul         5654360.336 0.00076     0.00310     0.00135     
Add         6516603.374 0.00099     0.00333     0.00157     
Triad       6500093.776 0.00099     0.00334     0.00158     
Dot         6398108.851 0.00067     0.00302     0.00129     
BabelStream
Version: 5.0
Implementation: CUDA
Running  Classic kernels 100 times in  Classic order 
Number of elements: 268435456
Precision: double
Array size: 2147.5 MB
Total size: 6442.5 MB
CUDA Driver: 13030
CUDA Device 0: "NVIDIA B300 SXM6 AC" 148 SMs(10,3) Memory: 3996 MHz x 7680-bit = 7672.320000 GB/s PEAK, ECC is ON
Memory Allocation: DEFAULT
Parallel for kernel config: thread blocks of size 256
Reduction kernel config: 592 groups of (fixed) size 1024
Function    MB/s        Min (sec)   Max         Average     
Copy        1389637.752 0.00309     0.00311     0.00310     
Mul         1380570.071 0.00311     0.00313     0.00311     
Add         1924196.086 0.00335     0.00335     0.00335     
Triad       1925016.544 0.00335     0.00396     0.00336     
Dot         1771639.241 0.00242     0.00305     0.00303     
BabelStream
Version: 5.0
Implementation: CUDA
Running  Classic kernels 100 times in  Classic order 
Number of elements: 268435456
Precision: double
Array size: 2147.5 MB
Total size: 6442.5 MB
CUDA Driver: 13030
CUDA Device 0: "NVIDIA B300 SXM6 AC" 148 SMs(10,3) Memory: 3996 MHz x 7680-bit = 7672.320000 GB/s PEAK, ECC is ON
Memory Allocation: DEFAULT
Parallel for kernel config: thread blocks of size 256
Reduction kernel config: 592 groups of (fixed) size 1024
Function    MB/s        Min (sec)   Max         Average     
Copy        5833017.297 0.00074     0.00312     0.00215     
Mul         5650120.431 0.00076     0.00314     0.00217     
Add         6515720.218 0.00099     0.00337     0.00239     
Triad       6495165.709 0.00099     0.00338     0.00244     
Dot         6404329.175 0.00067     0.00307     0.00211     
BabelStream
Version: 5.0
Implementation: CUDA
Running  Classic kernels 100 times in  Classic order 
Number of elements: 268435456
Precision: double
Array size: 2147.5 MB
Total size: 6442.5 MB
CUDA Driver: 13030
CUDA Device 0: "NVIDIA B300 SXM6 AC" 148 SMs(10,3) Memory: 3996 MHz x 7680-bit = 7672.320000 GB/s PEAK, ECC is ON
Memory Allocation: DEFAULT
Parallel for kernel config: thread blocks of size 256
Reduction kernel config: 592 groups of (fixed) size 1024
Function    MB/s        Min (sec)   Max         Average     
Copy        5843023.888 0.00074     0.00312     0.00177     
Mul         5660015.993 0.00076     0.00314     0.00180     
Add         6520521.144 0.00099     0.00337     0.00203     
Triad       6502173.407 0.00099     0.00338     0.00206     
Dot         6400416.211 0.00067     0.00309     0.00174     
BabelStream
Version: 5.0
Implementation: CUDA
Running  Classic kernels 100 times in  Classic order 
Number of elements: 268435456
Precision: double
Array size: 2147.5 MB
Total size: 6442.5 MB
CUDA Driver: 13030
CUDA Device 0: "NVIDIA B300 SXM6 AC" 148 SMs(10,3) Memory: 3996 MHz x 7680-bit = 7672.320000 GB/s PEAK, ECC is ON
Memory Allocation: DEFAULT
Parallel for kernel config: thread blocks of size 256
Reduction kernel config: 592 groups of (fixed) size 1024
Function    MB/s        Min (sec)   Max         Average     
Copy        5846428.065 0.00073     0.00314     0.00237     
Mul         5654874.020 0.00076     0.00316     0.00238     
Add         6518568.266 0.00099     0.00338     0.00262     
Triad       6505324.909 0.00099     0.00339     0.00265     
Dot         6393775.134 0.00067     0.00308     0.00234     
BabelStream
Version: 5.0
Implementation: CUDA
Running  Classic kernels 100 times in  Classic order 
Number of elements: 268435456
Precision: double
Array size: 2147.5 MB
Total size: 6442.5 MB
CUDA Driver: 13030
CUDA Device 0: "NVIDIA B300 SXM6 AC" 148 SMs(10,3) Memory: 3996 MHz x 7680-bit = 7672.320000 GB/s PEAK, ECC is ON
Memory Allocation: DEFAULT
Parallel for kernel config: thread blocks of size 256
Reduction kernel config: 592 groups of (fixed) size 1024
Function    MB/s        Min (sec)   Max         Average     
Copy        5836608.104 0.00074     0.00337     0.00275     
Mul         5658957.026 0.00076     0.00314     0.00281     
Add         6524205.766 0.00099     0.00336     0.00303     
Triad       6547738.580 0.00098     0.00337     0.00301     
Dot         6401818.601 0.00067     0.00306     0.00270     
BabelStream
Version: 5.0
Implementation: CUDA
Running  Classic kernels 100 times in  Classic order 
Number of elements: 268435456
Precision: double
Array size: 2147.5 MB
Total size: 6442.5 MB
CUDA Driver: 13030
CUDA Device 0: "NVIDIA B300 SXM6 AC" 148 SMs(10,3) Memory: 3996 MHz x 7680-bit = 7672.320000 GB/s PEAK, ECC is ON
Memory Allocation: DEFAULT
Parallel for kernel config: thread blocks of size 256
Reduction kernel config: 592 groups of (fixed) size 1024
Function    MB/s        Min (sec)   Max         Average     
Copy        5840274.809 0.00074     0.00313     0.00170     
Mul         5658382.963 0.00076     0.00315     0.00172     
Add         6520903.939 0.00099     0.00338     0.00196     
Triad       6508236.195 0.00099     0.00338     0.00196     
Dot         6411078.332 0.00067     0.00307     0.00165     
BabelStream
Version: 5.0
Implementation: CUDA
Running  Classic kernels 100 times in  Classic order 
Number of elements: 268435456
Precision: double
Array size: 2147.5 MB
Total size: 6442.5 MB
CUDA Driver: 13030
CUDA Device 0: "NVIDIA B300 SXM6 AC" 148 SMs(10,3) Memory: 3996 MHz x 7680-bit = 7672.320000 GB/s PEAK, ECC is ON
Memory Allocation: DEFAULT
Parallel for kernel config: thread blocks of size 256
Reduction kernel config: 592 groups of (fixed) size 1024
Function    MB/s        Min (sec)   Max         Average     
Copy        5840401.877 0.00074     0.00310     0.00240     
Mul         5656788.126 0.00076     0.00313     0.00241     
Add         6518871.677 0.00099     0.00336     0.00264     
Triad       6503374.557 0.00099     0.00336     0.00269     
Dot         6396784.301 0.00067     0.00304     0.00235     
BabelStream
Version: 5.0
Implementation: CUDA
Running  Classic kernels 100 times in  Classic order 
Number of elements: 268435456
Precision: double
Array size: 2147.5 MB
Total size: 6442.5 MB
CUDA Driver: 13030
CUDA Device 0: "NVIDIA B300 SXM6 AC" 148 SMs(10,3) Memory: 3996 MHz x 7680-bit = 7672.320000 GB/s PEAK, ECC is ON
Memory Allocation: DEFAULT
Parallel for kernel config: thread blocks of size 256
Reduction kernel config: 592 groups of (fixed) size 1024
Function    MB/s        Min (sec)   Max         Average     
Copy        5839298.159 0.00074     0.00310     0.00201     
Mul         5659121.065 0.00076     0.00312     0.00203     
Add         6522178.048 0.00099     0.00335     0.00225     
Triad       6503157.923 0.00099     0.00335     0.00227     
Dot         6397270.223 0.00067     0.00304     0.00198     
BabelStream
Version: 5.0
Implementation: CUDA
Running  Classic kernels 100 times in  Classic order 
Number of elements: 268435456
Precision: double
Array size: 2147.5 MB
Total size: 6442.5 MB
CUDA Driver: 13030
CUDA Device 0: "NVIDIA B300 SXM6 AC" 148 SMs(10,3) Memory: 3996 MHz x 7680-bit = 7672.320000 GB/s PEAK, ECC is ON
Memory Allocation: DEFAULT
Parallel for kernel config: thread blocks of size 256
Reduction kernel config: 592 groups of (fixed) size 1024
Function    MB/s        Min (sec)   Max         Average     
Copy        5849788.406 0.00073     0.00310     0.00242     
Mul         5663105.668 0.00076     0.00312     0.00245     
Add         6524522.918 0.00099     0.00335     0.00267     
Triad       6507421.036 0.00099     0.00335     0.00270     
Dot         6425186.468 0.00067     0.00304     0.00239     
BabelStream
Version: 5.0
Implementation: CUDA
Running  Classic kernels 100 times in  Classic order 
Number of elements: 268435456
Precision: double
Array size: 2147.5 MB
Total size: 6442.5 MB
CUDA Driver: 13030
CUDA Device 0: "NVIDIA B300 SXM6 AC" 148 SMs(10,3) Memory: 3996 MHz x 7680-bit = 7672.320000 GB/s PEAK, ECC is ON
Memory Allocation: DEFAULT
Parallel for kernel config: thread blocks of size 256
Reduction kernel config: 592 groups of (fixed) size 1024
Function    MB/s        Min (sec)   Max         Average     
Copy        5844749.342 0.00073     0.00313     0.00211     
Mul         5660336.744 0.00076     0.00315     0.00214     
Add         6525534.043 0.00099     0.00338     0.00236     
Triad       6505495.703 0.00099     0.00338     0.00238     
Dot         6419750.706 0.00067     0.00306     0.00207     
BabelStream
Version: 5.0
Implementation: CUDA
Running  Classic kernels 100 times in  Classic order 
Number of elements: 268435456
Precision: double
Array size: 2147.5 MB
Total size: 6442.5 MB
CUDA Driver: 13030
CUDA Device 0: "NVIDIA B300 SXM6 AC" 148 SMs(10,3) Memory: 3996 MHz x 7680-bit = 7672.320000 GB/s PEAK, ECC is ON
Memory Allocation: DEFAULT
Parallel for kernel config: thread blocks of size 256
Reduction kernel config: 592 groups of (fixed) size 1024
Function    MB/s        Min (sec)   Max         Average     
Copy        5850800.450 0.00073     0.00314     0.00166     
Mul         5669759.157 0.00076     0.00316     0.00167     
Add         6527927.628 0.00099     0.00339     0.00192     
Triad       6507092.400 0.00099     0.00339     0.00194     
Dot         6428292.629 0.00067     0.00307     0.00161     
BabelStream
Version: 5.0
Implementation: CUDA
Running  Classic kernels 100 times in  Classic order 
Number of elements: 268435456
Precision: double
Array size: 2147.5 MB
Total size: 6442.5 MB
CUDA Driver: 13030
CUDA Device 0: "NVIDIA B300 SXM6 AC" 148 SMs(10,3) Memory: 3996 MHz x 7680-bit = 7672.320000 GB/s PEAK, ECC is ON
Memory Allocation: DEFAULT
Parallel for kernel config: thread blocks of size 256
Reduction kernel config: 592 groups of (fixed) size 1024
Function    MB/s        Min (sec)   Max         Average     
Copy        5852833.564 0.00073     0.00311     0.00197     
Mul         5663800.190 0.00076     0.00312     0.00198     
Add         6528741.318 0.00099     0.00336     0.00222     
Triad       6509400.124 0.00099     0.00337     0.00226     
Dot         6418580.244 0.00067     0.00305     0.00192     
BabelStream
Version: 5.0
Implementation: CUDA
Running  Classic kernels 100 times in  Classic order 
Number of elements: 268435456
Precision: double
Array size: 2147.5 MB
Total size: 6442.5 MB
CUDA Driver: 13030
CUDA Device 0: "NVIDIA B300 SXM6 AC" 148 SMs(10,3) Memory: 3996 MHz x 7680-bit = 7672.320000 GB/s PEAK, ECC is ON
Memory Allocation: DEFAULT
Parallel for kernel config: thread blocks of size 256
Reduction kernel config: 592 groups of (fixed) size 1024
Function    MB/s        Min (sec)   Max         Average     
Copy        5848354.613 0.00073     0.00310     0.00236     
Mul         5664995.464 0.00076     0.00312     0.00238     
Add         6526876.086 0.00099     0.00336     0.00259     
Triad       6507743.131 0.00099     0.00336     0.00263     
Dot         6432442.064 0.00067     0.00304     0.00232     
BabelStream
Version: 5.0
Implementation: CUDA
Running  Classic kernels 100 times in  Classic order 
Number of elements: 268435456
Precision: double
Array size: 2147.5 MB
Total size: 6442.5 MB
CUDA Driver: 13030
CUDA Device 0: "NVIDIA B300 SXM6 AC" 148 SMs(10,3) Memory: 3996 MHz x 7680-bit = 7672.320000 GB/s PEAK, ECC is ON
Memory Allocation: DEFAULT
Parallel for kernel config: thread blocks of size 256
Reduction kernel config: 592 groups of (fixed) size 1024
Function    MB/s        Min (sec)   Max         Average     
Copy        5850027.440 0.00073     0.00310     0.00187     
Mul         5663874.880 0.00076     0.00312     0.00188     
Add         6524899.575 0.00099     0.00335     0.00215     
Triad       6510840.816 0.00099     0.00335     0.00215     
Dot         6424600.192 0.00067     0.00304     0.00183     
BabelStream
Version: 5.0
Implementation: CUDA
Running  Classic kernels 100 times in  Classic order 
Number of elements: 268435456
Precision: double
Array size: 2147.5 MB
Total size: 6442.5 MB
CUDA Driver: 13030
CUDA Device 0: "NVIDIA B300 SXM6 AC" 148 SMs(10,3) Memory: 3996 MHz x 7680-bit = 7672.320000 GB/s PEAK, ECC is ON
Memory Allocation: DEFAULT
Parallel for kernel config: thread blocks of size 256
Reduction kernel config: 592 groups of (fixed) size 1024
Function    MB/s        Min (sec)   Max         Average     
Copy        5841768.207 0.00074     0.00310     0.00185     
Mul         5660142.797 0.00076     0.00313     0.00187     
Add         6518614.435 0.00099     0.00336     0.00211     
Triad       6504812.582 0.00099     0.00336     0.00211     
Dot         6405523.103 0.00067     0.00305     0.00182     
BabelStream
Version: 5.0
Implementation: CUDA
Running  Classic kernels 100 times in  Classic order 
Number of elements: 268435456
Precision: double
Array size: 2147.5 MB
Total size: 6442.5 MB
CUDA Driver: 13030
CUDA Device 0: "NVIDIA B300 SXM6 AC" 148 SMs(10,3) Memory: 3996 MHz x 7680-bit = 7672.320000 GB/s PEAK, ECC is ON
Memory Allocation: DEFAULT
Parallel for kernel config: thread blocks of size 256
Reduction kernel config: 592 groups of (fixed) size 1024
Function    MB/s        Min (sec)   Max         Average     
Copy        5845743.730 0.00073     0.00314     0.00232     
Mul         5660038.370 0.00076     0.00316     0.00234     
Add         6521332.988 0.00099     0.00339     0.00256     
Triad       6505416.874 0.00099     0.00339     0.00260     
Dot         6405398.914 0.00067     0.00308     0.00228     
BabelStream
Version: 5.0
Implementation: CUDA
Running  Classic kernels 100 times in  Classic order 
Number of elements: 268435456
Precision: double
Array size: 2147.5 MB
Total size: 6442.5 MB
CUDA Driver: 13030
CUDA Device 0: "NVIDIA B300 SXM6 AC" 148 SMs(10,3) Memory: 3996 MHz x 7680-bit = 7672.320000 GB/s PEAK, ECC is ON
Memory Allocation: DEFAULT
Parallel for kernel config: thread blocks of size 256
Reduction kernel config: 592 groups of (fixed) size 1024
Function    MB/s        Min (sec)   Max         Average     
Copy        5770292.636 0.00074     0.00314     0.00308     
Mul         5603239.723 0.00077     0.00316     0.00312     
Add         6425673.510 0.00100     0.00357     0.00336     
Triad       6439366.487 0.00100     0.00341     0.00336     
Dot         4751012.207 0.00090     0.00308     0.00305     
BabelStream
Version: 5.0
Implementation: CUDA
Running  Classic kernels 100 times in  Classic order 
Number of elements: 268435456
Precision: double
Array size: 2147.5 MB
Total size: 6442.5 MB
CUDA Driver: 13030
CUDA Device 0: "NVIDIA B300 SXM6 AC" 148 SMs(10,3) Memory: 3996 MHz x 7680-bit = 7672.320000 GB/s PEAK, ECC is ON
Memory Allocation: DEFAULT
Parallel for kernel config: thread blocks of size 256
Reduction kernel config: 592 groups of (fixed) size 1024
Function    MB/s        Min (sec)   Max         Average     
Copy        5849501.591 0.00073     0.00310     0.00201     
Mul         5666161.342 0.00076     0.00312     0.00203     
Add         6528906.727 0.00099     0.00336     0.00225     
Triad       6510557.890 0.00099     0.00335     0.00228     
Dot         6433328.484 0.00067     0.00303     0.00193     
BabelStream
Version: 5.0
Implementation: CUDA
Running  Classic kernels 100 times in  Classic order 
Number of elements: 268435456
Precision: double
Array size: 2147.5 MB
Total size: 6442.5 MB
CUDA Driver: 13030
CUDA Device 0: "NVIDIA B300 SXM6 AC" 148 SMs(10,3) Memory: 3996 MHz x 7680-bit = 7672.320000 GB/s PEAK, ECC is ON
Memory Allocation: DEFAULT
Parallel for kernel config: thread blocks of size 256
Reduction kernel config: 592 groups of (fixed) size 1024
Function    MB/s        Min (sec)   Max         Average     
Copy        5848306.832 0.00073     0.00314     0.00299     
Mul         5659613.241 0.00076     0.00316     0.00301     
Add         6535901.260 0.00099     0.00339     0.00324     
Triad       6480686.997 0.00099     0.00340     0.00327     
Dot         6403202.514 0.00067     0.00308     0.00294     
BabelStream
Version: 5.0
Implementation: CUDA
Running  Classic kernels 100 times in  Classic order 
Number of elements: 268435456
Precision: double
Array size: 2147.5 MB
Total size: 6442.5 MB
CUDA Driver: 13030
CUDA Device 0: "NVIDIA B300 SXM6 AC" 148 SMs(10,3) Memory: 3996 MHz x 7680-bit = 7672.320000 GB/s PEAK, ECC is ON
Memory Allocation: DEFAULT
Parallel for kernel config: thread blocks of size 256
Reduction kernel config: 592 groups of (fixed) size 1024
Function    MB/s        Min (sec)   Max         Average     
Copy        5834499.059 0.00074     0.00313     0.00172     
Mul         5654300.785 0.00076     0.00314     0.00174     
Add         6517440.616 0.00099     0.00338     0.00197     
Triad       6495951.601 0.00099     0.00338     0.00198     
Dot         6413893.085 0.00067     0.00306     0.00167     
BabelStream
Version: 5.0
Implementation: CUDA
Running  Classic kernels 100 times in  Classic order 
Number of elements: 268435456
Precision: double
Array size: 2147.5 MB
Total size: 6442.5 MB
CUDA Driver: 13030
CUDA Device 0: "NVIDIA B300 SXM6 AC" 148 SMs(10,3) Memory: 3996 MHz x 7680-bit = 7672.320000 GB/s PEAK, ECC is ON
Memory Allocation: DEFAULT
Parallel for kernel config: thread blocks of size 256
Reduction kernel config: 592 groups of (fixed) size 1024
Function    MB/s        Min (sec)   Max         Average     
Copy        5839067.939 0.00074     0.00314     0.00212     
Mul         5658084.794 0.00076     0.00316     0.00213     
Add         6523730.097 0.00099     0.00339     0.00238     
Triad       6507368.452 0.00099     0.00339     0.00240     
Dot         6400530.668 0.00067     0.00308     0.00207     
BabelStream
Version: 5.0
Implementation: CUDA
Running  Classic kernels 100 times in  Classic order 
Number of elements: 268435456
Precision: double
Array size: 2147.5 MB
Total size: 6442.5 MB
CUDA Driver: 13030
CUDA Device 0: "NVIDIA B300 SXM6 AC" 148 SMs(10,3) Memory: 3996 MHz x 7680-bit = 7672.320000 GB/s PEAK, ECC is ON
Memory Allocation: DEFAULT
Parallel for kernel config: thread blocks of size 256
Reduction kernel config: 592 groups of (fixed) size 1024
Function    MB/s        Min (sec)   Max         Average     
Copy        5843469.069 0.00074     0.00313     0.00192     
Mul         5657704.675 0.00076     0.00315     0.00191     
Add         6519610.535 0.00099     0.00338     0.00216     
Triad       6501228.551 0.00099     0.00338     0.00219     
Dot         6402925.684 0.00067     0.00307     0.00185     
BabelStream
Version: 5.0
Implementation: CUDA
Running  Classic kernels 100 times in  Classic order 
Number of elements: 268435456
Precision: double
Array size: 2147.5 MB
Total size: 6442.5 MB
CUDA Driver: 13030
CUDA Device 0: "NVIDIA B300 SXM6 AC" 148 SMs(10,3) Memory: 3996 MHz x 7680-bit = 7672.320000 GB/s PEAK, ECC is ON
Memory Allocation: DEFAULT
Parallel for kernel config: thread blocks of size 256
Reduction kernel config: 592 groups of (fixed) size 1024
Function    MB/s        Min (sec)   Max         Average     
Copy        5840489.240 0.00074     0.00313     0.00192     
Mul         5652760.326 0.00076     0.00315     0.00195     
Add         6517368.090 0.00099     0.00338     0.00218     
Triad       6497694.341 0.00099     0.00339     0.00220     
Dot         6397984.949 0.00067     0.00307     0.00189     
BabelStream
Version: 5.0
Implementation: CUDA
Running  Classic kernels 100 times in  Classic order 
Number of elements: 268435456
Precision: double
Array size: 2147.5 MB
Total size: 6442.5 MB
CUDA Driver: 13030
CUDA Device 0: "NVIDIA B300 SXM6 AC" 148 SMs(10,3) Memory: 3996 MHz x 7680-bit = 7672.320000 GB/s PEAK, ECC is ON
Memory Allocation: DEFAULT
Parallel for kernel config: thread blocks of size 256
Reduction kernel config: 592 groups of (fixed) size 1024
Function    MB/s        Min (sec)   Max         Average     
Copy        5837956.789 0.00074     0.00312     0.00293     
Mul         5658427.691 0.00076     0.00314     0.00295     
Add         6457535.748 0.00100     0.00338     0.00321     
Triad       6477188.104 0.00099     0.00338     0.00321     
Dot         6337713.884 0.00068     0.00307     0.00290     
BabelStream
Version: 5.0
Implementation: CUDA
Running  Classic kernels 100 times in  Classic order 
Number of elements: 268435456
Precision: double
Array size: 2147.5 MB
Total size: 6442.5 MB
CUDA Driver: 13030
CUDA Device 0: "NVIDIA B300 SXM6 AC" 148 SMs(10,3) Memory: 3996 MHz x 7680-bit = 7672.320000 GB/s PEAK, ECC is ON
Memory Allocation: DEFAULT
Parallel for kernel config: thread blocks of size 256
Reduction kernel config: 592 groups of (fixed) size 1024
Function    MB/s        Min (sec)   Max         Average     
Copy        5842038.371 0.00074     0.00310     0.00156     
Mul         5660463.563 0.00076     0.00312     0.00158     
Add         6522290.300 0.00099     0.00335     0.00181     
Triad       6502639.374 0.00099     0.00335     0.00183     
Dot         6404682.531 0.00067     0.00304     0.00152     
BabelStream
Version: 5.0
Implementation: CUDA
Running  Classic kernels 100 times in  Classic order 
Number of elements: 268435456
Precision: double
Array size: 2147.5 MB
Total size: 6442.5 MB
CUDA Driver: 13030
CUDA Device 0: "NVIDIA B300 SXM6 AC" 148 SMs(10,3) Memory: 3996 MHz x 7680-bit = 7672.320000 GB/s PEAK, ECC is ON
Memory Allocation: DEFAULT
Parallel for kernel config: thread blocks of size 256
Reduction kernel config: 592 groups of (fixed) size 1024
Function    MB/s        Min (sec)   Max         Average     
Copy        5853168.566 0.00073     0.00310     0.00188     
Mul         5666460.363 0.00076     0.00313     0.00191     
Add         6529072.144 0.00099     0.00335     0.00213     
Triad       6510919.776 0.00099     0.00335     0.00218     
Dot         6417256.794 0.00067     0.00304     0.00187     
