BabelStream
Version: 5.0
Implementation: CUDA
Running  Classic kernels 100 times in  Classic order 
Number of elements: 268435456
Precision: double
Array size: 2147.5 MB
Total size: 6442.5 MB
CUDA Driver: 13030
CUDA Device 0: "NVIDIA B300 SXM6 AC" 148 SMs(10,3) Memory: 3996 MHz x 7680-bit = 7672.320000 GB/s PEAK, ECC is ON
Memory Allocation: DEFAULT
Parallel for kernel config: thread blocks of size 256
Reduction kernel config: 592 groups of (fixed) size 1024
Function    MB/s        Min (sec)   Max         Average     
Copy        5813130.189 0.00074     0.00314     0.00278     
Mul         5634606.186 0.00076     0.00316     0.00282     
Add         6496816.303 0.00099     0.00338     0.00304     
Triad       6467123.018 0.00100     0.00339     0.00305     
Dot         6358345.923 0.00068     0.00307     0.00272     
BabelStream
Version: 5.0
Implementation: CUDA
Running  Classic kernels 100 times in  Classic order 
Number of elements: 268435456
Precision: double
Array size: 2147.5 MB
Total size: 6442.5 MB
CUDA Driver: 13030
CUDA Device 0: "NVIDIA B300 SXM6 AC" 148 SMs(10,3) Memory: 3996 MHz x 7680-bit = 7672.320000 GB/s PEAK, ECC is ON
Memory Allocation: DEFAULT
Parallel for kernel config: thread blocks of size 256
Reduction kernel config: 592 groups of (fixed) size 1024
Function    MB/s        Min (sec)   Max         Average     
Copy        5844820.927 0.00073     0.00310     0.00288     
Mul         5653846.746 0.00076     0.00313     0.00289     
Add         6514191.738 0.00099     0.00335     0.00312     
Triad       6511959.601 0.00099     0.00335     0.00313     
Dot         6381093.539 0.00067     0.00304     0.00282     
BabelStream
Version: 5.0
Implementation: CUDA
Running  Classic kernels 100 times in  Classic order 
Number of elements: 268435456
Precision: double
Array size: 2147.5 MB
Total size: 6442.5 MB
CUDA Driver: 13030
CUDA Device 0: "NVIDIA B300 SXM6 AC" 148 SMs(10,3) Memory: 3996 MHz x 7680-bit = 7672.320000 GB/s PEAK, ECC is ON
Memory Allocation: DEFAULT
Parallel for kernel config: thread blocks of size 256
Reduction kernel config: 592 groups of (fixed) size 1024
Function    MB/s        Min (sec)   Max         Average     
Copy        5840401.877 0.00074     0.00313     0.00282     
Mul         5658166.787 0.00076     0.00316     0.00285     
Add         6506875.519 0.00099     0.00338     0.00307     
Triad       6507960.070 0.00099     0.00338     0.00311     
Dot         6400206.382 0.00067     0.00307     0.00280     
BabelStream
Version: 5.0
Implementation: CUDA
Running  Classic kernels 100 times in  Classic order 
Number of elements: 268435456
Precision: double
Array size: 2147.5 MB
Total size: 6442.5 MB
CUDA Driver: 13030
CUDA Device 0: "NVIDIA B300 SXM6 AC" 148 SMs(10,3) Memory: 3996 MHz x 7680-bit = 7672.320000 GB/s PEAK, ECC is ON
Memory Allocation: DEFAULT
Parallel for kernel config: thread blocks of size 256
Reduction kernel config: 592 groups of (fixed) size 1024
Function    MB/s        Min (sec)   Max         Average     
Copy        5848203.309 0.00073     0.00309     0.00180     
Mul         5666408.032 0.00076     0.00311     0.00182     
Add         6507670.821 0.00099     0.00334     0.00204     
Triad       6531693.472 0.00099     0.00334     0.00206     
Dot         6372979.099 0.00067     0.00303     0.00177     
BabelStream
Version: 5.0
Implementation: CUDA
Running  Classic kernels 100 times in  Classic order 
Number of elements: 268435456
Precision: double
Array size: 2147.5 MB
Total size: 6442.5 MB
CUDA Driver: 13030
CUDA Device 0: "NVIDIA B300 SXM6 AC" 148 SMs(10,3) Memory: 3996 MHz x 7680-bit = 7672.320000 GB/s PEAK, ECC is ON
Memory Allocation: DEFAULT
Parallel for kernel config: thread blocks of size 256
Reduction kernel config: 592 groups of (fixed) size 1024
Function    MB/s        Min (sec)   Max         Average     
Copy        5819092.318 0.00074     0.00312     0.00259     
Mul         5635160.647 0.00076     0.00315     0.00261     
Add         6469532.407 0.00100     0.00338     0.00283     
Triad       6501510.667 0.00099     0.00338     0.00285     
Dot         6318107.431 0.00068     0.00307     0.00256     
BabelStream
Version: 5.0
Implementation: CUDA
Running  Classic kernels 100 times in  Classic order 
Number of elements: 268435456
Precision: double
Array size: 2147.5 MB
Total size: 6442.5 MB
CUDA Driver: 13030
CUDA Device 0: "NVIDIA B300 SXM6 AC" 148 SMs(10,3) Memory: 3996 MHz x 7680-bit = 7672.320000 GB/s PEAK, ECC is ON
Memory Allocation: DEFAULT
Parallel for kernel config: thread blocks of size 256
Reduction kernel config: 592 groups of (fixed) size 1024
Function    MB/s        Min (sec)   Max         Average     
Copy        5855961.736 0.00073     0.00312     0.00241     
Mul         5671001.875 0.00076     0.00314     0.00246     
Add         6501025.181 0.00099     0.00338     0.00269     
Triad       6515627.962 0.00099     0.00338     0.00267     
Dot         6382051.211 0.00067     0.00306     0.00237     
BabelStream
Version: 5.0
Implementation: CUDA
Running  Classic kernels 100 times in  Classic order 
Number of elements: 268435456
Precision: double
Array size: 2147.5 MB
Total size: 6442.5 MB
CUDA Driver: 13030
CUDA Device 0: "NVIDIA B300 SXM6 AC" 148 SMs(10,3) Memory: 3996 MHz x 7680-bit = 7672.320000 GB/s PEAK, ECC is ON
Memory Allocation: DEFAULT
Parallel for kernel config: thread blocks of size 256
Reduction kernel config: 592 groups of (fixed) size 1024
Function    MB/s        Min (sec)   Max         Average     
Copy        5857870.605 0.00073     0.00315     0.00197     
Mul         5677441.280 0.00076     0.00316     0.00203     
Add         6502849.409 0.00099     0.00340     0.00227     
Triad       6543402.559 0.00098     0.00339     0.00225     
Dot         6404510.623 0.00067     0.00308     0.00195     
BabelStream
Version: 5.0
Implementation: CUDA
Running  Classic kernels 100 times in  Classic order 
Number of elements: 268435456
Precision: double
Array size: 2147.5 MB
Total size: 6442.5 MB
CUDA Driver: 13030
CUDA Device 0: "NVIDIA B300 SXM6 AC" 148 SMs(10,3) Memory: 3996 MHz x 7680-bit = 7672.320000 GB/s PEAK, ECC is ON
Memory Allocation: DEFAULT
Parallel for kernel config: thread blocks of size 256
Reduction kernel config: 592 groups of (fixed) size 1024
Function    MB/s        Min (sec)   Max         Average     
Copy        5860948.179 0.00073     0.00313     0.00208     
Mul         5675400.678 0.00076     0.00315     0.00212     
Add         6499608.501 0.00099     0.00339     0.00238     
Triad       6546514.336 0.00098     0.00338     0.00237     
Dot         6382942.769 0.00067     0.00307     0.00207     
BabelStream
Version: 5.0
Implementation: CUDA
Running  Classic kernels 100 times in  Classic order 
Number of elements: 268435456
Precision: double
Array size: 2147.5 MB
Total size: 6442.5 MB
CUDA Driver: 13030
CUDA Device 0: "NVIDIA B300 SXM6 AC" 148 SMs(10,3) Memory: 3996 MHz x 7680-bit = 7672.320000 GB/s PEAK, ECC is ON
Memory Allocation: DEFAULT
Parallel for kernel config: thread blocks of size 256
Reduction kernel config: 592 groups of (fixed) size 1024
Function    MB/s        Min (sec)   Max         Average     
Copy        5822421.300 0.00074     0.00315     0.00295     
Mul         5647690.933 0.00076     0.00318     0.00299     
Add         6446318.735 0.00100     0.00340     0.00323     
Triad       6469766.297 0.00100     0.00340     0.00323     
Dot         6280955.028 0.00068     0.00309     0.00292     
BabelStream
Version: 5.0
Implementation: CUDA
Running  Classic kernels 100 times in  Classic order 
Number of elements: 268435456
Precision: double
Array size: 2147.5 MB
Total size: 6442.5 MB
CUDA Driver: 13030
CUDA Device 0: "NVIDIA B300 SXM6 AC" 148 SMs(10,3) Memory: 3996 MHz x 7680-bit = 7672.320000 GB/s PEAK, ECC is ON
Memory Allocation: DEFAULT
Parallel for kernel config: thread blocks of size 256
Reduction kernel config: 592 groups of (fixed) size 1024
Function    MB/s        Min (sec)   Max         Average     
Copy        5847454.869 0.00073     0.00311     0.00187     
Mul         5662702.476 0.00076     0.00313     0.00190     
Add         6497615.701 0.00099     0.00336     0.00212     
Triad       6511419.904 0.00099     0.00337     0.00212     
Dot         6374927.710 0.00067     0.00305     0.00182     
BabelStream
Version: 5.0
Implementation: CUDA
Running  Classic kernels 100 times in  Classic order 
Number of elements: 268435456
Precision: double
Array size: 2147.5 MB
Total size: 6442.5 MB
CUDA Driver: 13030
CUDA Device 0: "NVIDIA B300 SXM6 AC" 148 SMs(10,3) Memory: 3996 MHz x 7680-bit = 7672.320000 GB/s PEAK, ECC is ON
Memory Allocation: DEFAULT
Parallel for kernel config: thread blocks of size 256
Reduction kernel config: 592 groups of (fixed) size 1024
Function    MB/s        Min (sec)   Max         Average     
Copy        5849469.725 0.00073     0.00311     0.00274     
Mul         5666976.247 0.00076     0.00313     0.00276     
Add         6517849.426 0.00099     0.00336     0.00299     
Triad       6517163.709 0.00099     0.00336     0.00301     
Dot         6412954.560 0.00067     0.00304     0.00269     
BabelStream
Version: 5.0
Implementation: CUDA
Running  Classic kernels 100 times in  Classic order 
Number of elements: 268435456
Precision: double
Array size: 2147.5 MB
Total size: 6442.5 MB
CUDA Driver: 13030
CUDA Device 0: "NVIDIA B300 SXM6 AC" 148 SMs(10,3) Memory: 3996 MHz x 7680-bit = 7672.320000 GB/s PEAK, ECC is ON
Memory Allocation: DEFAULT
Parallel for kernel config: thread blocks of size 256
Reduction kernel config: 592 groups of (fixed) size 1024
Function    MB/s        Min (sec)   Max         Average     
Copy        5859692.778 0.00073     0.00313     0.00213     
Mul         5674935.747 0.00076     0.00315     0.00217     
Add         6511768.722 0.00099     0.00338     0.00242     
Triad       6532024.597 0.00099     0.00338     0.00239     
Dot         6393955.985 0.00067     0.00307     0.00209     
BabelStream
Version: 5.0
Implementation: CUDA
Running  Classic kernels 100 times in  Classic order 
Number of elements: 268435456
Precision: double
Array size: 2147.5 MB
Total size: 6442.5 MB
CUDA Driver: 13030
CUDA Device 0: "NVIDIA B300 SXM6 AC" 148 SMs(10,3) Memory: 3996 MHz x 7680-bit = 7672.320000 GB/s PEAK, ECC is ON
Memory Allocation: DEFAULT
Parallel for kernel config: thread blocks of size 256
Reduction kernel config: 592 groups of (fixed) size 1024
Function    MB/s        Min (sec)   Max         Average     
Copy        5820354.043 0.00074     0.00313     0.00296     
Mul         5644224.903 0.00076     0.00314     0.00299     
Add         6447292.861 0.00100     0.00338     0.00325     
Triad       6465240.918 0.00100     0.00338     0.00324     
Dot         6278292.432 0.00068     0.00307     0.00293     
BabelStream
Version: 5.0
Implementation: CUDA
Running  Classic kernels 100 times in  Classic order 
Number of elements: 268435456
Precision: double
Array size: 2147.5 MB
Total size: 6442.5 MB
CUDA Driver: 13030
CUDA Device 0: "NVIDIA B300 SXM6 AC" 148 SMs(10,3) Memory: 3996 MHz x 7680-bit = 7672.320000 GB/s PEAK, ECC is ON
Memory Allocation: DEFAULT
Parallel for kernel config: thread blocks of size 256
Reduction kernel config: 592 groups of (fixed) size 1024
Function    MB/s        Min (sec)   Max         Average     
Copy        5839766.592 0.00074     0.00311     0.00283     
Mul         5663038.465 0.00076     0.00312     0.00285     
Add         6507243.568 0.00099     0.00336     0.00310     
Triad       6506481.226 0.00099     0.00336     0.00309     
Dot         6394708.054 0.00067     0.00304     0.00279     
BabelStream
Version: 5.0
Implementation: CUDA
Running  Classic kernels 100 times in  Classic order 
Number of elements: 268435456
Precision: double
Array size: 2147.5 MB
Total size: 6442.5 MB
CUDA Driver: 13030
CUDA Device 0: "NVIDIA B300 SXM6 AC" 148 SMs(10,3) Memory: 3996 MHz x 7680-bit = 7672.320000 GB/s PEAK, ECC is ON
Memory Allocation: DEFAULT
Parallel for kernel config: thread blocks of size 256
Reduction kernel config: 592 groups of (fixed) size 1024
Function    MB/s        Min (sec)   Max         Average     
Copy        1395602.696 0.00308     0.00313     0.00309     
Mul         1385349.534 0.00310     0.00314     0.00311     
Add         1930453.102 0.00334     0.00338     0.00335     
Triad       1930965.167 0.00334     0.00338     0.00334     
Dot         1420292.009 0.00302     0.00307     0.00303     
BabelStream
Version: 5.0
Implementation: CUDA
Running  Classic kernels 100 times in  Classic order 
Number of elements: 268435456
Precision: double
Array size: 2147.5 MB
Total size: 6442.5 MB
CUDA Driver: 13030
CUDA Device 0: "NVIDIA B300 SXM6 AC" 148 SMs(10,3) Memory: 3996 MHz x 7680-bit = 7672.320000 GB/s PEAK, ECC is ON
Memory Allocation: DEFAULT
Parallel for kernel config: thread blocks of size 256
Reduction kernel config: 592 groups of (fixed) size 1024
Function    MB/s        Min (sec)   Max         Average     
Copy        5830776.274 0.00074     0.00314     0.00284     
Mul         5658957.026 0.00076     0.00316     0.00284     
Add         6504687.797 0.00099     0.00339     0.00306     
Triad       6505009.622 0.00099     0.00339     0.00307     
Dot         6384973.413 0.00067     0.00308     0.00279     
BabelStream
Version: 5.0
Implementation: CUDA
Running  Classic kernels 100 times in  Classic order 
Number of elements: 268435456
Precision: double
Array size: 2147.5 MB
Total size: 6442.5 MB
CUDA Driver: 13030
CUDA Device 0: "NVIDIA B300 SXM6 AC" 148 SMs(10,3) Memory: 3996 MHz x 7680-bit = 7672.320000 GB/s PEAK, ECC is ON
Memory Allocation: DEFAULT
Parallel for kernel config: thread blocks of size 256
Reduction kernel config: 592 groups of (fixed) size 1024
Function    MB/s        Min (sec)   Max         Average     
Copy        5847884.801 0.00073     0.00314     0.00165     
Mul         5660612.769 0.00076     0.00316     0.00167     
Add         6491389.530 0.00099     0.00340     0.00192     
Triad       6503597.770 0.00099     0.00339     0.00192     
Dot         6380126.677 0.00067     0.00308     0.00162     
BabelStream
Version: 5.0
Implementation: CUDA
Running  Classic kernels 100 times in  Classic order 
Number of elements: 268435456
Precision: double
Array size: 2147.5 MB
Total size: 6442.5 MB
CUDA Driver: 13030
CUDA Device 0: "NVIDIA B300 SXM6 AC" 148 SMs(10,3) Memory: 3996 MHz x 7680-bit = 7672.320000 GB/s PEAK, ECC is ON
Memory Allocation: DEFAULT
Parallel for kernel config: thread blocks of size 256
Reduction kernel config: 592 groups of (fixed) size 1024
Function    MB/s        Min (sec)   Max         Average     
Copy        5850274.462 0.00073     0.00310     0.00278     
Mul         5666183.768 0.00076     0.00312     0.00279     
Add         6515819.067 0.00099     0.00335     0.00306     
Triad       6513888.762 0.00099     0.00336     0.00306     
Dot         6412006.736 0.00067     0.00304     0.00274     
BabelStream
Version: 5.0
Implementation: CUDA
Running  Classic kernels 100 times in  Classic order 
Number of elements: 268435456
Precision: double
Array size: 2147.5 MB
Total size: 6442.5 MB
CUDA Driver: 13030
CUDA Device 0: "NVIDIA B300 SXM6 AC" 148 SMs(10,3) Memory: 3996 MHz x 7680-bit = 7672.320000 GB/s PEAK, ECC is ON
Memory Allocation: DEFAULT
Parallel for kernel config: thread blocks of size 256
Reduction kernel config: 592 groups of (fixed) size 1024
Function    MB/s        Min (sec)   Max         Average     
Copy        5840799.000 0.00074     0.00313     0.00293     
Mul         5659575.952 0.00076     0.00315     0.00297     
Add         6490513.194 0.00099     0.00339     0.00322     
Triad       6491657.709 0.00099     0.00339     0.00321     
Dot         6344163.983 0.00068     0.00308     0.00290     
BabelStream
Version: 5.0
Implementation: CUDA
Running  Classic kernels 100 times in  Classic order 
Number of elements: 268435456
Precision: double
Array size: 2147.5 MB
Total size: 6442.5 MB
CUDA Driver: 13030
CUDA Device 0: "NVIDIA B300 SXM6 AC" 148 SMs(10,3) Memory: 3996 MHz x 7680-bit = 7672.320000 GB/s PEAK, ECC is ON
Memory Allocation: DEFAULT
Parallel for kernel config: thread blocks of size 256
Reduction kernel config: 592 groups of (fixed) size 1024
Function    MB/s        Min (sec)   Max         Average     
Copy        5849963.696 0.00073     0.00311     0.00259     
Mul         5664390.293 0.00076     0.00313     0.00263     
Add         6514349.823 0.00099     0.00336     0.00285     
Triad       6515087.656 0.00099     0.00337     0.00286     
Dot         6398642.637 0.00067     0.00305     0.00255     
BabelStream
Version: 5.0
Implementation: CUDA
Running  Classic kernels 100 times in  Classic order 
Number of elements: 268435456
Precision: double
Array size: 2147.5 MB
Total size: 6442.5 MB
CUDA Driver: 13030
CUDA Device 0: "NVIDIA B300 SXM6 AC" 148 SMs(10,3) Memory: 3996 MHz x 7680-bit = 7672.320000 GB/s PEAK, ECC is ON
Memory Allocation: DEFAULT
Parallel for kernel config: thread blocks of size 256
Reduction kernel config: 592 groups of (fixed) size 1024
Function    MB/s        Min (sec)   Max         Average     
Copy        5838044.079 0.00074     0.00313     0.00244     
Mul         5656274.095 0.00076     0.00316     0.00246     
Add         6486846.924 0.00099     0.00339     0.00272     
Triad       6506809.800 0.00099     0.00338     0.00272     
Dot         6334012.647 0.00068     0.00307     0.00243     
BabelStream
Version: 5.0
Implementation: CUDA
Running  Classic kernels 100 times in  Classic order 
Number of elements: 268435456
Precision: double
Array size: 2147.5 MB
Total size: 6442.5 MB
CUDA Driver: 13030
CUDA Device 0: "NVIDIA B300 SXM6 AC" 148 SMs(10,3) Memory: 3996 MHz x 7680-bit = 7672.320000 GB/s PEAK, ECC is ON
Memory Allocation: DEFAULT
Parallel for kernel config: thread blocks of size 256
Reduction kernel config: 592 groups of (fixed) size 1024
Function    MB/s        Min (sec)   Max         Average     
Copy        5838663.114 0.00074     0.00314     0.00286     
Mul         5657481.099 0.00076     0.00316     0.00286     
Add         6481280.294 0.00099     0.00339     0.00310     
Triad       6493012.029 0.00099     0.00339     0.00315     
Dot         6320943.448 0.00068     0.00308     0.00282     
BabelStream
Version: 5.0
Implementation: CUDA
Running  Classic kernels 100 times in  Classic order 
Number of elements: 268435456
Precision: double
Array size: 2147.5 MB
Total size: 6442.5 MB
CUDA Driver: 13030
CUDA Device 0: "NVIDIA B300 SXM6 AC" 148 SMs(10,3) Memory: 3996 MHz x 7680-bit = 7672.320000 GB/s PEAK, ECC is ON
Memory Allocation: DEFAULT
Parallel for kernel config: thread blocks of size 256
Reduction kernel config: 592 groups of (fixed) size 1024
Function    MB/s        Min (sec)   Max         Average     
Copy        5845425.489 0.00073     0.00312     0.00282     
Mul         5666370.653 0.00076     0.00314     0.00285     
Add         6510544.731 0.00099     0.00337     0.00309     
Triad       6513335.575 0.00099     0.00337     0.00312     
Dot         6410619.015 0.00067     0.00306     0.00280     
BabelStream
Version: 5.0
Implementation: CUDA
Running  Classic kernels 100 times in  Classic order 
Number of elements: 268435456
Precision: double
Array size: 2147.5 MB
Total size: 6442.5 MB
CUDA Driver: 13030
CUDA Device 0: "NVIDIA B300 SXM6 AC" 148 SMs(10,3) Memory: 3996 MHz x 7680-bit = 7672.320000 GB/s PEAK, ECC is ON
Memory Allocation: DEFAULT
Parallel for kernel config: thread blocks of size 256
Reduction kernel config: 592 groups of (fixed) size 1024
Function    MB/s        Min (sec)   Max         Average     
Copy        1388430.230 0.00309     0.00310     0.00310     
Mul         1380571.402 0.00311     0.00312     0.00312     
Add         1923906.476 0.00335     0.00336     0.00335     
Triad       1923921.989 0.00335     0.00336     0.00335     
Dot         1416707.144 0.00303     0.00304     0.00304     
BabelStream
Version: 5.0
Implementation: CUDA
Running  Classic kernels 100 times in  Classic order 
Number of elements: 268435456
Precision: double
Array size: 2147.5 MB
Total size: 6442.5 MB
CUDA Driver: 13030
CUDA Device 0: "NVIDIA B300 SXM6 AC" 148 SMs(10,3) Memory: 3996 MHz x 7680-bit = 7672.320000 GB/s PEAK, ECC is ON
Memory Allocation: DEFAULT
Parallel for kernel config: thread blocks of size 256
Reduction kernel config: 592 groups of (fixed) size 1024
Function    MB/s        Min (sec)   Max         Average     
Copy        5817098.331 0.00074     0.00310     0.00298     
Mul         5641733.774 0.00076     0.00312     0.00300     
Add         6440711.952 0.00100     0.00336     0.00324     
Triad       6466279.183 0.00100     0.00336     0.00324     
Dot         6269402.886 0.00069     0.00305     0.00293     
BabelStream
Version: 5.0
Implementation: CUDA
Running  Classic kernels 100 times in  Classic order 
Number of elements: 268435456
Precision: double
Array size: 2147.5 MB
Total size: 6442.5 MB
CUDA Driver: 13030
CUDA Device 0: "NVIDIA B300 SXM6 AC" 148 SMs(10,3) Memory: 3996 MHz x 7680-bit = 7672.320000 GB/s PEAK, ECC is ON
Memory Allocation: DEFAULT
Parallel for kernel config: thread blocks of size 256
Reduction kernel config: 592 groups of (fixed) size 1024
Function    MB/s        Min (sec)   Max         Average     
Copy        5688879.244 0.00075     0.00315     0.00310     
Mul         4370471.563 0.00098     0.00316     0.00312     
Add         5355921.857 0.00120     0.00340     0.00336     
Triad       1909528.969 0.00337     0.00340     0.00338     
Dot         1402210.742 0.00306     0.00308     0.00307     
BabelStream
Version: 5.0
Implementation: CUDA
Running  Classic kernels 100 times in  Classic order 
Number of elements: 268435456
Precision: double
Array size: 2147.5 MB
Total size: 6442.5 MB
CUDA Driver: 13030
CUDA Device 0: "NVIDIA B300 SXM6 AC" 148 SMs(10,3) Memory: 3996 MHz x 7680-bit = 7672.320000 GB/s PEAK, ECC is ON
Memory Allocation: DEFAULT
Parallel for kernel config: thread blocks of size 256
Reduction kernel config: 592 groups of (fixed) size 1024
Function    MB/s        Min (sec)   Max         Average     
Copy        5856504.719 0.00073     0.00310     0.00179     
Mul         5667185.619 0.00076     0.00312     0.00184     
Add         6514857.065 0.00099     0.00336     0.00207     
Triad       6543296.225 0.00098     0.00335     0.00208     
Dot         6383360.179 0.00067     0.00305     0.00177     
BabelStream
Version: 5.0
Implementation: CUDA
Running  Classic kernels 100 times in  Classic order 
Number of elements: 268435456
Precision: double
Array size: 2147.5 MB
Total size: 6442.5 MB
CUDA Driver: 13030
CUDA Device 0: "NVIDIA B300 SXM6 AC" 148 SMs(10,3) Memory: 3996 MHz x 7680-bit = 7672.320000 GB/s PEAK, ECC is ON
Memory Allocation: DEFAULT
Parallel for kernel config: thread blocks of size 256
Reduction kernel config: 592 groups of (fixed) size 1024
Function    MB/s        Min (sec)   Max         Average     
Copy        5853806.770 0.00073     0.00310     0.00197     
Mul         5664928.216 0.00076     0.00312     0.00201     
Add         6498048.245 0.00099     0.00335     0.00225     
Triad       6536445.023 0.00099     0.00335     0.00226     
Dot         6372979.099 0.00067     0.00304     0.00194     
BabelStream
Version: 5.0
Implementation: CUDA
Running  Classic kernels 100 times in  Classic order 
Number of elements: 268435456
Precision: double
Array size: 2147.5 MB
Total size: 6442.5 MB
CUDA Driver: 13030
CUDA Device 0: "NVIDIA B300 SXM6 AC" 148 SMs(10,3) Memory: 3996 MHz x 7680-bit = 7672.320000 GB/s PEAK, ECC is ON
Memory Allocation: DEFAULT
Parallel for kernel config: thread blocks of size 256
Reduction kernel config: 592 groups of (fixed) size 1024
Function    MB/s        Min (sec)   Max         Average     
Copy        5859061.283 0.00073     0.00312     0.00239     
Mul         5673354.049 0.00076     0.00314     0.00242     
Add         6501340.082 0.00099     0.00338     0.00268     
Triad       6537360.341 0.00099     0.00337     0.00267     
Dot         6385172.752 0.00067     0.00307     0.00236     
BabelStream
Version: 5.0
Implementation: CUDA
Running  Classic kernels 100 times in  Classic order 
Number of elements: 268435456
Precision: double
Array size: 2147.5 MB
Total size: 6442.5 MB
CUDA Driver: 13030
CUDA Device 0: "NVIDIA B300 SXM6 AC" 148 SMs(10,3) Memory: 3996 MHz x 7680-bit = 7672.320000 GB/s PEAK, ECC is ON
Memory Allocation: DEFAULT
Parallel for kernel config: thread blocks of size 256
Reduction kernel config: 592 groups of (fixed) size 1024
Function    MB/s        Min (sec)   Max         Average     
Copy        5843039.786 0.00074     0.00314     0.00253     
Mul         5652440.433 0.00076     0.00316     0.00253     
Add         6504366.004 0.00099     0.00339     0.00276     
Triad       6504070.508 0.00099     0.00340     0.00279     
Dot         6377881.274 0.00067     0.00308     0.00248     
BabelStream
Version: 5.0
Implementation: CUDA
Running  Classic kernels 100 times in  Classic order 
Number of elements: 268435456
Precision: double
Array size: 2147.5 MB
Total size: 6442.5 MB
CUDA Driver: 13030
CUDA Device 0: "NVIDIA B300 SXM6 AC" 148 SMs(10,3) Memory: 3996 MHz x 7680-bit = 7672.320000 GB/s PEAK, ECC is ON
Memory Allocation: DEFAULT
Parallel for kernel config: thread blocks of size 256
Reduction kernel config: 592 groups of (fixed) size 1024
Function    MB/s        Min (sec)   Max         Average     
Copy        5835664.396 0.00074     0.00313     0.00266     
Mul         5649570.453 0.00076     0.00315     0.00266     
Add         6506579.794 0.00099     0.00338     0.00289     
Triad       6505292.065 0.00099     0.00483     0.00294     
Dot         6398127.913 0.00067     0.00307     0.00261     
BabelStream
Version: 5.0
Implementation: CUDA
Running  Classic kernels 100 times in  Classic order 
Number of elements: 268435456
Precision: double
Array size: 2147.5 MB
Total size: 6442.5 MB
CUDA Driver: 13030
CUDA Device 0: "NVIDIA B300 SXM6 AC" 148 SMs(10,3) Memory: 3996 MHz x 7680-bit = 7672.320000 GB/s PEAK, ECC is ON
Memory Allocation: DEFAULT
Parallel for kernel config: thread blocks of size 256
Reduction kernel config: 592 groups of (fixed) size 1024
Function    MB/s        Min (sec)   Max         Average     
Copy        1372517.202 0.00313     0.00315     0.00314     
Mul         1367630.159 0.00314     0.00316     0.00315     
Add         1903296.426 0.00338     0.00340     0.00339     
Triad       1903693.487 0.00338     0.00340     0.00339     
Dot         1397871.540 0.00307     0.00309     0.00308     
BabelStream
Version: 5.0
Implementation: CUDA
Running  Classic kernels 100 times in  Classic order 
Number of elements: 268435456
Precision: double
Array size: 2147.5 MB
Total size: 6442.5 MB
CUDA Driver: 13030
CUDA Device 0: "NVIDIA B300 SXM6 AC" 148 SMs(10,3) Memory: 3996 MHz x 7680-bit = 7672.320000 GB/s PEAK, ECC is ON
Memory Allocation: DEFAULT
Parallel for kernel config: thread blocks of size 256
Reduction kernel config: 592 groups of (fixed) size 1024
Function    MB/s        Min (sec)   Max         Average     
Copy        5852666.078 0.00073     0.00311     0.00118     
Mul         5666295.898 0.00076     0.00313     0.00121     
Add         6499687.189 0.00099     0.00336     0.00146     
Triad       6538727.163 0.00099     0.00335     0.00146     
Dot         6395926.971 0.00067     0.00305     0.00116     
BabelStream
Version: 5.0
Implementation: CUDA
Running  Classic kernels 100 times in  Classic order 
Number of elements: 268435456
Precision: double
Array size: 2147.5 MB
Total size: 6442.5 MB
CUDA Driver: 13030
CUDA Device 0: "NVIDIA B300 SXM6 AC" 148 SMs(10,3) Memory: 3996 MHz x 7680-bit = 7672.320000 GB/s PEAK, ECC is ON
Memory Allocation: DEFAULT
Parallel for kernel config: thread blocks of size 256
Reduction kernel config: 592 groups of (fixed) size 1024
Function    MB/s        Min (sec)   Max         Average     
Copy        5841609.299 0.00074     0.00313     0.00243     
Mul         5659628.156 0.00076     0.00315     0.00243     
Add         6501838.739 0.00099     0.00338     0.00267     
Triad       6522369.538 0.00099     0.00338     0.00268     
Dot         6360973.238 0.00068     0.00307     0.00236     
