BabelStream
Version: 5.0
Implementation: CUDA
Running  Classic kernels 100 times in  Classic order 
Number of elements: 268435456
Precision: double
Array size: 2147.5 MB
Total size: 6442.5 MB
CUDA Driver: 13030
CUDA Device 0: "NVIDIA B300 SXM6 AC" 148 SMs(10,3) Memory: 3996 MHz x 7680-bit = 7672.320000 GB/s PEAK, ECC is ON
Memory Allocation: DEFAULT
Parallel for kernel config: thread blocks of size 256
Reduction kernel config: 592 groups of (fixed) size 1024
Function    MB/s        Min (sec)   Max         Average     
Copy        5839901.579 0.00074     0.00314     0.00300     
Mul         5657600.337 0.00076     0.00315     0.00302     
Add         6532720.070 0.00099     0.00338     0.00324     
Triad       6475469.362 0.00099     0.00339     0.00324     
Dot         6353868.486 0.00068     0.00307     0.00295     
BabelStream
Version: 5.0
Implementation: CUDA
Running  Classic kernels 100 times in  Classic order 
Number of elements: 268435456
Precision: double
Array size: 2147.5 MB
Total size: 6442.5 MB
CUDA Driver: 13030
CUDA Device 0: "NVIDIA B300 SXM6 AC" 148 SMs(10,3) Memory: 3996 MHz x 7680-bit = 7672.320000 GB/s PEAK, ECC is ON
Memory Allocation: DEFAULT
Parallel for kernel config: thread blocks of size 256
Reduction kernel config: 592 groups of (fixed) size 1024
Function    MB/s        Min (sec)   Max         Average     
Copy        5846181.368 0.00073     0.00309     0.00185     
Mul         5654405.001 0.00076     0.00311     0.00189     
Add         6489643.632 0.00099     0.00334     0.00214     
Triad       6524000.956 0.00099     0.00334     0.00211     
Dot         6369161.008 0.00067     0.00303     0.00183     
BabelStream
Version: 5.0
Implementation: CUDA
Running  Classic kernels 100 times in  Classic order 
Number of elements: 268435456
Precision: double
Array size: 2147.5 MB
Total size: 6442.5 MB
CUDA Driver: 13030
CUDA Device 0: "NVIDIA B300 SXM6 AC" 148 SMs(10,3) Memory: 3996 MHz x 7680-bit = 7672.320000 GB/s PEAK, ECC is ON
Memory Allocation: DEFAULT
Parallel for kernel config: thread blocks of size 256
Reduction kernel config: 592 groups of (fixed) size 1024
Function    MB/s        Min (sec)   Max         Average     
Copy        5849923.856 0.00073     0.00315     0.00169     
Mul         5661067.895 0.00076     0.00315     0.00172     
Add         6495087.130 0.00099     0.00338     0.00194     
Triad       6531951.747 0.00099     0.00337     0.00196     
Dot         6393480.083 0.00067     0.00306     0.00167     
BabelStream
Version: 5.0
Implementation: CUDA
Running  Classic kernels 100 times in  Classic order 
Number of elements: 268435456
Precision: double
Array size: 2147.5 MB
Total size: 6442.5 MB
CUDA Driver: 13030
CUDA Device 0: "NVIDIA B300 SXM6 AC" 148 SMs(10,3) Memory: 3996 MHz x 7680-bit = 7672.320000 GB/s PEAK, ECC is ON
Memory Allocation: DEFAULT
Parallel for kernel config: thread blocks of size 256
Reduction kernel config: 592 groups of (fixed) size 1024
Function    MB/s        Min (sec)   Max         Average     
Copy        5863348.531 0.00073     0.00309     0.00188     
Mul         5672335.034 0.00076     0.00311     0.00190     
Add         6502705.009 0.00099     0.00334     0.00213     
Triad       6542478.904 0.00098     0.00334     0.00214     
Dot         6403746.699 0.00067     0.00303     0.00183     
BabelStream
Version: 5.0
Implementation: CUDA
Running  Classic kernels 100 times in  Classic order 
Number of elements: 268435456
Precision: double
Array size: 2147.5 MB
Total size: 6442.5 MB
CUDA Driver: 13030
CUDA Device 0: "NVIDIA B300 SXM6 AC" 148 SMs(10,3) Memory: 3996 MHz x 7680-bit = 7672.320000 GB/s PEAK, ECC is ON
Memory Allocation: DEFAULT
Parallel for kernel config: thread blocks of size 256
Reduction kernel config: 592 groups of (fixed) size 1024
Function    MB/s        Min (sec)   Max         Average     
Copy        5850752.629 0.00073     0.00310     0.00179     
Mul         5666587.456 0.00076     0.00312     0.00181     
Add         6494085.417 0.00099     0.00335     0.00206     
Triad       6535046.011 0.00099     0.00335     0.00206     
Dot         6377672.920 0.00067     0.00304     0.00174     
BabelStream
Version: 5.0
Implementation: CUDA
Running  Classic kernels 100 times in  Classic order 
Number of elements: 268435456
Precision: double
Array size: 2147.5 MB
Total size: 6442.5 MB
CUDA Driver: 13030
CUDA Device 0: "NVIDIA B300 SXM6 AC" 148 SMs(10,3) Memory: 3996 MHz x 7680-bit = 7672.320000 GB/s PEAK, ECC is ON
Memory Allocation: DEFAULT
Parallel for kernel config: thread blocks of size 256
Reduction kernel config: 592 groups of (fixed) size 1024
Function    MB/s        Min (sec)   Max         Average     
Copy        5846746.415 0.00073     0.00310     0.00230     
Mul         5661963.439 0.00076     0.00312     0.00235     
Add         6501412.252 0.00099     0.00335     0.00258     
Triad       6525527.434 0.00099     0.00335     0.00258     
Dot         6356661.441 0.00068     0.00305     0.00227     
BabelStream
Version: 5.0
Implementation: CUDA
Running  Classic kernels 100 times in  Classic order 
Number of elements: 268435456
Precision: double
Array size: 2147.5 MB
Total size: 6442.5 MB
CUDA Driver: 13030
CUDA Device 0: "NVIDIA B300 SXM6 AC" 148 SMs(10,3) Memory: 3996 MHz x 7680-bit = 7672.320000 GB/s PEAK, ECC is ON
Memory Allocation: DEFAULT
Parallel for kernel config: thread blocks of size 256
Reduction kernel config: 592 groups of (fixed) size 1024
Function    MB/s        Min (sec)   Max         Average     
Copy        5818201.554 0.00074     0.00311     0.00292     
Mul         5648002.862 0.00076     0.00312     0.00294     
Add         6453098.557 0.00100     0.00337     0.00318     
Triad       6468642.477 0.00100     0.00337     0.00318     
Dot         6267783.488 0.00069     0.00306     0.00289     
BabelStream
Version: 5.0
Implementation: CUDA
Running  Classic kernels 100 times in  Classic order 
Number of elements: 268435456
Precision: double
Array size: 2147.5 MB
Total size: 6442.5 MB
CUDA Driver: 13030
CUDA Device 0: "NVIDIA B300 SXM6 AC" 148 SMs(10,3) Memory: 3996 MHz x 7680-bit = 7672.320000 GB/s PEAK, ECC is ON
Memory Allocation: DEFAULT
Parallel for kernel config: thread blocks of size 256
Reduction kernel config: 592 groups of (fixed) size 1024
Function    MB/s        Min (sec)   Max         Average     
Copy        5849987.600 0.00073     0.00313     0.00257     
Mul         5666707.078 0.00076     0.00315     0.00264     
Add         6495041.293 0.00099     0.00340     0.00285     
Triad       6511656.833 0.00099     0.00339     0.00286     
Dot         6360370.364 0.00068     0.00307     0.00255     
BabelStream
Version: 5.0
Implementation: CUDA
Running  Classic kernels 100 times in  Classic order 
Number of elements: 268435456
Precision: double
Array size: 2147.5 MB
Total size: 6442.5 MB
CUDA Driver: 13030
CUDA Device 0: "NVIDIA B300 SXM6 AC" 148 SMs(10,3) Memory: 3996 MHz x 7680-bit = 7672.320000 GB/s PEAK, ECC is ON
Memory Allocation: DEFAULT
Parallel for kernel config: thread blocks of size 256
Reduction kernel config: 592 groups of (fixed) size 1024
Function    MB/s        Min (sec)   Max         Average     
Copy        5856145.381 0.00073     0.00313     0.00179     
Mul         5661955.975 0.00076     0.00315     0.00179     
Add         6512617.889 0.00099     0.00338     0.00206     
Triad       6538574.528 0.00099     0.00338     0.00204     
Dot         6359174.376 0.00068     0.00308     0.00175     
BabelStream
Version: 5.0
Implementation: CUDA
Running  Classic kernels 100 times in  Classic order 
Number of elements: 268435456
Precision: double
Array size: 2147.5 MB
Total size: 6442.5 MB
CUDA Driver: 13030
CUDA Device 0: "NVIDIA B300 SXM6 AC" 148 SMs(10,3) Memory: 3996 MHz x 7680-bit = 7672.320000 GB/s PEAK, ECC is ON
Memory Allocation: DEFAULT
Parallel for kernel config: thread blocks of size 256
Reduction kernel config: 592 groups of (fixed) size 1024
Function    MB/s        Min (sec)   Max         Average     
Copy        5834261.293 0.00074     0.00312     0.00299     
Mul         5655037.823 0.00076     0.00314     0.00302     
Add         6456590.878 0.00100     0.00338     0.00326     
Triad       6480009.077 0.00099     0.00338     0.00326     
Dot         6312294.586 0.00068     0.00307     0.00295     
BabelStream
Version: 5.0
Implementation: CUDA
Running  Classic kernels 100 times in  Classic order 
Number of elements: 268435456
Precision: double
Array size: 2147.5 MB
Total size: 6442.5 MB
CUDA Driver: 13030
CUDA Device 0: "NVIDIA B300 SXM6 AC" 148 SMs(10,3) Memory: 3996 MHz x 7680-bit = 7672.320000 GB/s PEAK, ECC is ON
Memory Allocation: DEFAULT
Parallel for kernel config: thread blocks of size 256
Reduction kernel config: 592 groups of (fixed) size 1024
Function    MB/s        Min (sec)   Max         Average     
Copy        5851820.817 0.00073     0.00314     0.00196     
Mul         5668883.592 0.00076     0.00317     0.00199     
Add         6499497.029 0.00099     0.00339     0.00222     
Triad       6515568.655 0.00099     0.00340     0.00224     
Dot         6407854.935 0.00067     0.00306     0.00192     
BabelStream
Version: 5.0
Implementation: CUDA
Running  Classic kernels 100 times in  Classic order 
Number of elements: 268435456
Precision: double
Array size: 2147.5 MB
Total size: 6442.5 MB
CUDA Driver: 13030
CUDA Device 0: "NVIDIA B300 SXM6 AC" 148 SMs(10,3) Memory: 3996 MHz x 7680-bit = 7672.320000 GB/s PEAK, ECC is ON
Memory Allocation: DEFAULT
Parallel for kernel config: thread blocks of size 256
Reduction kernel config: 592 groups of (fixed) size 1024
Function    MB/s        Min (sec)   Max         Average     
Copy        5849230.737 0.00073     0.00313     0.00224     
Mul         5665085.130 0.00076     0.00313     0.00225     
Add         6492410.039 0.00099     0.00337     0.00249     
Triad       6529945.686 0.00099     0.00336     0.00251     
Dot         6380970.295 0.00067     0.00305     0.00219     
BabelStream
Version: 5.0
Implementation: CUDA
Running  Classic kernels 100 times in  Classic order 
Number of elements: 268435456
Precision: double
Array size: 2147.5 MB
Total size: 6442.5 MB
CUDA Driver: 13030
CUDA Device 0: "NVIDIA B300 SXM6 AC" 148 SMs(10,3) Memory: 3996 MHz x 7680-bit = 7672.320000 GB/s PEAK, ECC is ON
Memory Allocation: DEFAULT
Parallel for kernel config: thread blocks of size 256
Reduction kernel config: 592 groups of (fixed) size 1024
Function    MB/s        Min (sec)   Max         Average     
Copy        5845560.737 0.00073     0.00313     0.00291     
Mul         5661343.991 0.00076     0.00315     0.00293     
Add         6533011.550 0.00099     0.00338     0.00316     
Triad       6493627.220 0.00099     0.00338     0.00318     
Dot         6419664.345 0.00067     0.00307     0.00287     
BabelStream
Version: 5.0
Implementation: CUDA
Running  Classic kernels 100 times in  Classic order 
Number of elements: 268435456
Precision: double
Array size: 2147.5 MB
Total size: 6442.5 MB
CUDA Driver: 13030
CUDA Device 0: "NVIDIA B300 SXM6 AC" 148 SMs(10,3) Memory: 3996 MHz x 7680-bit = 7672.320000 GB/s PEAK, ECC is ON
Memory Allocation: DEFAULT
Parallel for kernel config: thread blocks of size 256
Reduction kernel config: 592 groups of (fixed) size 1024
Function    MB/s        Min (sec)   Max         Average     
Copy        5843787.097 0.00073     0.00311     0.00293     
Mul         5669048.208 0.00076     0.00313     0.00295     
Add         6535841.584 0.00099     0.00336     0.00318     
Triad       6490813.999 0.00099     0.00337     0.00319     
Dot         6409241.459 0.00067     0.00305     0.00288     
BabelStream
Version: 5.0
Implementation: CUDA
Running  Classic kernels 100 times in  Classic order 
Number of elements: 268435456
Precision: double
Array size: 2147.5 MB
Total size: 6442.5 MB
CUDA Driver: 13030
CUDA Device 0: "NVIDIA B300 SXM6 AC" 148 SMs(10,3) Memory: 3996 MHz x 7680-bit = 7672.320000 GB/s PEAK, ECC is ON
Memory Allocation: DEFAULT
Parallel for kernel config: thread blocks of size 256
Reduction kernel config: 592 groups of (fixed) size 1024
Function    MB/s        Min (sec)   Max         Average     
Copy        1377351.833 0.00312     0.00313     0.00312     
Mul         1368776.020 0.00314     0.00315     0.00314     
Add         1910027.728 0.00337     0.00338     0.00338     
Triad       1908712.608 0.00338     0.00338     0.00338     
Dot         1403353.402 0.00306     0.00308     0.00307     
BabelStream
Version: 5.0
Implementation: CUDA
Running  Classic kernels 100 times in  Classic order 
Number of elements: 268435456
Precision: double
Array size: 2147.5 MB
Total size: 6442.5 MB
CUDA Driver: 13030
CUDA Device 0: "NVIDIA B300 SXM6 AC" 148 SMs(10,3) Memory: 3996 MHz x 7680-bit = 7672.320000 GB/s PEAK, ECC is ON
Memory Allocation: DEFAULT
Parallel for kernel config: thread blocks of size 256
Reduction kernel config: 592 groups of (fixed) size 1024
Function    MB/s        Min (sec)   Max         Average     
Copy        1393423.024 0.00308     0.00311     0.00310     
Mul         1384058.010 0.00310     0.00313     0.00312     
Add         1929814.702 0.00334     0.00336     0.00336     
Triad       1929116.646 0.00334     0.00336     0.00336     
Dot         1418821.110 0.00303     0.00305     0.00304     
BabelStream
Version: 5.0
Implementation: CUDA
Running  Classic kernels 100 times in  Classic order 
Number of elements: 268435456
Precision: double
Array size: 2147.5 MB
Total size: 6442.5 MB
CUDA Driver: 13030
CUDA Device 0: "NVIDIA B300 SXM6 AC" 148 SMs(10,3) Memory: 3996 MHz x 7680-bit = 7672.320000 GB/s PEAK, ECC is ON
Memory Allocation: DEFAULT
Parallel for kernel config: thread blocks of size 256
Reduction kernel config: 592 groups of (fixed) size 1024
Function    MB/s        Min (sec)   Max         Average     
Copy        5834816.112 0.00074     0.00314     0.00295     
Mul         5649949.480 0.00076     0.00316     0.00298     
Add         6458480.894 0.00100     0.00340     0.00323     
Triad       6478972.914 0.00099     0.00339     0.00323     
Dot         6287446.525 0.00068     0.00309     0.00292     
BabelStream
Version: 5.0
Implementation: CUDA
Running  Classic kernels 100 times in  Classic order 
Number of elements: 268435456
Precision: double
Array size: 2147.5 MB
Total size: 6442.5 MB
CUDA Driver: 13030
CUDA Device 0: "NVIDIA B300 SXM6 AC" 148 SMs(10,3) Memory: 3996 MHz x 7680-bit = 7672.320000 GB/s PEAK, ECC is ON
Memory Allocation: DEFAULT
Parallel for kernel config: thread blocks of size 256
Reduction kernel config: 592 groups of (fixed) size 1024
Function    MB/s        Min (sec)   Max         Average     
Copy        5868026.861 0.00073     0.00310     0.00183     
Mul         5673698.799 0.00076     0.00312     0.00185     
Add         6504484.210 0.00099     0.00335     0.00210     
Triad       6544373.009 0.00098     0.00335     0.00210     
Dot         6403460.274 0.00067     0.00304     0.00180     
BabelStream
Version: 5.0
Implementation: CUDA
Running  Classic kernels 100 times in  Classic order 
Number of elements: 268435456
Precision: double
Array size: 2147.5 MB
Total size: 6442.5 MB
CUDA Driver: 13030
CUDA Device 0: "NVIDIA B300 SXM6 AC" 148 SMs(10,3) Memory: 3996 MHz x 7680-bit = 7672.320000 GB/s PEAK, ECC is ON
Memory Allocation: DEFAULT
Parallel for kernel config: thread blocks of size 256
Reduction kernel config: 592 groups of (fixed) size 1024
Function    MB/s        Min (sec)   Max         Average     
Copy        5863620.695 0.00073     0.00311     0.00225     
Mul         5673503.935 0.00076     0.00313     0.00226     
Add         6510709.219 0.00099     0.00336     0.00248     
Triad       6521636.656 0.00099     0.00336     0.00250     
Dot         6398166.038 0.00067     0.00305     0.00219     
BabelStream
Version: 5.0
Implementation: CUDA
Running  Classic kernels 100 times in  Classic order 
Number of elements: 268435456
Precision: double
Array size: 2147.5 MB
Total size: 6442.5 MB
CUDA Driver: 13030
CUDA Device 0: "NVIDIA B300 SXM6 AC" 148 SMs(10,3) Memory: 3996 MHz x 7680-bit = 7672.320000 GB/s PEAK, ECC is ON
Memory Allocation: DEFAULT
Parallel for kernel config: thread blocks of size 256
Reduction kernel config: 592 groups of (fixed) size 1024
Function    MB/s        Min (sec)   Max         Average     
Copy        5845115.237 0.00073     0.00313     0.00230     
Mul         5664943.160 0.00076     0.00316     0.00229     
Add         6499713.419 0.00099     0.00374     0.00253     
Triad       6509031.831 0.00099     0.00339     0.00252     
Dot         6378563.254 0.00067     0.00309     0.00224     
BabelStream
Version: 5.0
Implementation: CUDA
Running  Classic kernels 100 times in  Classic order 
Number of elements: 268435456
Precision: double
Array size: 2147.5 MB
Total size: 6442.5 MB
CUDA Driver: 13030
CUDA Device 0: "NVIDIA B300 SXM6 AC" 148 SMs(10,3) Memory: 3996 MHz x 7680-bit = 7672.320000 GB/s PEAK, ECC is ON
Memory Allocation: DEFAULT
Parallel for kernel config: thread blocks of size 256
Reduction kernel config: 592 groups of (fixed) size 1024
Function    MB/s        Min (sec)   Max         Average     
Copy        5846475.816 0.00073     0.00313     0.00182     
Mul         5666288.422 0.00076     0.00315     0.00187     
Add         6514758.246 0.00099     0.00340     0.00212     
Triad       6505252.653 0.00099     0.00338     0.00213     
Dot         6355861.860 0.00068     0.00307     0.00179     
BabelStream
Version: 5.0
Implementation: CUDA
Running  Classic kernels 100 times in  Classic order 
Number of elements: 268435456
Precision: double
Array size: 2147.5 MB
Total size: 6442.5 MB
CUDA Driver: 13030
CUDA Device 0: "NVIDIA B300 SXM6 AC" 148 SMs(10,3) Memory: 3996 MHz x 7680-bit = 7672.320000 GB/s PEAK, ECC is ON
Memory Allocation: DEFAULT
Parallel for kernel config: thread blocks of size 256
Reduction kernel config: 592 groups of (fixed) size 1024
Function    MB/s        Min (sec)   Max         Average     
Copy        5816893.492 0.00074     0.00315     0.00299     
Mul         5630388.462 0.00076     0.00317     0.00301     
Add         6440718.391 0.00100     0.00340     0.00325     
Triad       6460734.824 0.00100     0.00340     0.00325     
Dot         6245771.596 0.00069     0.00309     0.00296     
BabelStream
Version: 5.0
Implementation: CUDA
Running  Classic kernels 100 times in  Classic order 
Number of elements: 268435456
Precision: double
Array size: 2147.5 MB
Total size: 6442.5 MB
CUDA Driver: 13030
CUDA Device 0: "NVIDIA B300 SXM6 AC" 148 SMs(10,3) Memory: 3996 MHz x 7680-bit = 7672.320000 GB/s PEAK, ECC is ON
Memory Allocation: DEFAULT
Parallel for kernel config: thread blocks of size 256
Reduction kernel config: 592 groups of (fixed) size 1024
Function    MB/s        Min (sec)   Max         Average     
Copy        5851230.874 0.00073     0.00311     0.00180     
Mul         5663449.174 0.00076     0.00313     0.00182     
Add         6506947.811 0.00099     0.00337     0.00204     
Triad       6530104.537 0.00099     0.00337     0.00204     
Dot         6380107.721 0.00067     0.00305     0.00174     
BabelStream
Version: 5.0
Implementation: CUDA
Running  Classic kernels 100 times in  Classic order 
Number of elements: 268435456
Precision: double
Array size: 2147.5 MB
Total size: 6442.5 MB
CUDA Driver: 13030
CUDA Device 0: "NVIDIA B300 SXM6 AC" 148 SMs(10,3) Memory: 3996 MHz x 7680-bit = 7672.320000 GB/s PEAK, ECC is ON
Memory Allocation: DEFAULT
Parallel for kernel config: thread blocks of size 256
Reduction kernel config: 592 groups of (fixed) size 1024
Function    MB/s        Min (sec)   Max         Average     
Copy        5851095.363 0.00073     0.00312     0.00262     
Mul         5655253.759 0.00076     0.00312     0.00266     
Add         6489793.991 0.00099     0.00335     0.00292     
Triad       6511512.041 0.00099     0.00335     0.00290     
Dot         6355532.679 0.00068     0.00305     0.00262     
BabelStream
Version: 5.0
Implementation: CUDA
Running  Classic kernels 100 times in  Classic order 
Number of elements: 268435456
Precision: double
Array size: 2147.5 MB
Total size: 6442.5 MB
CUDA Driver: 13030
CUDA Device 0: "NVIDIA B300 SXM6 AC" 148 SMs(10,3) Memory: 3996 MHz x 7680-bit = 7672.320000 GB/s PEAK, ECC is ON
Memory Allocation: DEFAULT
Parallel for kernel config: thread blocks of size 256
Reduction kernel config: 592 groups of (fixed) size 1024
Function    MB/s        Min (sec)   Max         Average     
Copy        5812610.953 0.00074     0.00313     0.00288     
Mul         5637764.378 0.00076     0.00314     0.00290     
Add         6447544.504 0.00100     0.00338     0.00316     
Triad       6459899.132 0.00100     0.00339     0.00316     
Dot         6270272.399 0.00068     0.00308     0.00285     
BabelStream
Version: 5.0
Implementation: CUDA
Running  Classic kernels 100 times in  Classic order 
Number of elements: 268435456
Precision: double
Array size: 2147.5 MB
Total size: 6442.5 MB
CUDA Driver: 13030
CUDA Device 0: "NVIDIA B300 SXM6 AC" 148 SMs(10,3) Memory: 3996 MHz x 7680-bit = 7672.320000 GB/s PEAK, ECC is ON
Memory Allocation: DEFAULT
Parallel for kernel config: thread blocks of size 256
Reduction kernel config: 592 groups of (fixed) size 1024
Function    MB/s        Min (sec)   Max         Average     
Copy        5835117.343 0.00074     0.00315     0.00302     
Mul         5653467.196 0.00076     0.00317     0.00304     
Add         6462737.477 0.00100     0.00341     0.00327     
Triad       6480889.097 0.00099     0.00341     0.00328     
Dot         6286793.090 0.00068     0.00310     0.00299     
BabelStream
Version: 5.0
Implementation: CUDA
Running  Classic kernels 100 times in  Classic order 
Number of elements: 268435456
Precision: double
Array size: 2147.5 MB
Total size: 6442.5 MB
CUDA Driver: 13030
CUDA Device 0: "NVIDIA B300 SXM6 AC" 148 SMs(10,3) Memory: 3996 MHz x 7680-bit = 7672.320000 GB/s PEAK, ECC is ON
Memory Allocation: DEFAULT
Parallel for kernel config: thread blocks of size 256
Reduction kernel config: 592 groups of (fixed) size 1024
Function    MB/s        Min (sec)   Max         Average     
Copy        5859420.978 0.00073     0.00310     0.00168     
Mul         5670238.213 0.00076     0.00312     0.00169     
Add         6501064.542 0.00099     0.00335     0.00196     
Triad       6540399.974 0.00099     0.00335     0.00194     
Dot         6409442.316 0.00067     0.00304     0.00166     
BabelStream
Version: 5.0
Implementation: CUDA
Running  Classic kernels 100 times in  Classic order 
Number of elements: 268435456
Precision: double
Array size: 2147.5 MB
Total size: 6442.5 MB
CUDA Driver: 13030
CUDA Device 0: "NVIDIA B300 SXM6 AC" 148 SMs(10,3) Memory: 3996 MHz x 7680-bit = 7672.320000 GB/s PEAK, ECC is ON
Memory Allocation: DEFAULT
Parallel for kernel config: thread blocks of size 256
Reduction kernel config: 592 groups of (fixed) size 1024
Function    MB/s        Min (sec)   Max         Average     
Copy        5855219.291 0.00073     0.00311     0.00216     
Mul         5666953.816 0.00076     0.00312     0.00220     
Add         6504635.257 0.00099     0.00336     0.00243     
Triad       6522653.491 0.00099     0.00336     0.00247     
Dot         6396422.289 0.00067     0.00305     0.00214     
BabelStream
Version: 5.0
Implementation: CUDA
Running  Classic kernels 100 times in  Classic order 
Number of elements: 268435456
Precision: double
Array size: 2147.5 MB
Total size: 6442.5 MB
CUDA Driver: 13030
CUDA Device 0: "NVIDIA B300 SXM6 AC" 148 SMs(10,3) Memory: 3996 MHz x 7680-bit = 7672.320000 GB/s PEAK, ECC is ON
Memory Allocation: DEFAULT
Parallel for kernel config: thread blocks of size 256
Reduction kernel config: 592 groups of (fixed) size 1024
Function    MB/s        Min (sec)   Max         Average     
Copy        5842213.197 0.00074     0.00313     0.00295     
Mul         5666273.471 0.00076     0.00315     0.00295     
Add         6491297.961 0.00099     0.00339     0.00319     
Triad       6490526.272 0.00099     0.00338     0.00319     
Dot         6350758.690 0.00068     0.00306     0.00290     
BabelStream
Version: 5.0
Implementation: CUDA
Running  Classic kernels 100 times in  Classic order 
Number of elements: 268435456
Precision: double
Array size: 2147.5 MB
Total size: 6442.5 MB
CUDA Driver: 13030
CUDA Device 0: "NVIDIA B300 SXM6 AC" 148 SMs(10,3) Memory: 3996 MHz x 7680-bit = 7672.320000 GB/s PEAK, ECC is ON
Memory Allocation: DEFAULT
Parallel for kernel config: thread blocks of size 256
Reduction kernel config: 592 groups of (fixed) size 1024
Function    MB/s        Min (sec)   Max         Average     
Copy        5823155.450 0.00074     0.00314     0.00299     
Mul         5645478.714 0.00076     0.00316     0.00301     
Add         6452348.847 0.00100     0.00339     0.00324     
Triad       6472535.288 0.00100     0.00340     0.00324     
Dot         6281414.325 0.00068     0.00309     0.00296     
BabelStream
Version: 5.0
Implementation: CUDA
Running  Classic kernels 100 times in  Classic order 
Number of elements: 268435456
Precision: double
Array size: 2147.5 MB
Total size: 6442.5 MB
CUDA Driver: 13030
CUDA Device 0: "NVIDIA B300 SXM6 AC" 148 SMs(10,3) Memory: 3996 MHz x 7680-bit = 7672.320000 GB/s PEAK, ECC is ON
Memory Allocation: DEFAULT
Parallel for kernel config: thread blocks of size 256
Reduction kernel config: 592 groups of (fixed) size 1024
Function    MB/s        Min (sec)   Max         Average     
Copy        5803892.213 0.00074     0.00313     0.00308     
Mul         5613228.364 0.00077     0.00315     0.00310     
Add         6430458.140 0.00100     0.00339     0.00334     
Triad       6450546.380 0.00100     0.00338     0.00333     
Dot         6234972.869 0.00069     0.00308     0.00303     
BabelStream
Version: 5.0
Implementation: CUDA
Running  Classic kernels 100 times in  Classic order 
Number of elements: 268435456
Precision: double
Array size: 2147.5 MB
Total size: 6442.5 MB
CUDA Driver: 13030
CUDA Device 0: "NVIDIA B300 SXM6 AC" 148 SMs(10,3) Memory: 3996 MHz x 7680-bit = 7672.320000 GB/s PEAK, ECC is ON
Memory Allocation: DEFAULT
Parallel for kernel config: thread blocks of size 256
Reduction kernel config: 592 groups of (fixed) size 1024
Function    MB/s        Min (sec)   Max         Average     
Copy        5835053.923 0.00074     0.00313     0.00298     
Mul         5651808.192 0.00076     0.00315     0.00300     
Add         6454695.501 0.00100     0.00339     0.00326     
Triad       6475560.485 0.00099     0.00339     0.00326     
Dot         6309892.718 0.00068     0.00307     0.00294     
BabelStream
Version: 5.0
Implementation: CUDA
Running  Classic kernels 100 times in  Classic order 
Number of elements: 268435456
Precision: double
Array size: 2147.5 MB
Total size: 6442.5 MB
CUDA Driver: 13030
CUDA Device 0: "NVIDIA B300 SXM6 AC" 148 SMs(10,3) Memory: 3996 MHz x 7680-bit = 7672.320000 GB/s PEAK, ECC is ON
Memory Allocation: DEFAULT
Parallel for kernel config: thread blocks of size 256
Reduction kernel config: 592 groups of (fixed) size 1024
Function    MB/s        Min (sec)   Max         Average     
Copy        5798399.516 0.00074     0.00314     0.00298     
Mul         5625978.064 0.00076     0.00316     0.00301     
Add         6439083.303 0.00100     0.00340     0.00324     
Triad       6454527.365 0.00100     0.00339     0.00327     
Dot         6273047.302 0.00068     0.00308     0.00295     
BabelStream
Version: 5.0
Implementation: CUDA
Running  Classic kernels 100 times in  Classic order 
Number of elements: 268435456
Precision: double
Array size: 2147.5 MB
Total size: 6442.5 MB
CUDA Driver: 13030
CUDA Device 0: "NVIDIA B300 SXM6 AC" 148 SMs(10,3) Memory: 3996 MHz x 7680-bit = 7672.320000 GB/s PEAK, ECC is ON
Memory Allocation: DEFAULT
Parallel for kernel config: thread blocks of size 256
Reduction kernel config: 592 groups of (fixed) size 1024
Function    MB/s        Min (sec)   Max         Average     
Copy        5859564.869 0.00073     0.00314     0.00208     
Mul         5669691.796 0.00076     0.00316     0.00211     
Add         6501248.233 0.00099     0.00339     0.00233     
Triad       6542824.413 0.00098     0.00339     0.00234     
Dot         6402648.877 0.00067     0.00308     0.00201     
